{"logTime": "0626/004341", "correlationVector":"VslDvZ7R94MTOHRErgFEqz.1","action":"SyncServerConnectionManagerRequest", "result":"SYNC_SERVER_OK", "context":{"environment":"Prod_southeastasia_prod-s01-064-apac-southeastasia", "migrationStage":"NotStarted", "server":"akswtt001000040"}}
{"logTime": "0626/004341", "correlationVector":"VslDvZ7R94MTOHRErgFEqz.2","action":"ProcessGetUpdates", "result":"Done", "context":{"dataType":"Encryption Keys", "deleted":"0", "process_failed_to_decrypt":"0", "process_pending_decryption":"0", "process_success":"1", "total":"1"}}
{"logTime": "0626/004343", "correlationVector":"lkYgSJgYOuczPp1k8VZVe8","action":"SyncServerConnectionManagerRequest", "result":"SYNC_SERVER_OK", "context":{"environment":"", "migrationStage":"", "server":""}}
{"logTime": "0626/004343", "correlationVector":"lkYgSJgYOuczPp1k8VZVe8.0","action":"EncryptionKeysFetcher.DownloadKeys:", "result":"Success", "context":Key count: 10, Last key timestamp: 2026-01-28T09:53:10Z}
{"logTime": "0626/004343", "correlationVector":"lkYgSJgYOuczPp1k8VZVe8.1","action":"EncryptionKeysManager::SetEncryptionKeys:", "result":"Success", "context":Key names[10]:[oIx26glY46OXnIcthEtQSnnL8TmMg93Agx+byy/Bxdw0/Dt1l6aMvc9WGLO6pK9XcKVO4Lh8GRgZKSwuTSaniA==][9dyCUGxJORQtJdpIFVqccvDNgYnfdKWcbegYCnQY1lP7wBij+YWFYhFKkg2chQ4EOT6ZyM9LmsvPbNnVCz0XBg==][icDLaX2B0/qEJN8UhNzFkyRYgtQtI1PK/YldDhP0ZdkpUJ1akp/aPxjysZ8SDnuNAKu/fvf/6y2pe/Bqny+oSw==][CqeajTsFD7S+hjfYB7vE0SVjhUsqTVmFeiRNNVoVJo+L4R/RgU5sRtMtUoA0hRaIu/S1tHH+Na8Fy77NRgGtjQ==][EcygP1zPdQGjc1e51BnY71LegL8asT8jj6t17iW0iwRT0cdDzk+ZTXLVW5tz/lL2s1VVDQ07PKLNPGMOKaPKZg==][4nwJqIXgGBBxOD00BSkTIEliKoXPS1q0vz7J6q634ZAq85r9dmqz66UMBdQv2suYEvJuVOwTUk+4rlHjfFJgig==][autMxNsxuQvS7O228FD4Rek8rOsIzGk9WbOX1rr0ULy395TCMPUtMpanpoc3GSFR0UrWzKXd7O13p2Y+p3uZ5g==][Bw0qPvbJWnZqnhy4IbFe+M9lTzWRXkjWBqyUQWU8Uw3Tqo4ndk4wNt15Tl8xzAH1NJ/CGwWdWZ/kfZFWjqy1ZA==][zNL7Hv60DN7Ny7NclqenFBYZp98239kEfuKZAVh7C6I7z7+AdX5VVgn2ebZNqzIyX+k3CxWE8QrTV+E6FcBJyw==][hxYTenxiYKJej/kOFEfpWN6SzGqqfov27wsj7bzHFbuEj1Mo7zFbvSHr5G2ykNEgmKs18qh6Ecu6KT9/OsG06g==]}
{"logTime": "0626/004343", "correlationVector":"lkYgSJgYOuczPp1k8VZVe8.2","action":"EncryptionKeysManager::SetEncryptionKeysWithTimestamps:", "result":"Success", "context":Key timestamps[10]:[2022-01-28T12:12:41Z][2022-08-28T07:45:01Z][2023-02-24T13:21:40Z][2023-09-09T12:36:42Z][2024-03-08T00:24:16Z][2024-09-04T00:46:39Z][2024-10-24T09:16:15Z][2025-04-22T10:06:28Z][2025-10-20T00:27:36Z][2026-01-28T09:53:10Z]}
{"logTime": "0626/004343", "correlationVector":"VslDvZ7R94MTOHRErgFEqz","action":"Initial GetUpdates", "result":"", "context":Reason: NEW_CLIENT. cV=VslDvZ7R94MTOHRErgFEqz}
{"logTime": "0626/004343", "correlationVector":"VslDvZ7R94MTOHRErgFEqz.3","action":"GetUpdates Response", "result":"Success", "context":Received 1 update(s). cV=VslDvZ7R94MTOHRErgFEqz.0;server=akswtt001000040;cloudType=Consumer;environment=Prod_southeastasia_prod-s01-064-apac-southeastasia;migrationStage=NotStarted}
{"logTime": "0626/004344", "correlationVector":"kM+tc0eHAZyCm2B/WP7fIn","action":"Initial GetUpdates", "result":"", "context":Reason: NEWLY_SUPPORTED_DATATYPE. cV=kM+tc0eHAZyCm2B/WP7fIn}
{"logTime": "0626/004345", "correlationVector":"kM+tc0eHAZyCm2B/WP7fIn.1","action":"SyncServerConnectionManagerRequest", "result":"SYNC_SERVER_OK", "context":{"environment":"Prod_southeastasia_prod-s01-064-apac-southeastasia", "migrationStage":"NotStarted", "server":"akswtt001000044"}}
{"logTime": "0626/004345", "correlationVector":"kM+tc0eHAZyCm2B/WP7fIn.2","action":"ProcessGetUpdates", "result":"Done", "context":{"dataType":"Preferences", "deleted":"5", "process_failed_to_decrypt":"0", "process_pending_decryption":"0", "process_success":"139", "total":"139"}}
{"logTime": "0626/004345", "correlationVector":"kM+tc0eHAZyCm2B/WP7fIn.3","action":"ProcessGetUpdates", "result":"Done", "context":{"dataType":"Passwords", "deleted":"3", "process_failed_to_decrypt":"0", "process_pending_decryption":"0", "process_success":"88", "total":"88"}}
{"logTime": "0626/004345", "correlationVector":"kM+tc0eHAZyCm2B/WP7fIn.4","action":"ProcessGetUpdates", "result":"Done", "context":{"dataType":"Device Info", "deleted":"0", "process_failed_to_decrypt":"0", "process_pending_decryption":"0", "process_success":"23", "total":"23"}}
{"logTime": "0626/004345", "correlationVector":"kM+tc0eHAZyCm2B/WP7fIn.5","action":"GetUpdates Response", "result":"Success", "context":Received 250 update(s). cV=kM+tc0eHAZyCm2B/WP7fIn.0;server=akswtt001000044;cloudType=Consumer;environment=Prod_southeastasia_prod-s01-064-apac-southeastasia;migrationStage=NotStarted Some updates remain.}
{"logTime": "0626/004345", "correlationVector":"yf17WUmoojhriIGKW0f03z","action":"Initial GetUpdates", "result":"", "context":Reason: NEWLY_SUPPORTED_DATATYPE. cV=yf17WUmoojhriIGKW0f03z}
{"logTime": "0626/004345", "correlationVector":"yf17WUmoojhriIGKW0f03z.1","action":"SyncServerConnectionManagerRequest", "result":"SYNC_SERVER_OK", "context":{"environment":"Prod_southeastasia_prod-s01-064-apac-southeastasia", "migrationStage":"NotStarted", "server":"akswtt00100002n"}}
{"logTime": "0626/004345", "correlationVector":"yf17WUmoojhriIGKW0f03z.2","action":"ProcessGetUpdates", "result":"Done", "context":{"dataType":"Preferences", "deleted":"0", "process_failed_to_decrypt":"0", "process_pending_decryption":"0", "process_success":"1", "total":"1"}}
{"logTime": "0626/004345", "correlationVector":"yf17WUmoojhriIGKW0f03z.3","action":"ProcessGetUpdates", "result":"Done", "context":{"dataType":"Passwords", "deleted":"0", "process_failed_to_decrypt":"0", "process_pending_decryption":"0", "process_success":"248", "total":"248"}}
{"logTime": "0626/004345", "correlationVector":"yf17WUmoojhriIGKW0f03z.4","action":"ProcessGetUpdates", "result":"Done", "context":{"dataType":"Device Info", "deleted":"0", "process_failed_to_decrypt":"0", "process_pending_decryption":"0", "process_success":"1", "total":"1"}}
{"logTime": "0626/004345", "correlationVector":"yf17WUmoojhriIGKW0f03z.5","action":"GetUpdates Response", "result":"Success", "context":Received 250 update(s). cV=yf17WUmoojhriIGKW0f03z.0;server=akswtt00100002n;cloudType=Consumer;environment=Prod_southeastasia_prod-s01-064-apac-southeastasia;migrationStage=NotStarted Some updates remain.}
{"logTime": "0626/004345", "correlationVector":"Wv9D816p+7KF+RkBpcAXMZ","action":"Initial GetUpdates", "result":"", "context":Reason: NEWLY_SUPPORTED_DATATYPE. cV=Wv9D816p+7KF+RkBpcAXMZ}
{"logTime": "0626/004345", "correlationVector":"Wv9D816p+7KF+RkBpcAXMZ.1","action":"SyncServerConnectionManagerRequest", "result":"SYNC_SERVER_OK", "context":{"environment":"Prod_southeastasia_prod-s01-064-apac-southeastasia", "migrationStage":"NotStarted", "server":"akswtt001000047"}}
{"logTime": "0626/004345", "correlationVector":"Wv9D816p+7KF+RkBpcAXMZ.2","action":"ProcessGetUpdates", "result":"Done", "context":{"dataType":"Passwords", "deleted":"0", "process_failed_to_decrypt":"0", "process_pending_decryption":"0", "process_success":"21", "total":"21"}}
{"logTime": "0626/004345", "correlationVector":"Wv9D816p+7KF+RkBpcAXMZ.3","action":"GetUpdates Response", "result":"Success", "context":Received 21 update(s). cV=Wv9D816p+7KF+RkBpcAXMZ.0;server=akswtt001000047;cloudType=Consumer;environment=Prod_southeastasia_prod-s01-064-apac-southeastasia;migrationStage=NotStarted}
{"logTime": "0626/004346", "correlationVector":"YLXbeBXOJSrYXfShP7yBYO","action":"Initial GetUpdates", "result":"", "context":Reason: NEWLY_SUPPORTED_DATATYPE. cV=YLXbeBXOJSrYXfShP7yBYO}
{"logTime": "0626/004346", "correlationVector":"YLXbeBXOJSrYXfShP7yBYO.1","action":"SyncServerConnectionManagerRequest", "result":"SYNC_SERVER_OK", "context":{"environment":"Prod_southeastasia_prod-s01-064-apac-southeastasia", "migrationStage":"NotStarted", "server":"akswtt00100003f"}}
{"logTime": "0626/004346", "correlationVector":"YLXbeBXOJSrYXfShP7yBYO.2","action":"ProcessGetUpdates", "result":"Done", "context":{"dataType":"Bookmarks", "deleted":"0", "process_failed_to_decrypt":"0", "process_pending_decryption":"0", "process_success":"250", "total":"250"}}
{"logTime": "0626/004346", "correlationVector":"YLXbeBXOJSrYXfShP7yBYO.3","action":"GetUpdates Response", "result":"Success", "context":Received 250 update(s). cV=YLXbeBXOJSrYXfShP7yBYO.0;server=akswtt00100003f;cloudType=Consumer;environment=Prod_southeastasia_prod-s01-064-apac-southeastasia;migrationStage=NotStarted Some updates remain.}
{"logTime": "0626/004346", "correlationVector":"dNc5bekiOa6c9yZiSJsCwH","action":"Initial GetUpdates", "result":"", "context":Reason: NEWLY_SUPPORTED_DATATYPE. cV=dNc5bekiOa6c9yZiSJsCwH}
{"logTime": "0626/004347", "correlationVector":"dNc5bekiOa6c9yZiSJsCwH.1","action":"SyncServerConnectionManagerRequest", "result":"SYNC_SERVER_OK", "context":{"environment":"Prod_southeastasia_prod-s01-064-apac-southeastasia", "migrationStage":"NotStarted", "server":"akswtt00100002m"}}
{"logTime": "0626/004347", "correlationVector":"dNc5bekiOa6c9yZiSJsCwH.2","action":"ProcessGetUpdates", "result":"Done", "context":{"dataType":"Bookmarks", "deleted":"3", "process_failed_to_decrypt":"0", "process_pending_decryption":"0", "process_success":"250", "total":"250"}}
{"logTime": "0626/004347", "correlationVector":"dNc5bekiOa6c9yZiSJsCwH.3","action":"GetUpdates Response", "result":"Success", "context":Received 250 update(s). cV=dNc5bekiOa6c9yZiSJsCwH.0;server=akswtt00100002m;cloudType=Consumer;environment=Prod_southeastasia_prod-s01-064-apac-southeastasia;migrationStage=NotStarted Some updates remain.}
{"logTime": "0626/004347", "correlationVector":"61mxtFbzVQ+jnASmCOTEVx","action":"Initial GetUpdates", "result":"", "context":Reason: NEWLY_SUPPORTED_DATATYPE. cV=61mxtFbzVQ+jnASmCOTEVx}
{"logTime": "0626/004347", "correlationVector":"61mxtFbzVQ+jnASmCOTEVx.1","action":"SyncServerConnectionManagerRequest", "result":"SYNC_SERVER_OK", "context":{"environment":"Prod_southeastasia_prod-s01-064-apac-southeastasia", "migrationStage":"NotStarted", "server":"akswtt00100004m"}}
{"logTime": "0626/004347", "correlationVector":"61mxtFbzVQ+jnASmCOTEVx.2","action":"ProcessGetUpdates", "result":"Done", "context":{"dataType":"Bookmarks", "deleted":"10", "process_failed_to_decrypt":"0", "process_pending_decryption":"0", "process_success":"109", "total":"109"}}
{"logTime": "0626/004347", "correlationVector":"61mxtFbzVQ+jnASmCOTEVx.3","action":"GetUpdates Response", "result":"Success", "context":Received 109 update(s). cV=61mxtFbzVQ+jnASmCOTEVx.0;server=akswtt00100004m;cloudType=Consumer;environment=Prod_southeastasia_prod-s01-064-apac-southeastasia;migrationStage=NotStarted}
{"logTime": "0626/004348", "correlationVector":"zSwrZwU2SGzm55xd+I/XRV","action":"Initial GetUpdates", "result":"", "context":Reason: NEWLY_SUPPORTED_DATATYPE. cV=zSwrZwU2SGzm55xd+I/XRV}
{"logTime": "0626/004348", "correlationVector":"zSwrZwU2SGzm55xd+I/XRV.1","action":"SyncServerConnectionManagerRequest", "result":"SYNC_SERVER_OK", "context":{"environment":"Prod_southeastasia_prod-s01-064-apac-southeastasia", "migrationStage":"NotStarted", "server":"akswtt001000040"}}
{"logTime": "0626/004348", "correlationVector":"zSwrZwU2SGzm55xd+I/XRV.2","action":"ProcessGetUpdates", "result":"Done", "context":{"dataType":"Autofill Profiles", "deleted":"0", "process_failed_to_decrypt":"0", "process_pending_decryption":"0", "process_success":"1", "total":"1"}}
{"logTime": "0626/004348", "correlationVector":"zSwrZwU2SGzm55xd+I/XRV.3","action":"ProcessGetUpdates", "result":"Done", "context":{"dataType":"Autofill", "deleted":"0", "process_failed_to_decrypt":"0", "process_pending_decryption":"0", "process_success":"5", "total":"5"}}
{"logTime": "0626/004348", "correlationVector":"zSwrZwU2SGzm55xd+I/XRV.4","action":"ProcessGetUpdates", "result":"Done", "context":{"dataType":"Extensions", "deleted":"0", "process_failed_to_decrypt":"0", "process_pending_decryption":"0", "process_success":"1", "total":"1"}}
{"logTime": "0626/004348", "correlationVector":"zSwrZwU2SGzm55xd+I/XRV.5","action":"ProcessGetUpdates", "result":"Done", "context":{"dataType":"Sessions", "deleted":"238", "process_failed_to_decrypt":"0", "process_pending_decryption":"0", "process_success":"238", "total":"238"}}
{"logTime": "0626/004348", "correlationVector":"zSwrZwU2SGzm55xd+I/XRV.6","action":"ProcessGetUpdates", "result":"Done", "context":{"dataType":"Saved Tab Group", "deleted":"2", "process_failed_to_decrypt":"0", "process_pending_decryption":"0", "process_success":"4", "total":"4"}}
{"logTime": "0626/004348", "correlationVector":"zSwrZwU2SGzm55xd+I/XRV.7","action":"ProcessGetUpdates", "result":"Done", "context":{"dataType":"Edge Hub App Usage", "deleted":"0", "process_failed_to_decrypt":"0", "process_pending_decryption":"0", "process_success":"1", "total":"1"}}
{"logTime": "0626/004348", "correlationVector":"zSwrZwU2SGzm55xd+I/XRV.8","action":"GetUpdates Response", "result":"Success", "context":Received 250 update(s). cV=zSwrZwU2SGzm55xd+I/XRV.0;server=akswtt001000040;cloudType=Consumer;environment=Prod_southeastasia_prod-s01-064-apac-southeastasia;migrationStage=NotStarted Some updates remain.}
{"logTime": "0626/004348", "correlationVector":"pZReGRHg6s5x6ZLE2+MVSA","action":"Initial GetUpdates", "result":"", "context":Reason: NEWLY_SUPPORTED_DATATYPE. cV=pZReGRHg6s5x6ZLE2+MVSA}
{"logTime": "0626/004349", "correlationVector":"pZReGRHg6s5x6ZLE2+MVSA.1","action":"SyncServerConnectionManagerRequest", "result":"SYNC_SERVER_OK", "context":{"environment":"Prod_southeastasia_prod-s01-064-apac-southeastasia", "migrationStage":"NotStarted", "server":"akswtt00100003i"}}
{"logTime": "0626/004349", "correlationVector":"pZReGRHg6s5x6ZLE2+MVSA.2","action":"ProcessGetUpdates", "result":"Done", "context":{"dataType":"Sessions", "deleted":"249", "process_failed_to_decrypt":"0", "process_pending_decryption":"0", "process_success":"249", "total":"249"}}
{"logTime": "0626/004349", "correlationVector":"pZReGRHg6s5x6ZLE2+MVSA.3","action":"ProcessGetUpdates", "result":"Done", "context":{"dataType":"Edge Hub App Usage", "deleted":"1", "process_failed_to_decrypt":"0", "process_pending_decryption":"0", "process_success":"1", "total":"1"}}
{"logTime": "0626/004349", "correlationVector":"pZReGRHg6s5x6ZLE2+MVSA.4","action":"GetUpdates Response", "result":"Success", "context":Received 250 update(s). cV=pZReGRHg6s5x6ZLE2+MVSA.0;server=akswtt00100003i;cloudType=Consumer;environment=Prod_southeastasia_prod-s01-064-apac-southeastasia;migrationStage=NotStarted Some updates remain.}
{"logTime": "0626/004349", "correlationVector":"coyrtrDOfsuc7ei8xn7quU","action":"Initial GetUpdates", "result":"", "context":Reason: NEWLY_SUPPORTED_DATATYPE. cV=coyrtrDOfsuc7ei8xn7quU}
{"logTime": "0626/004350", "correlationVector":"coyrtrDOfsuc7ei8xn7quU.1","action":"SyncServerConnectionManagerRequest", "result":"SYNC_SERVER_OK", "context":{"environment":"Prod_southeastasia_prod-s01-064-apac-southeastasia", "migrationStage":"NotStarted", "server":"akswtt00100004l"}}
{"logTime": "0626/004350", "correlationVector":"coyrtrDOfsuc7ei8xn7quU.2","action":"ProcessGetUpdates", "result":"Done", "context":{"dataType":"Sessions", "deleted":"250", "process_failed_to_decrypt":"0", "process_pending_decryption":"0", "process_success":"250", "total":"250"}}
{"logTime": "0626/004350", "correlationVector":"coyrtrDOfsuc7ei8xn7quU.3","action":"GetUpdates Response", "result":"Success", "context":Received 250 update(s). cV=coyrtrDOfsuc7ei8xn7quU.0;server=akswtt00100004l;cloudType=Consumer;environment=Prod_southeastasia_prod-s01-064-apac-southeastasia;migrationStage=NotStarted Some updates remain.}
{"logTime": "0626/004350", "correlationVector":"xh9Tm7jq+LxU/5R755J4vV","action":"Initial GetUpdates", "result":"", "context":Reason: NEWLY_SUPPORTED_DATATYPE. cV=xh9Tm7jq+LxU/5R755J4vV}
{"logTime": "0626/004350", "correlationVector":"xh9Tm7jq+LxU/5R755J4vV.1","action":"SyncServerConnectionManagerRequest", "result":"SYNC_SERVER_OK", "context":{"environment":"Prod_southeastasia_prod-s01-065-apac-southeastasia", "migrationStage":"NotStarted", "server":"akswtt00100004r"}}
{"logTime": "0626/004350", "correlationVector":"xh9Tm7jq+LxU/5R755J4vV.2","action":"ProcessGetUpdates", "result":"Done", "context":{"dataType":"Sessions", "deleted":"250", "process_failed_to_decrypt":"0", "process_pending_decryption":"0", "process_success":"250", "total":"250"}}
{"logTime": "0626/004350", "correlationVector":"xh9Tm7jq+LxU/5R755J4vV.3","action":"GetUpdates Response", "result":"Success", "context":Received 250 update(s). cV=xh9Tm7jq+LxU/5R755J4vV.0;server=akswtt00100004r;cloudType=Consumer;environment=Prod_southeastasia_prod-s01-065-apac-southeastasia;migrationStage=NotStarted Some updates remain.}
{"logTime": "0626/004350", "correlationVector":"HJ/0SJUJlrB9usuXFsVkKI","action":"Initial GetUpdates", "result":"", "context":Reason: NEWLY_SUPPORTED_DATATYPE. cV=HJ/0SJUJlrB9usuXFsVkKI}
{"logTime": "0626/004351", "correlationVector":"HJ/0SJUJlrB9usuXFsVkKI.1","action":"SyncServerConnectionManagerRequest", "result":"SYNC_SERVER_OK", "context":{"environment":"Prod_southeastasia_prod-s01-065-apac-southeastasia", "migrationStage":"NotStarted", "server":"akswtt00100002b"}}
{"logTime": "0626/004351", "correlationVector":"HJ/0SJUJlrB9usuXFsVkKI.2","action":"ProcessGetUpdates", "result":"Done", "context":{"dataType":"Sessions", "deleted":"250", "process_failed_to_decrypt":"0", "process_pending_decryption":"0", "process_success":"250", "total":"250"}}
{"logTime": "0626/004351", "correlationVector":"HJ/0SJUJlrB9usuXFsVkKI.3","action":"GetUpdates Response", "result":"Success", "context":Received 250 update(s). cV=HJ/0SJUJlrB9usuXFsVkKI.0;server=akswtt00100002b;cloudType=Consumer;environment=Prod_southeastasia_prod-s01-065-apac-southeastasia;migrationStage=NotStarted Some updates remain.}
{"logTime": "0626/004351", "correlationVector":"OuJV0tuQh+P6hHv1CqJs5W","action":"Initial GetUpdates", "result":"", "context":Reason: NEWLY_SUPPORTED_DATATYPE. cV=OuJV0tuQh+P6hHv1CqJs5W}
{"logTime": "0626/004351", "correlationVector":"OuJV0tuQh+P6hHv1CqJs5W.1","action":"SyncServerConnectionManagerRequest", "result":"SYNC_SERVER_OK", "context":{"environment":"Prod_southeastasia_prod-s01-065-apac-southeastasia", "migrationStage":"NotStarted", "server":"akswtt00100003z"}}
{"logTime": "0626/004351", "correlationVector":"OuJV0tuQh+P6hHv1CqJs5W.2","action":"ProcessGetUpdates", "result":"Done", "context":{"dataType":"Sessions", "deleted":"248", "process_failed_to_decrypt":"0", "process_pending_decryption":"0", "process_success":"248", "total":"248"}}
{"logTime": "0626/004351", "correlationVector":"OuJV0tuQh+P6hHv1CqJs5W.3","action":"ProcessGetUpdates", "result":"Done", "context":{"dataType":"Edge Hub App Usage", "deleted":"1", "process_failed_to_decrypt":"0", "process_pending_decryption":"0", "process_success":"2", "total":"2"}}
{"logTime": "0626/004351", "correlationVector":"OuJV0tuQh+P6hHv1CqJs5W.4","action":"GetUpdates Response", "result":"Success", "context":Received 250 update(s). cV=OuJV0tuQh+P6hHv1CqJs5W.0;server=akswtt00100003z;cloudType=Consumer;environment=Prod_southeastasia_prod-s01-065-apac-southeastasia;migrationStage=NotStarted Some updates remain.}
{"logTime": "0626/004351", "correlationVector":"OQ5RKHsKEULtQia026RU73","action":"Initial GetUpdates", "result":"", "context":Reason: NEWLY_SUPPORTED_DATATYPE. cV=OQ5RKHsKEULtQia026RU73}
{"logTime": "0626/004352", "correlationVector":"OQ5RKHsKEULtQia026RU73.1","action":"SyncServerConnectionManagerRequest", "result":"SYNC_SERVER_OK", "context":{"environment":"Prod_southeastasia_prod-s01-065-apac-southeastasia", "migrationStage":"NotStarted", "server":"akswtt00100002b"}}
{"logTime": "0626/004352", "correlationVector":"OQ5RKHsKEULtQia026RU73.2","action":"ProcessGetUpdates", "result":"Done", "context":{"dataType":"Sessions", "deleted":"250", "process_failed_to_decrypt":"0", "process_pending_decryption":"0", "process_success":"250", "total":"250"}}
{"logTime": "0626/004352", "correlationVector":"OQ5RKHsKEULtQia026RU73.3","action":"GetUpdates Response", "result":"Success", "context":Received 250 update(s). cV=OQ5RKHsKEULtQia026RU73.0;server=akswtt00100002b;cloudType=Consumer;environment=Prod_southeastasia_prod-s01-065-apac-southeastasia;migrationStage=NotStarted Some updates remain.}
{"logTime": "0626/004352", "correlationVector":"4vYznDRzTalrOyjlcXPQtE","action":"Initial GetUpdates", "result":"", "context":Reason: NEWLY_SUPPORTED_DATATYPE. cV=4vYznDRzTalrOyjlcXPQtE}
{"logTime": "0626/004352", "correlationVector":"4vYznDRzTalrOyjlcXPQtE.1","action":"SyncServerConnectionManagerRequest", "result":"SYNC_SERVER_OK", "context":{"environment":"Prod_southeastasia_prod-s01-065-apac-southeastasia", "migrationStage":"NotStarted", "server":"akswtt00100002s"}}
{"logTime": "0626/004352", "correlationVector":"4vYznDRzTalrOyjlcXPQtE.2","action":"ProcessGetUpdates", "result":"Done", "context":{"dataType":"Sessions", "deleted":"218", "process_failed_to_decrypt":"0", "process_pending_decryption":"0", "process_success":"230", "total":"230"}}
{"logTime": "0626/004352", "correlationVector":"4vYznDRzTalrOyjlcXPQtE.3","action":"ProcessGetUpdates", "result":"Done", "context":{"dataType":"Saved Tab Group", "deleted":"0", "process_failed_to_decrypt":"0", "process_pending_decryption":"0", "process_success":"2", "total":"2"}}
{"logTime": "0626/004352", "correlationVector":"4vYznDRzTalrOyjlcXPQtE.4","action":"ProcessGetUpdates", "result":"Done", "context":{"dataType":"Edge Hub App Usage", "deleted":"0", "process_failed_to_decrypt":"0", "process_pending_decryption":"0", "process_success":"2", "total":"2"}}
{"logTime": "0626/004352", "correlationVector":"4vYznDRzTalrOyjlcXPQtE.5","action":"GetUpdates Response", "result":"Success", "context":Received 234 update(s). cV=4vYznDRzTalrOyjlcXPQtE.0;server=akswtt00100002s;cloudType=Consumer;environment=Prod_southeastasia_prod-s01-065-apac-southeastasia;migrationStage=NotStarted}
{"logTime": "0626/004353", "correlationVector":"t5IOkOc/zoCGjVX6OZU8gl","action":"Initial GetUpdates", "result":"", "context":Reason: NEWLY_SUPPORTED_DATATYPE. cV=t5IOkOc/zoCGjVX6OZU8gl}
{"logTime": "0626/004353", "correlationVector":"t5IOkOc/zoCGjVX6OZU8gl.1","action":"SyncServerConnectionManagerRequest", "result":"SYNC_SERVER_OK", "context":{"environment":"Prod_southeastasia_prod-s01-065-apac-southeastasia", "migrationStage":"NotStarted", "server":"akswtt00100002m"}}
{"logTime": "0626/004353", "correlationVector":"t5IOkOc/zoCGjVX6OZU8gl.2","action":"ProcessGetUpdates", "result":"Done", "context":{"dataType":"History", "deleted":"0", "process_failed_to_decrypt":"0", "process_pending_decryption":"0", "process_success":"250", "total":"250"}}
{"logTime": "0626/004353", "correlationVector":"t5IOkOc/zoCGjVX6OZU8gl.3","action":"GetUpdates Response", "result":"Success", "context":Received 250 update(s). cV=t5IOkOc/zoCGjVX6OZU8gl.0;server=akswtt00100002m;cloudType=Consumer;environment=Prod_southeastasia_prod-s01-065-apac-southeastasia;migrationStage=NotStarted Some updates remain.}
{"logTime": "0626/004353", "correlationVector":"wLGZ3ip6gqfH3gcVDadTpf","action":"Initial GetUpdates", "result":"", "context":Reason: NEWLY_SUPPORTED_DATATYPE. cV=wLGZ3ip6gqfH3gcVDadTpf}
{"logTime": "0626/004354", "correlationVector":"wLGZ3ip6gqfH3gcVDadTpf.1","action":"SyncServerConnectionManagerRequest", "result":"SYNC_SERVER_OK", "context":{"environment":"Prod_southeastasia_prod-s01-065-apac-southeastasia", "migrationStage":"NotStarted", "server":"akswtt001000049"}}
{"logTime": "0626/004354", "correlationVector":"wLGZ3ip6gqfH3gcVDadTpf.2","action":"ProcessGetUpdates", "result":"Done", "context":{"dataType":"History", "deleted":"0", "process_failed_to_decrypt":"0", "process_pending_decryption":"0", "process_success":"250", "total":"250"}}
{"logTime": "0626/004354", "correlationVector":"wLGZ3ip6gqfH3gcVDadTpf.3","action":"GetUpdates Response", "result":"Success", "context":Received 250 update(s). cV=wLGZ3ip6gqfH3gcVDadTpf.0;server=akswtt001000049;cloudType=Consumer;environment=Prod_southeastasia_prod-s01-065-apac-southeastasia;migrationStage=NotStarted Some updates remain.}
{"logTime": "0626/004354", "correlationVector":"TpdtXu0gDkKJ6BZ6o1TydB","action":"Initial GetUpdates", "result":"", "context":Reason: NEWLY_SUPPORTED_DATATYPE. cV=TpdtXu0gDkKJ6BZ6o1TydB}
{"logTime": "0626/004354", "correlationVector":"TpdtXu0gDkKJ6BZ6o1TydB.1","action":"SyncServerConnectionManagerRequest", "result":"SYNC_SERVER_OK", "context":{"environment":"Prod_southeastasia_prod-s01-065-apac-southeastasia", "migrationStage":"NotStarted", "server":"akswtt001000036"}}
{"logTime": "0626/004354", "correlationVector":"TpdtXu0gDkKJ6BZ6o1TydB.2","action":"ProcessGetUpdates", "result":"Done", "context":{"dataType":"History", "deleted":"0", "process_failed_to_decrypt":"0", "process_pending_decryption":"0", "process_success":"250", "total":"250"}}
{"logTime": "0626/004354", "correlationVector":"TpdtXu0gDkKJ6BZ6o1TydB.3","action":"GetUpdates Response", "result":"Success", "context":Received 250 update(s). cV=TpdtXu0gDkKJ6BZ6o1TydB.0;server=akswtt001000036;cloudType=Consumer;environment=Prod_southeastasia_prod-s01-065-apac-southeastasia;migrationStage=NotStarted Some updates remain.}
{"logTime": "0626/004354", "correlationVector":"2bN2ziitcCTUXZ1u8LxT9n","action":"Initial GetUpdates", "result":"", "context":Reason: NEWLY_SUPPORTED_DATATYPE. cV=2bN2ziitcCTUXZ1u8LxT9n}
{"logTime": "0626/004355", "correlationVector":"2bN2ziitcCTUXZ1u8LxT9n.1","action":"SyncServerConnectionManagerRequest", "result":"SYNC_SERVER_OK", "context":{"environment":"Prod_southeastasia_prod-s01-065-apac-southeastasia", "migrationStage":"NotStarted", "server":"akswtt00100004r"}}
{"logTime": "0626/004355", "correlationVector":"2bN2ziitcCTUXZ1u8LxT9n.2","action":"ProcessGetUpdates", "result":"Done", "context":{"dataType":"History", "deleted":"0", "process_failed_to_decrypt":"0", "process_pending_decryption":"0", "process_success":"250", "total":"250"}}
{"logTime": "0626/004355", "correlationVector":"2bN2ziitcCTUXZ1u8LxT9n.3","action":"GetUpdates Response", "result":"Success", "context":Received 250 update(s). cV=2bN2ziitcCTUXZ1u8LxT9n.0;server=akswtt00100004r;cloudType=Consumer;environment=Prod_southeastasia_prod-s01-065-apac-southeastasia;migrationStage=NotStarted Some updates remain.}
{"logTime": "0626/004355", "correlationVector":"fp4AZODV6uNO51rvutaPH4","action":"Initial GetUpdates", "result":"", "context":Reason: NEWLY_SUPPORTED_DATATYPE. cV=fp4AZODV6uNO51rvutaPH4}
{"logTime": "0626/004356", "correlationVector":"fp4AZODV6uNO51rvutaPH4.1","action":"SyncServerConnectionManagerRequest", "result":"SYNC_SERVER_OK", "context":{"environment":"Prod_southeastasia_prod-s01-065-apac-southeastasia", "migrationStage":"NotStarted", "server":"akswtt00100002m"}}
{"logTime": "0626/004356", "correlationVector":"fp4AZODV6uNO51rvutaPH4.2","action":"ProcessGetUpdates", "result":"Done", "context":{"dataType":"History", "deleted":"0", "process_failed_to_decrypt":"0", "process_pending_decryption":"0", "process_success":"250", "total":"250"}}
{"logTime": "0626/004356", "correlationVector":"fp4AZODV6uNO51rvutaPH4.3","action":"GetUpdates Response", "result":"Success", "context":Received 250 update(s). cV=fp4AZODV6uNO51rvutaPH4.0;server=akswtt00100002m;cloudType=Consumer;environment=Prod_southeastasia_prod-s01-065-apac-southeastasia;migrationStage=NotStarted Some updates remain.}
{"logTime": "0626/004356", "correlationVector":"CZMOMvSPaNgmV++zeNwLab","action":"Initial GetUpdates", "result":"", "context":Reason: NEWLY_SUPPORTED_DATATYPE. cV=CZMOMvSPaNgmV++zeNwLab}
{"logTime": "0626/004356", "correlationVector":"CZMOMvSPaNgmV++zeNwLab.1","action":"SyncServerConnectionManagerRequest", "result":"SYNC_SERVER_OK", "context":{"environment":"Prod_southeastasia_prod-s01-065-apac-southeastasia", "migrationStage":"NotStarted", "server":"akswtt00100002x"}}
{"logTime": "0626/004356", "correlationVector":"CZMOMvSPaNgmV++zeNwLab.2","action":"ProcessGetUpdates", "result":"Done", "context":{"dataType":"History", "deleted":"0", "process_failed_to_decrypt":"0", "process_pending_decryption":"0", "process_success":"250", "total":"250"}}
{"logTime": "0626/004356", "correlationVector":"CZMOMvSPaNgmV++zeNwLab.3","action":"GetUpdates Response", "result":"Success", "context":Received 250 update(s). cV=CZMOMvSPaNgmV++zeNwLab.0;server=akswtt00100002x;cloudType=Consumer;environment=Prod_southeastasia_prod-s01-065-apac-southeastasia;migrationStage=NotStarted Some updates remain.}
{"logTime": "0626/004356", "correlationVector":"jm0qmAc9JGf7344sc823X7","action":"Initial GetUpdates", "result":"", "context":Reason: NEWLY_SUPPORTED_DATATYPE. cV=jm0qmAc9JGf7344sc823X7}
{"logTime": "0626/004357", "correlationVector":"jm0qmAc9JGf7344sc823X7.1","action":"SyncServerConnectionManagerRequest", "result":"SYNC_SERVER_OK", "context":{"environment":"Prod_southeastasia_prod-s01-065-apac-southeastasia", "migrationStage":"NotStarted", "server":"akswtt00100002p"}}
{"logTime": "0626/004357", "correlationVector":"jm0qmAc9JGf7344sc823X7.2","action":"ProcessGetUpdates", "result":"Done", "context":{"dataType":"History", "deleted":"0", "process_failed_to_decrypt":"0", "process_pending_decryption":"0", "process_success":"250", "total":"250"}}
{"logTime": "0626/004357", "correlationVector":"jm0qmAc9JGf7344sc823X7.3","action":"GetUpdates Response", "result":"Success", "context":Received 250 update(s). cV=jm0qmAc9JGf7344sc823X7.0;server=akswtt00100002p;cloudType=Consumer;environment=Prod_southeastasia_prod-s01-065-apac-southeastasia;migrationStage=NotStarted Some updates remain.}
{"logTime": "0626/004357", "correlationVector":"VXVkWtOZLOW5DnGfzi8HKF","action":"Initial GetUpdates", "result":"", "context":Reason: NEWLY_SUPPORTED_DATATYPE. cV=VXVkWtOZLOW5DnGfzi8HKF}
{"logTime": "0626/004358", "correlationVector":"VXVkWtOZLOW5DnGfzi8HKF.1","action":"SyncServerConnectionManagerRequest", "result":"SYNC_SERVER_OK", "context":{"environment":"Prod_southeastasia_prod-s01-065-apac-southeastasia", "migrationStage":"NotStarted", "server":"akswtt00100004c"}}
{"logTime": "0626/004358", "correlationVector":"VXVkWtOZLOW5DnGfzi8HKF.2","action":"ProcessGetUpdates", "result":"Done", "context":{"dataType":"History", "deleted":"0", "process_failed_to_decrypt":"0", "process_pending_decryption":"0", "process_success":"250", "total":"250"}}
{"logTime": "0626/004358", "correlationVector":"VXVkWtOZLOW5DnGfzi8HKF.3","action":"GetUpdates Response", "result":"Success", "context":Received 250 update(s). cV=VXVkWtOZLOW5DnGfzi8HKF.0;server=akswtt00100004c;cloudType=Consumer;environment=Prod_southeastasia_prod-s01-065-apac-southeastasia;migrationStage=NotStarted Some updates remain.}
{"logTime": "0626/004358", "correlationVector":"HJSYleT6EzgQCABP0SgfZy","action":"Initial GetUpdates", "result":"", "context":Reason: NEWLY_SUPPORTED_DATATYPE. cV=HJSYleT6EzgQCABP0SgfZy}
{"logTime": "0626/004358", "correlationVector":"HJSYleT6EzgQCABP0SgfZy.1","action":"SyncServerConnectionManagerRequest", "result":"SYNC_SERVER_OK", "context":{"environment":"Prod_southeastasia_prod-s01-065-apac-southeastasia", "migrationStage":"NotStarted", "server":"akswtt001000044"}}
{"logTime": "0626/004358", "correlationVector":"HJSYleT6EzgQCABP0SgfZy.2","action":"ProcessGetUpdates", "result":"Done", "context":{"dataType":"History", "deleted":"0", "process_failed_to_decrypt":"0", "process_pending_decryption":"0", "process_success":"250", "total":"250"}}
{"logTime": "0626/004358", "correlationVector":"HJSYleT6EzgQCABP0SgfZy.3","action":"GetUpdates Response", "result":"Success", "context":Received 250 update(s). cV=HJSYleT6EzgQCABP0SgfZy.0;server=akswtt001000044;cloudType=Consumer;environment=Prod_southeastasia_prod-s01-065-apac-southeastasia;migrationStage=NotStarted Some updates remain.}
{"logTime": "0626/004358", "correlationVector":"r09QqfxFE4SXCkNuFeMJ7W","action":"Initial GetUpdates", "result":"", "context":Reason: NEWLY_SUPPORTED_DATATYPE. cV=r09QqfxFE4SXCkNuFeMJ7W}
{"logTime": "0626/004359", "correlationVector":"r09QqfxFE4SXCkNuFeMJ7W.1","action":"SyncServerConnectionManagerRequest", "result":"SYNC_SERVER_OK", "context":{"environment":"Prod_southeastasia_prod-s01-065-apac-southeastasia", "migrationStage":"NotStarted", "server":"akswtt00100003l"}}
{"logTime": "0626/004359", "correlationVector":"r09QqfxFE4SXCkNuFeMJ7W.2","action":"ProcessGetUpdates", "result":"Done", "context":{"dataType":"History", "deleted":"0", "process_failed_to_decrypt":"0", "process_pending_decryption":"0", "process_success":"250", "total":"250"}}
{"logTime": "0626/004359", "correlationVector":"r09QqfxFE4SXCkNuFeMJ7W.3","action":"GetUpdates Response", "result":"Success", "context":Received 250 update(s). cV=r09QqfxFE4SXCkNuFeMJ7W.0;server=akswtt00100003l;cloudType=Consumer;environment=Prod_southeastasia_prod-s01-065-apac-southeastasia;migrationStage=NotStarted Some updates remain.}
{"logTime": "0626/004359", "correlationVector":"esKC6roeumFK4Dxlzxk/Ue","action":"Initial GetUpdates", "result":"", "context":Reason: NEWLY_SUPPORTED_DATATYPE. cV=esKC6roeumFK4Dxlzxk/Ue}
{"logTime": "0626/004400", "correlationVector":"esKC6roeumFK4Dxlzxk/Ue.1","action":"SyncServerConnectionManagerRequest", "result":"SYNC_SERVER_OK", "context":{"environment":"Prod_southeastasia_prod-s01-065-apac-southeastasia", "migrationStage":"NotStarted", "server":"akswtt00100000y"}}
{"logTime": "0626/004400", "correlationVector":"esKC6roeumFK4Dxlzxk/Ue.2","action":"ProcessGetUpdates", "result":"Done", "context":{"dataType":"History", "deleted":"0", "process_failed_to_decrypt":"0", "process_pending_decryption":"0", "process_success":"250", "total":"250"}}
{"logTime": "0626/004400", "correlationVector":"esKC6roeumFK4Dxlzxk/Ue.3","action":"GetUpdates Response", "result":"Success", "context":Received 250 update(s). cV=esKC6roeumFK4Dxlzxk/Ue.0;server=akswtt00100000y;cloudType=Consumer;environment=Prod_southeastasia_prod-s01-065-apac-southeastasia;migrationStage=NotStarted Some updates remain.}
{"logTime": "0626/004400", "correlationVector":"tMoDcsMqFv5w7cfNH+58dc","action":"Initial GetUpdates", "result":"", "context":Reason: NEWLY_SUPPORTED_DATATYPE. cV=tMoDcsMqFv5w7cfNH+58dc}
{"logTime": "0626/004400", "correlationVector":"tMoDcsMqFv5w7cfNH+58dc.1","action":"SyncServerConnectionManagerRequest", "result":"SYNC_SERVER_OK", "context":{"environment":"Prod_southeastasia_prod-s01-065-apac-southeastasia", "migrationStage":"NotStarted", "server":"akswtt00100002p"}}
{"logTime": "0626/004400", "correlationVector":"tMoDcsMqFv5w7cfNH+58dc.2","action":"ProcessGetUpdates", "result":"Done", "context":{"dataType":"History", "deleted":"0", "process_failed_to_decrypt":"0", "process_pending_decryption":"0", "process_success":"250", "total":"250"}}
{"logTime": "0626/004400", "correlationVector":"tMoDcsMqFv5w7cfNH+58dc.3","action":"GetUpdates Response", "result":"Success", "context":Received 250 update(s). cV=tMoDcsMqFv5w7cfNH+58dc.0;server=akswtt00100002p;cloudType=Consumer;environment=Prod_southeastasia_prod-s01-065-apac-southeastasia;migrationStage=NotStarted Some updates remain.}
{"logTime": "0626/004400", "correlationVector":"vMjPtNVuyWyxuNYETScjvT","action":"Initial GetUpdates", "result":"", "context":Reason: NEWLY_SUPPORTED_DATATYPE. cV=vMjPtNVuyWyxuNYETScjvT}
{"logTime": "0626/004401", "correlationVector":"vMjPtNVuyWyxuNYETScjvT.1","action":"SyncServerConnectionManagerRequest", "result":"SYNC_SERVER_OK", "context":{"environment":"Prod_southeastasia_prod-s01-065-apac-southeastasia", "migrationStage":"NotStarted", "server":"akswtt00100001n"}}
{"logTime": "0626/004401", "correlationVector":"vMjPtNVuyWyxuNYETScjvT.2","action":"ProcessGetUpdates", "result":"Done", "context":{"dataType":"History", "deleted":"0", "process_failed_to_decrypt":"0", "process_pending_decryption":"0", "process_success":"250", "total":"250"}}
{"logTime": "0626/004401", "correlationVector":"vMjPtNVuyWyxuNYETScjvT.3","action":"GetUpdates Response", "result":"Success", "context":Received 250 update(s). cV=vMjPtNVuyWyxuNYETScjvT.0;server=akswtt00100001n;cloudType=Consumer;environment=Prod_southeastasia_prod-s01-065-apac-southeastasia;migrationStage=NotStarted Some updates remain.}
{"logTime": "0626/004401", "correlationVector":"JGychhzVyRN/DMhZ0JOA2E","action":"Initial GetUpdates", "result":"", "context":Reason: NEWLY_SUPPORTED_DATATYPE. cV=JGychhzVyRN/DMhZ0JOA2E}
{"logTime": "0626/004402", "correlationVector":"JGychhzVyRN/DMhZ0JOA2E.1","action":"SyncServerConnectionManagerRequest", "result":"SYNC_SERVER_OK", "context":{"environment":"Prod_southeastasia_prod-s01-065-apac-southeastasia", "migrationStage":"NotStarted", "server":"akswtt00100004c"}}
{"logTime": "0626/004402", "correlationVector":"JGychhzVyRN/DMhZ0JOA2E.2","action":"ProcessGetUpdates", "result":"Done", "context":{"dataType":"History", "deleted":"0", "process_failed_to_decrypt":"0", "process_pending_decryption":"0", "process_success":"250", "total":"250"}}
{"logTime": "0626/004402", "correlationVector":"JGychhzVyRN/DMhZ0JOA2E.3","action":"GetUpdates Response", "result":"Success", "context":Received 250 update(s). cV=JGychhzVyRN/DMhZ0JOA2E.0;server=akswtt00100004c;cloudType=Consumer;environment=Prod_southeastasia_prod-s01-065-apac-southeastasia;migrationStage=NotStarted Some updates remain.}
{"logTime": "0626/004402", "correlationVector":"iov2/TyvV8qg0w3NZ/2A+Z","action":"Initial GetUpdates", "result":"", "context":Reason: NEWLY_SUPPORTED_DATATYPE. cV=iov2/TyvV8qg0w3NZ/2A+Z}
{"logTime": "0626/004402", "correlationVector":"iov2/TyvV8qg0w3NZ/2A+Z.1","action":"SyncServerConnectionManagerRequest", "result":"SYNC_SERVER_OK", "context":{"environment":"Prod_southeastasia_prod-s01-065-apac-southeastasia", "migrationStage":"NotStarted", "server":"akswtt001000035"}}
{"logTime": "0626/004402", "correlationVector":"iov2/TyvV8qg0w3NZ/2A+Z.2","action":"ProcessGetUpdates", "result":"Done", "context":{"dataType":"History", "deleted":"0", "process_failed_to_decrypt":"0", "process_pending_decryption":"0", "process_success":"198", "total":"198"}}
{"logTime": "0626/004402", "correlationVector":"iov2/TyvV8qg0w3NZ/2A+Z.3","action":"GetUpdates Response", "result":"Success", "context":Received 198 update(s). cV=iov2/TyvV8qg0w3NZ/2A+Z.0;server=akswtt001000035;cloudType=Consumer;environment=Prod_southeastasia_prod-s01-065-apac-southeastasia;migrationStage=NotStarted}
{"logTime": "0626/004402", "correlationVector":"3KNCSNLRkkI48dxvJI4sv3","action":"Normal GetUpdate request", "result":"", "context":cV=3KNCSNLRkkI48dxvJI4sv3
Nudged types: Preferences, Sessions, Device Info, User Consents
Refresh requested types: Bookmarks, Preferences, Passwords, Autofill Profiles, Autofill, Extensions, Sessions, Extension settings, History Delete Directives, Device Info, User Consents, Send Tab To Self, Web Apps, History, Saved Tab Group, WebAuthn Credentials, Edge E Drop, Edge Hub App Usage, Edge Wallet, Edge Workspace, Encryption Keys}
{"logTime": "0626/004403", "correlationVector":"3KNCSNLRkkI48dxvJI4sv3.1","action":"SyncServerConnectionManagerRequest", "result":"SYNC_SERVER_OK", "context":{"environment":"Prod_southeastasia_prod-s01-065-apac-southeastasia", "migrationStage":"NotStarted", "server":"akswtt00100004c"}}
{"logTime": "0626/004403", "correlationVector":"3KNCSNLRkkI48dxvJI4sv3.2","action":"GetUpdates Response", "result":"Success", "context":Received 0 update(s). cV=3KNCSNLRkkI48dxvJI4sv3.0;server=akswtt00100004c;cloudType=Consumer;environment=Prod_southeastasia_prod-s01-065-apac-southeastasia;migrationStage=NotStarted}
{"logTime": "0626/004403", "correlationVector":"XaO3GvnDNzhvj7eK07fTgP","action":"Commit Request", "result":"", "context":Item count: 5
Contributing types: Preferences, Sessions, Device Info, User Consents}
{"logTime": "0626/004404", "correlationVector":"XaO3GvnDNzhvj7eK07fTgP.1","action":"SyncServerConnectionManagerRequest", "result":"SYNC_SERVER_OK", "context":{"environment":"Prod_southeastasia_prod-s01-065-apac-southeastasia", "migrationStage":"NotStarted", "server":"akswtt00100002x"}}
{"logTime": "0626/004404", "correlationVector":"XaO3GvnDNzhvj7eK07fTgP.2","action":"Commit Response", "result":"Success", "context":Result: Success. cV=XaO3GvnDNzhvj7eK07fTgP.0;server=akswtt00100002x;cloudType=Consumer;environment=Prod_southeastasia_prod-s01-065-apac-southeastasia;migrationStage=NotStarted}
{"logTime": "0626/004413", "correlationVector":"DuHYqJ5fSrgHTS0ZGzMlKX","action":"Commit Request", "result":"", "context":Item count: 40
Contributing types: Passwords}
{"logTime": "0626/004418", "correlationVector":"DuHYqJ5fSrgHTS0ZGzMlKX.1","action":"SyncServerConnectionManagerRequest", "result":"SYNC_SERVER_OK", "context":{"environment":"Prod_southeastasia_prod-s01-065-apac-southeastasia", "migrationStage":"NotStarted", "server":"akswtt00100003z"}}
{"logTime": "0626/004418", "correlationVector":"DuHYqJ5fSrgHTS0ZGzMlKX.2","action":"Commit Response", "result":"Success", "context":Result: Success. cV=DuHYqJ5fSrgHTS0ZGzMlKX.0;server=akswtt00100003z;cloudType=Consumer;environment=Prod_southeastasia_prod-s01-065-apac-southeastasia;migrationStage=NotStarted}
{"logTime": "0626/004419", "correlationVector":"hQQ2qHVq029fcXzsZPKVMJ","action":"Commit Request", "result":"", "context":Item count: 40
Contributing types: Passwords}
{"logTime": "0626/004423", "correlationVector":"hQQ2qHVq029fcXzsZPKVMJ.1","action":"SyncServerConnectionManagerRequest", "result":"SYNC_SERVER_OK", "context":{"environment":"Prod_southeastasia_prod-s01-065-apac-southeastasia", "migrationStage":"NotStarted", "server":"akswtt00100002s"}}
{"logTime": "0626/004423", "correlationVector":"hQQ2qHVq029fcXzsZPKVMJ.2","action":"Commit Response", "result":"Success", "context":Result: Success. cV=hQQ2qHVq029fcXzsZPKVMJ.0;server=akswtt00100002s;cloudType=Consumer;environment=Prod_southeastasia_prod-s01-065-apac-southeastasia;migrationStage=NotStarted}
{"logTime": "0626/004424", "correlationVector":"zMOIkkM2eo7pFvd4R0Ia6n","action":"Commit Request", "result":"", "context":Item count: 40
Contributing types: Passwords}
{"logTime": "0626/004429", "correlationVector":"zMOIkkM2eo7pFvd4R0Ia6n.1","action":"SyncServerConnectionManagerRequest", "result":"SYNC_SERVER_OK", "context":{"environment":"Prod_southeastasia_prod-s01-065-apac-southeastasia", "migrationStage":"NotStarted", "server":"akswtt00100002x"}}
{"logTime": "0626/004429", "correlationVector":"zMOIkkM2eo7pFvd4R0Ia6n.2","action":"Commit Response", "result":"Success", "context":Result: Success. cV=zMOIkkM2eo7pFvd4R0Ia6n.0;server=akswtt00100002x;cloudType=Consumer;environment=Prod_southeastasia_prod-s01-065-apac-southeastasia;migrationStage=NotStarted}
{"logTime": "0626/004429", "correlationVector":"uNt4c0bn7WMQp0gMFSdzpf","action":"Commit Request", "result":"", "context":Item count: 40
Contributing types: Passwords}
{"logTime": "0626/004434", "correlationVector":"uNt4c0bn7WMQp0gMFSdzpf.1","action":"SyncServerConnectionManagerRequest", "result":"SYNC_SERVER_OK", "context":{"environment":"Prod_southeastasia_prod-s01-065-apac-southeastasia", "migrationStage":"NotStarted", "server":"akswtt00100003l"}}
{"logTime": "0626/004434", "correlationVector":"uNt4c0bn7WMQp0gMFSdzpf.2","action":"Commit Response", "result":"Success", "context":Result: Success. cV=uNt4c0bn7WMQp0gMFSdzpf.0;server=akswtt00100003l;cloudType=Consumer;environment=Prod_southeastasia_prod-s01-065-apac-southeastasia;migrationStage=NotStarted}
{"logTime": "0626/004434", "correlationVector":"Qm5h1VXPmAQCRnmlqyo9Dt","action":"Commit Request", "result":"", "context":Item count: 40
Contributing types: Passwords}
{"logTime": "0626/004439", "correlationVector":"Qm5h1VXPmAQCRnmlqyo9Dt.1","action":"SyncServerConnectionManagerRequest", "result":"SYNC_SERVER_OK", "context":{"environment":"Prod_southeastasia_prod-s01-065-apac-southeastasia", "migrationStage":"NotStarted", "server":"akswtt00100004c"}}
{"logTime": "0626/004439", "correlationVector":"Qm5h1VXPmAQCRnmlqyo9Dt.2","action":"Commit Response", "result":"Success", "context":Result: Success. cV=Qm5h1VXPmAQCRnmlqyo9Dt.0;server=akswtt00100004c;cloudType=Consumer;environment=Prod_southeastasia_prod-s01-065-apac-southeastasia;migrationStage=NotStarted}
{"logTime": "0626/004522", "correlationVector":"Tv4Yt9tNHxCrLZN3oqLLqX","action":"Commit Request", "result":"", "context":Item count: 40
Contributing types: Passwords}
{"logTime": "0626/004528", "correlationVector":"Tv4Yt9tNHxCrLZN3oqLLqX.1","action":"SyncServerConnectionManagerRequest", "result":"SYNC_SERVER_OK", "context":{"environment":"Prod_southeastasia_prod-s01-065-apac-southeastasia", "migrationStage":"NotStarted", "server":"akswtt00100003z"}}
{"logTime": "0626/004528", "correlationVector":"Tv4Yt9tNHxCrLZN3oqLLqX.2","action":"Commit Response", "result":"Success", "context":Result: Success. cV=Tv4Yt9tNHxCrLZN3oqLLqX.0;server=akswtt00100003z;cloudType=Consumer;environment=Prod_southeastasia_prod-s01-065-apac-southeastasia;migrationStage=NotStarted}
{"logTime": "0626/004528", "correlationVector":"/4fsKYdtdvJBSSkX2Y36Dx","action":"Commit Request", "result":"", "context":Item count: 40
Contributing types: Passwords}
{"logTime": "0626/004534", "correlationVector":"/4fsKYdtdvJBSSkX2Y36Dx.1","action":"SyncServerConnectionManagerRequest", "result":"SYNC_SERVER_OK", "context":{"environment":"Prod_southeastasia_prod-s01-065-apac-southeastasia", "migrationStage":"NotStarted", "server":"akswtt001000047"}}
{"logTime": "0626/004534", "correlationVector":"/4fsKYdtdvJBSSkX2Y36Dx.2","action":"Commit Response", "result":"Success", "context":Result: Success. cV=/4fsKYdtdvJBSSkX2Y36Dx.0;server=akswtt001000047;cloudType=Consumer;environment=Prod_southeastasia_prod-s01-065-apac-southeastasia;migrationStage=NotStarted}
{"logTime": "0626/004534", "correlationVector":"Mph6PtlbS+dC8KKKjXlUnX","action":"Commit Request", "result":"", "context":Item count: 40
Contributing types: Passwords}
{"logTime": "0626/004539", "correlationVector":"Mph6PtlbS+dC8KKKjXlUnX.1","action":"SyncServerConnectionManagerRequest", "result":"SYNC_SERVER_OK", "context":{"environment":"Prod_southeastasia_prod-s01-065-apac-southeastasia", "migrationStage":"NotStarted", "server":"akswtt001000023"}}
{"logTime": "0626/004539", "correlationVector":"Mph6PtlbS+dC8KKKjXlUnX.2","action":"Commit Response", "result":"Success", "context":Result: Success. cV=Mph6PtlbS+dC8KKKjXlUnX.0;server=akswtt001000023;cloudType=Consumer;environment=Prod_southeastasia_prod-s01-065-apac-southeastasia;migrationStage=NotStarted}
{"logTime": "0626/004539", "correlationVector":"SXjW+du2FvLtdt9sqgYf3h","action":"Commit Request", "result":"", "context":Item count: 40
Contributing types: Passwords}
{"logTime": "0626/004545", "correlationVector":"SXjW+du2FvLtdt9sqgYf3h.1","action":"SyncServerConnectionManagerRequest", "result":"SYNC_SERVER_OK", "context":{"environment":"Prod_southeastasia_prod-s01-065-apac-southeastasia", "migrationStage":"NotStarted", "server":"akswtt00100003r"}}
{"logTime": "0626/004545", "correlationVector":"SXjW+du2FvLtdt9sqgYf3h.2","action":"Commit Response", "result":"Success", "context":Result: Success. cV=SXjW+du2FvLtdt9sqgYf3h.0;server=akswtt00100003r;cloudType=Consumer;environment=Prod_southeastasia_prod-s01-065-apac-southeastasia;migrationStage=NotStarted}
{"logTime": "0626/004545", "correlationVector":"qEFxCGeQVG0Iey6pwIEWXz","action":"Commit Request", "result":"", "context":Item count: 40
Contributing types: Passwords}
{"logTime": "0626/004550", "correlationVector":"qEFxCGeQVG0Iey6pwIEWXz.1","action":"SyncServerConnectionManagerRequest", "result":"SYNC_SERVER_OK", "context":{"environment":"Prod_southeastasia_prod-s01-065-apac-southeastasia", "migrationStage":"NotStarted", "server":"akswtt00100002b"}}
{"logTime": "0626/004550", "correlationVector":"qEFxCGeQVG0Iey6pwIEWXz.2","action":"Commit Response", "result":"Success", "context":Result: Success. cV=qEFxCGeQVG0Iey6pwIEWXz.0;server=akswtt00100002b;cloudType=Consumer;environment=Prod_southeastasia_prod-s01-065-apac-southeastasia;migrationStage=NotStarted}
{"logTime": "0626/004550", "correlationVector":"8rezooswD4e32+3weVuvN5","action":"Commit Request", "result":"", "context":Item count: 40
Contributing types: Passwords}
{"logTime": "0626/004555", "correlationVector":"8rezooswD4e32+3weVuvN5.1","action":"SyncServerConnectionManagerRequest", "result":"SYNC_SERVER_OK", "context":{"environment":"Prod_southeastasia_prod-s01-065-apac-southeastasia", "migrationStage":"NotStarted", "server":"akswtt00100003z"}}
{"logTime": "0626/004555", "correlationVector":"8rezooswD4e32+3weVuvN5.2","action":"Commit Response", "result":"Success", "context":Result: Success. cV=8rezooswD4e32+3weVuvN5.0;server=akswtt00100003z;cloudType=Consumer;environment=Prod_southeastasia_prod-s01-065-apac-southeastasia;migrationStage=NotStarted}
{"logTime": "0626/004556", "correlationVector":"IzUY7vclq0MZe7XE2zilcE","action":"Commit Request", "result":"", "context":Item count: 40
Contributing types: Passwords}
{"logTime": "0626/004601", "correlationVector":"IzUY7vclq0MZe7XE2zilcE.1","action":"SyncServerConnectionManagerRequest", "result":"SYNC_SERVER_OK", "context":{"environment":"Prod_southeastasia_prod-s01-065-apac-southeastasia", "migrationStage":"NotStarted", "server":"akswtt001000026"}}
{"logTime": "0626/004601", "correlationVector":"IzUY7vclq0MZe7XE2zilcE.2","action":"Commit Response", "result":"Success", "context":Result: Success. cV=IzUY7vclq0MZe7XE2zilcE.0;server=akswtt001000026;cloudType=Consumer;environment=Prod_southeastasia_prod-s01-065-apac-southeastasia;migrationStage=NotStarted}
{"logTime": "0626/004601", "correlationVector":"3GJJeYlVxjGm+pTaAHmEmL","action":"Commit Request", "result":"", "context":Item count: 40
Contributing types: Passwords}
{"logTime": "0626/004606", "correlationVector":"3GJJeYlVxjGm+pTaAHmEmL.1","action":"SyncServerConnectionManagerRequest", "result":"SYNC_SERVER_OK", "context":{"environment":"Prod_southeastasia_prod-s01-065-apac-southeastasia", "migrationStage":"NotStarted", "server":"akswtt00100003z"}}
{"logTime": "0626/004606", "correlationVector":"3GJJeYlVxjGm+pTaAHmEmL.2","action":"Commit Response", "result":"Success", "context":Result: Success. cV=3GJJeYlVxjGm+pTaAHmEmL.0;server=akswtt00100003z;cloudType=Consumer;environment=Prod_southeastasia_prod-s01-065-apac-southeastasia;migrationStage=NotStarted}
{"logTime": "0626/004606", "correlationVector":"xgqJj9nMyGKmr9Hxzy/J51","action":"Commit Request", "result":"", "context":Item count: 27
Contributing types: Preferences, Passwords, Sessions, History}
{"logTime": "0626/004610", "correlationVector":"xgqJj9nMyGKmr9Hxzy/J51.1","action":"SyncServerConnectionManagerRequest", "result":"SYNC_SERVER_OK", "context":{"environment":"Prod_southeastasia_prod-s01-065-apac-southeastasia", "migrationStage":"NotStarted", "server":"akswtt00100002o"}}
{"logTime": "0626/004610", "correlationVector":"xgqJj9nMyGKmr9Hxzy/J51.2","action":"Commit Response", "result":"Success", "context":Result: Success. cV=xgqJj9nMyGKmr9Hxzy/J51.0;server=akswtt00100002o;cloudType=Consumer;environment=Prod_southeastasia_prod-s01-065-apac-southeastasia;migrationStage=NotStarted}
