2026-06-26 00:43:38.951: [INFO] VisibilityChanged: 0
2026-06-26 00:43:38.960: [INFO] RecordSyncInitDuration has_sync_been_enabled: 0 state: 0
2026-06-26 00:43:38.960: [INFO] RecordSyncInitDuration has_sync_been_enabled: 0 state: 0
2026-06-26 00:43:38.960: [INFO] RecordSyncInitDuration has_sync_been_enabled: 0 state: 0
2026-06-26 00:43:38.961: [INFO] RecordSyncInitDuration has_sync_been_enabled: 0 state: 0
2026-06-26 00:43:38.961: [INFO] RecordSyncInitDuration has_sync_been_enabled: 0 state: 0
2026-06-26 00:43:38.961: [INFO] RecordSyncInitDuration has_sync_been_enabled: 0 state: 0
2026-06-26 00:43:38.962: [INFO] RecordSyncInitDuration has_sync_been_enabled: 0 state: 0
2026-06-26 00:43:38.962: [INFO] RecordSyncInitDuration has_sync_been_enabled: 0 state: 0
2026-06-26 00:43:38.962: [INFO] RecordSyncInitDuration has_sync_been_enabled: 0 state: 0
2026-06-26 00:43:38.963: [INFO] RecordSyncInitDuration has_sync_been_enabled: 0 state: 0
2026-06-26 00:43:38.963: [INFO] RecordSyncInitDuration has_sync_been_enabled: 0 state: 0
2026-06-26 00:43:38.997: [INFO] BookmarkModelLoaded, ids_reassigned: 0
2026-06-26 00:43:38.997: [INFO] OnDoneLoading sync enabled: 0
2026-06-26 00:43:39.981: [INFO] RecordSyncInitDuration has_sync_been_enabled: 0 state: 0
2026-06-26 00:43:40.729: [INFO] RecordSyncInitDuration has_sync_been_enabled: 0 state: 0
2026-06-26 00:43:40.730: [INFO] RecordSyncInitDuration has_sync_been_enabled: 0 state: 3
2026-06-26 00:43:40.732: [INFO] Primary account changed.
2026-06-26 00:43:40.732: [INFO] OnPrimaryAccountChanged PrimaryAccountChangeEvent::Type::kSet
2026-06-26 00:43:40.734: [INFO] RecordSyncInitDuration has_sync_been_enabled: 0 state: 3
2026-06-26 00:43:41.077: [INFO] RecordSyncInitDuration has_sync_been_enabled: 0 state: 3
2026-06-26 00:43:45.929: [INFO] VisibilityChanged: 1
2026-06-26 00:43:47.938: [INFO] BookmarkNodeAdded, ABU: 0
2026-06-26 00:43:47.938: [INFO] BookmarkNodeAdded, ABU: 0
2026-06-26 00:43:47.939: [INFO] BookmarkNodeAdded, ABU: 0
2026-06-26 00:43:47.940: [INFO] BookmarkNodeAdded, ABU: 0
2026-06-26 00:43:47.941: [INFO] BookmarkNodeAdded, ABU: 0
2026-06-26 00:43:47.942: [INFO] BookmarkNodeAdded, ABU: 0
2026-06-26 00:43:47.942: [INFO] BookmarkNodeAdded, ABU: 0
2026-06-26 00:43:47.943: [INFO] BookmarkNodeAdded, ABU: 0
2026-06-26 00:43:47.943: [INFO] BookmarkNodeAdded, ABU: 0
2026-06-26 00:43:47.944: [INFO] BookmarkNodeAdded, ABU: 0
2026-06-26 00:43:47.944: [INFO] BookmarkNodeAdded, ABU: 0
2026-06-26 00:43:47.945: [INFO] BookmarkNodeAdded, ABU: 0
2026-06-26 00:43:47.945: [INFO] BookmarkNodeAdded, ABU: 0
2026-06-26 00:43:47.946: [INFO] BookmarkNodeAdded, ABU: 0
2026-06-26 00:43:47.946: [INFO] BookmarkNodeAdded, ABU: 0
2026-06-26 00:43:47.947: [INFO] BookmarkNodeAdded, ABU: 0
2026-06-26 00:43:47.948: [INFO] BookmarkNodeAdded, ABU: 0
2026-06-26 00:43:47.949: [INFO] BookmarkNodeAdded, ABU: 0
2026-06-26 00:43:47.950: [INFO] BookmarkNodeAdded, ABU: 0
2026-06-26 00:43:47.951: [INFO] BookmarkNodeAdded, ABU: 0
2026-06-26 00:43:47.951: [INFO] BookmarkNodeAdded, ABU: 0
2026-06-26 00:43:47.952: [INFO] BookmarkNodeAdded, ABU: 0
2026-06-26 00:43:47.952: [INFO] BookmarkNodeAdded, ABU: 0
2026-06-26 00:43:47.953: [INFO] BookmarkNodeAdded, ABU: 0
2026-06-26 00:43:47.953: [INFO] BookmarkNodeAdded, ABU: 0
2026-06-26 00:43:47.954: [INFO] BookmarkNodeAdded, ABU: 0
2026-06-26 00:43:47.954: [INFO] BookmarkNodeAdded, ABU: 0
2026-06-26 00:43:47.955: [INFO] BookmarkNodeAdded, ABU: 0
2026-06-26 00:43:47.955: [INFO] BookmarkNodeAdded, ABU: 0
2026-06-26 00:43:47.955: [INFO] BookmarkNodeAdded, ABU: 0
2026-06-26 00:43:47.956: [INFO] BookmarkNodeAdded, ABU: 0
2026-06-26 00:43:47.956: [INFO] BookmarkNodeAdded, ABU: 0
2026-06-26 00:43:47.956: [INFO] BookmarkNodeAdded, ABU: 0
2026-06-26 00:43:47.957: [INFO] BookmarkNodeAdded, ABU: 0
2026-06-26 00:43:47.957: [INFO] BookmarkNodeAdded, ABU: 0
2026-06-26 00:43:47.958: [INFO] BookmarkNodeAdded, ABU: 0
2026-06-26 00:43:47.958: [INFO] BookmarkNodeAdded, ABU: 0
2026-06-26 00:43:47.959: [INFO] BookmarkNodeAdded, ABU: 0
2026-06-26 00:43:47.960: [INFO] BookmarkNodeAdded, ABU: 0
2026-06-26 00:43:47.961: [INFO] BookmarkNodeAdded, ABU: 0
2026-06-26 00:43:47.962: [INFO] BookmarkNodeAdded, ABU: 0
2026-06-26 00:43:47.962: [INFO] BookmarkNodeAdded, ABU: 0
2026-06-26 00:43:47.963: [INFO] BookmarkNodeAdded, ABU: 0
2026-06-26 00:43:47.963: [INFO] BookmarkNodeAdded, ABU: 0
2026-06-26 00:43:47.964: [INFO] BookmarkNodeAdded, ABU: 0
2026-06-26 00:43:47.965: [INFO] BookmarkNodeAdded, ABU: 0
2026-06-26 00:43:47.966: [INFO] BookmarkNodeAdded, ABU: 0
2026-06-26 00:43:47.966: [INFO] BookmarkNodeAdded, ABU: 0
2026-06-26 00:43:47.967: [INFO] BookmarkNodeAdded, ABU: 0
2026-06-26 00:43:47.967: [INFO] BookmarkNodeAdded, ABU: 0
2026-06-26 00:43:47.968: [INFO] BookmarkNodeAdded, ABU: 0
2026-06-26 00:43:47.968: [INFO] BookmarkNodeAdded, ABU: 0
2026-06-26 00:43:47.968: [INFO] BookmarkNodeAdded, ABU: 0
2026-06-26 00:43:47.969: [INFO] BookmarkNodeAdded, ABU: 0
2026-06-26 00:43:47.969: [INFO] BookmarkNodeAdded, ABU: 0
2026-06-26 00:43:47.970: [INFO] BookmarkNodeAdded, ABU: 0
2026-06-26 00:43:47.970: [INFO] BookmarkNodeAdded, ABU: 0
2026-06-26 00:43:47.971: [INFO] BookmarkNodeAdded, ABU: 0
2026-06-26 00:43:47.971: [INFO] BookmarkNodeAdded, ABU: 0
2026-06-26 00:43:47.972: [INFO] BookmarkNodeAdded, ABU: 0
2026-06-26 00:43:47.972: [INFO] BookmarkNodeAdded, ABU: 0
2026-06-26 00:43:47.973: [INFO] BookmarkNodeAdded, ABU: 0
2026-06-26 00:43:47.975: [INFO] BookmarkNodeAdded, ABU: 0
2026-06-26 00:43:47.976: [INFO] BookmarkNodeAdded, ABU: 0
2026-06-26 00:43:47.977: [INFO] BookmarkNodeAdded, ABU: 0
2026-06-26 00:43:47.978: [INFO] BookmarkNodeAdded, ABU: 0
2026-06-26 00:43:47.979: [INFO] BookmarkNodeAdded, ABU: 0
2026-06-26 00:43:47.979: [INFO] BookmarkNodeAdded, ABU: 0
2026-06-26 00:43:47.980: [INFO] BookmarkNodeAdded, ABU: 0
2026-06-26 00:43:47.980: [INFO] BookmarkNodeAdded, ABU: 0
2026-06-26 00:43:47.980: [INFO] BookmarkNodeAdded, ABU: 0
2026-06-26 00:43:47.981: [INFO] BookmarkNodeAdded, ABU: 0
2026-06-26 00:43:47.981: [INFO] BookmarkNodeAdded, ABU: 0
2026-06-26 00:43:47.982: [INFO] BookmarkNodeAdded, ABU: 0
2026-06-26 00:43:47.982: [INFO] BookmarkNodeAdded, ABU: 0
2026-06-26 00:43:47.982: [INFO] BookmarkNodeAdded, ABU: 0
2026-06-26 00:43:47.983: [INFO] BookmarkNodeAdded, ABU: 0
2026-06-26 00:43:47.983: [INFO] BookmarkNodeAdded, ABU: 0
2026-06-26 00:43:47.984: [INFO] BookmarkNodeAdded, ABU: 0
2026-06-26 00:43:47.984: [INFO] BookmarkNodeAdded, ABU: 0
2026-06-26 00:43:47.985: [INFO] BookmarkNodeAdded, ABU: 0
2026-06-26 00:43:47.985: [INFO] BookmarkNodeAdded, ABU: 0
2026-06-26 00:43:47.986: [INFO] BookmarkNodeAdded, ABU: 0
2026-06-26 00:43:47.987: [INFO] BookmarkNodeAdded, ABU: 0
2026-06-26 00:43:47.988: [INFO] BookmarkNodeAdded, ABU: 0
2026-06-26 00:43:47.989: [INFO] BookmarkNodeAdded, ABU: 0
2026-06-26 00:43:47.990: [INFO] BookmarkNodeAdded, ABU: 0
2026-06-26 00:43:47.990: [INFO] BookmarkNodeAdded, ABU: 0
2026-06-26 00:43:47.990: [INFO] BookmarkNodeAdded, ABU: 0
2026-06-26 00:43:47.991: [INFO] BookmarkNodeAdded, ABU: 0
2026-06-26 00:43:47.991: [INFO] BookmarkNodeAdded, ABU: 0
2026-06-26 00:43:47.992: [INFO] BookmarkNodeAdded, ABU: 0
2026-06-26 00:43:47.992: [INFO] BookmarkNodeAdded, ABU: 0
2026-06-26 00:43:47.992: [INFO] BookmarkNodeAdded, ABU: 0
2026-06-26 00:43:47.993: [INFO] BookmarkNodeAdded, ABU: 0
2026-06-26 00:43:47.993: [INFO] BookmarkNodeAdded, ABU: 0
2026-06-26 00:43:47.994: [INFO] BookmarkNodeAdded, ABU: 0
2026-06-26 00:43:47.994: [INFO] BookmarkNodeAdded, ABU: 0
2026-06-26 00:43:47.994: [INFO] BookmarkNodeAdded, ABU: 0
2026-06-26 00:43:47.995: [INFO] BookmarkNodeAdded, ABU: 0
2026-06-26 00:43:47.995: [INFO] BookmarkNodeAdded, ABU: 0
2026-06-26 00:43:47.995: [INFO] BookmarkNodeAdded, ABU: 0
2026-06-26 00:43:47.996: [INFO] BookmarkNodeAdded, ABU: 0
2026-06-26 00:43:47.996: [INFO] BookmarkNodeAdded, ABU: 0
2026-06-26 00:43:47.997: [INFO] BookmarkNodeAdded, ABU: 0
2026-06-26 00:43:47.997: [INFO] BookmarkNodeAdded, ABU: 0
2026-06-26 00:43:47.997: [INFO] BookmarkNodeAdded, ABU: 0
2026-06-26 00:43:47.998: [INFO] BookmarkNodeAdded, ABU: 0
2026-06-26 00:43:47.999: [INFO] BookmarkNodeAdded, ABU: 0
2026-06-26 00:43:47.999: [INFO] BookmarkNodeAdded, ABU: 0
2026-06-26 00:43:48.000: [INFO] BookmarkNodeAdded, ABU: 0
2026-06-26 00:43:48.001: [INFO] BookmarkNodeAdded, ABU: 0
2026-06-26 00:43:48.001: [INFO] BookmarkNodeAdded, ABU: 0
2026-06-26 00:43:48.002: [INFO] BookmarkNodeAdded, ABU: 0
2026-06-26 00:43:48.003: [INFO] BookmarkNodeAdded, ABU: 0
2026-06-26 00:43:48.004: [INFO] BookmarkNodeAdded, ABU: 0
2026-06-26 00:43:48.004: [INFO] BookmarkNodeAdded, ABU: 0
2026-06-26 00:43:48.005: [INFO] BookmarkNodeAdded, ABU: 0
2026-06-26 00:43:48.005: [INFO] BookmarkNodeAdded, ABU: 0
2026-06-26 00:43:48.006: [INFO] BookmarkNodeAdded, ABU: 0
2026-06-26 00:43:48.006: [INFO] BookmarkNodeAdded, ABU: 0
2026-06-26 00:43:48.007: [INFO] BookmarkNodeAdded, ABU: 0
2026-06-26 00:43:48.007: [INFO] BookmarkNodeAdded, ABU: 0
2026-06-26 00:43:48.007: [INFO] BookmarkNodeAdded, ABU: 0
2026-06-26 00:43:48.008: [INFO] BookmarkNodeAdded, ABU: 0
2026-06-26 00:43:48.009: [INFO] BookmarkNodeAdded, ABU: 0
2026-06-26 00:43:48.009: [INFO] BookmarkNodeAdded, ABU: 0
2026-06-26 00:43:48.010: [INFO] BookmarkNodeAdded, ABU: 0
2026-06-26 00:43:48.010: [INFO] BookmarkNodeAdded, ABU: 0
2026-06-26 00:43:48.011: [INFO] BookmarkNodeAdded, ABU: 0
2026-06-26 00:43:48.011: [INFO] BookmarkNodeAdded, ABU: 0
2026-06-26 00:43:48.011: [INFO] BookmarkNodeAdded, ABU: 0
2026-06-26 00:43:48.012: [INFO] BookmarkNodeAdded, ABU: 0
2026-06-26 00:43:48.012: [INFO] BookmarkNodeAdded, ABU: 0
2026-06-26 00:43:48.013: [INFO] BookmarkNodeAdded, ABU: 0
2026-06-26 00:43:48.014: [INFO] BookmarkNodeAdded, ABU: 0
2026-06-26 00:43:48.015: [INFO] BookmarkNodeAdded, ABU: 0
2026-06-26 00:43:48.015: [INFO] BookmarkNodeAdded, ABU: 0
2026-06-26 00:43:48.015: [INFO] BookmarkNodeAdded, ABU: 0
2026-06-26 00:43:48.016: [INFO] BookmarkNodeAdded, ABU: 0
2026-06-26 00:43:48.016: [INFO] BookmarkNodeAdded, ABU: 0
2026-06-26 00:43:48.016: [INFO] BookmarkNodeAdded, ABU: 0
2026-06-26 00:43:48.017: [INFO] BookmarkNodeAdded, ABU: 0
2026-06-26 00:43:48.017: [INFO] BookmarkNodeAdded, ABU: 0
2026-06-26 00:43:48.018: [INFO] BookmarkNodeAdded, ABU: 0
2026-06-26 00:43:48.018: [INFO] BookmarkNodeAdded, ABU: 0
2026-06-26 00:43:48.018: [INFO] BookmarkNodeAdded, ABU: 0
2026-06-26 00:43:48.019: [INFO] BookmarkNodeAdded, ABU: 0
2026-06-26 00:43:48.019: [INFO] BookmarkNodeAdded, ABU: 0
2026-06-26 00:43:48.019: [INFO] BookmarkNodeAdded, ABU: 0
2026-06-26 00:43:48.020: [INFO] BookmarkNodeAdded, ABU: 0
2026-06-26 00:43:48.020: [INFO] BookmarkNodeAdded, ABU: 0
2026-06-26 00:43:48.020: [INFO] BookmarkNodeAdded, ABU: 0
2026-06-26 00:43:48.021: [INFO] BookmarkNodeAdded, ABU: 0
2026-06-26 00:43:48.021: [INFO] BookmarkNodeAdded, ABU: 0
2026-06-26 00:43:48.022: [INFO] BookmarkNodeAdded, ABU: 0
2026-06-26 00:43:48.022: [INFO] BookmarkNodeAdded, ABU: 0
2026-06-26 00:43:48.022: [INFO] BookmarkNodeAdded, ABU: 0
2026-06-26 00:43:48.023: [INFO] BookmarkNodeAdded, ABU: 0
2026-06-26 00:43:48.023: [INFO] BookmarkNodeAdded, ABU: 0
2026-06-26 00:43:48.023: [INFO] BookmarkNodeAdded, ABU: 0
2026-06-26 00:43:48.024: [INFO] BookmarkNodeAdded, ABU: 0
2026-06-26 00:43:48.025: [INFO] BookmarkNodeAdded, ABU: 0
2026-06-26 00:43:48.025: [INFO] BookmarkNodeAdded, ABU: 0
2026-06-26 00:43:48.025: [INFO] BookmarkNodeAdded, ABU: 0
2026-06-26 00:43:48.026: [INFO] BookmarkNodeAdded, ABU: 0
2026-06-26 00:43:48.026: [INFO] BookmarkNodeAdded, ABU: 0
2026-06-26 00:43:48.027: [INFO] BookmarkNodeAdded, ABU: 0
2026-06-26 00:43:48.028: [INFO] BookmarkNodeAdded, ABU: 0
2026-06-26 00:43:48.029: [INFO] BookmarkNodeAdded, ABU: 0
2026-06-26 00:43:48.029: [INFO] BookmarkNodeAdded, ABU: 0
2026-06-26 00:43:48.030: [INFO] BookmarkNodeAdded, ABU: 0
2026-06-26 00:43:48.030: [INFO] BookmarkNodeAdded, ABU: 0
2026-06-26 00:43:48.031: [INFO] BookmarkNodeAdded, ABU: 0
2026-06-26 00:43:48.032: [INFO] BookmarkNodeAdded, ABU: 0
2026-06-26 00:43:48.032: [INFO] BookmarkNodeAdded, ABU: 0
2026-06-26 00:43:48.032: [INFO] BookmarkNodeAdded, ABU: 0
2026-06-26 00:43:48.033: [INFO] BookmarkNodeAdded, ABU: 0
2026-06-26 00:43:48.033: [INFO] BookmarkNodeAdded, ABU: 0
2026-06-26 00:43:48.034: [INFO] BookmarkNodeAdded, ABU: 0
2026-06-26 00:43:48.034: [INFO] BookmarkNodeAdded, ABU: 0
2026-06-26 00:43:48.034: [INFO] BookmarkNodeAdded, ABU: 0
2026-06-26 00:43:48.035: [INFO] BookmarkNodeAdded, ABU: 0
2026-06-26 00:43:48.035: [INFO] BookmarkNodeAdded, ABU: 0
2026-06-26 00:43:48.036: [INFO] BookmarkNodeAdded, ABU: 0
2026-06-26 00:43:48.036: [INFO] BookmarkNodeAdded, ABU: 0
2026-06-26 00:43:48.036: [INFO] BookmarkNodeAdded, ABU: 0
2026-06-26 00:43:48.036: [INFO] BookmarkNodeAdded, ABU: 0
2026-06-26 00:43:48.037: [INFO] BookmarkNodeAdded, ABU: 0
2026-06-26 00:43:48.037: [INFO] BookmarkNodeAdded, ABU: 0
2026-06-26 00:43:48.037: [INFO] BookmarkNodeAdded, ABU: 0
2026-06-26 00:43:48.037: [INFO] BookmarkNodeAdded, ABU: 0
2026-06-26 00:43:48.038: [INFO] BookmarkNodeAdded, ABU: 0
2026-06-26 00:43:48.038: [INFO] BookmarkNodeAdded, ABU: 0
2026-06-26 00:43:48.039: [INFO] BookmarkNodeAdded, ABU: 0
2026-06-26 00:43:48.039: [INFO] BookmarkNodeAdded, ABU: 0
2026-06-26 00:43:48.040: [INFO] BookmarkNodeAdded, ABU: 0
2026-06-26 00:43:48.041: [INFO] BookmarkNodeAdded, ABU: 0
2026-06-26 00:43:48.041: [INFO] BookmarkNodeAdded, ABU: 0
2026-06-26 00:43:48.042: [INFO] BookmarkNodeAdded, ABU: 0
2026-06-26 00:43:48.042: [INFO] BookmarkNodeAdded, ABU: 0
2026-06-26 00:43:48.042: [INFO] BookmarkNodeAdded, ABU: 0
2026-06-26 00:43:48.043: [INFO] BookmarkNodeAdded, ABU: 0
2026-06-26 00:43:48.043: [INFO] BookmarkNodeAdded, ABU: 0
2026-06-26 00:43:48.043: [INFO] BookmarkNodeAdded, ABU: 0
2026-06-26 00:43:48.043: [INFO] BookmarkNodeAdded, ABU: 0
2026-06-26 00:43:48.043: [INFO] BookmarkNodeAdded, ABU: 0
2026-06-26 00:43:48.044: [INFO] BookmarkNodeAdded, ABU: 0
2026-06-26 00:43:48.044: [INFO] BookmarkNodeAdded, ABU: 0
2026-06-26 00:43:48.044: [INFO] BookmarkNodeAdded, ABU: 0
2026-06-26 00:43:48.045: [INFO] BookmarkNodeAdded, ABU: 0
2026-06-26 00:43:48.045: [INFO] BookmarkNodeAdded, ABU: 0
2026-06-26 00:43:48.046: [INFO] BookmarkNodeAdded, ABU: 0
2026-06-26 00:43:48.046: [INFO] BookmarkNodeAdded, ABU: 0
2026-06-26 00:43:48.046: [INFO] BookmarkNodeAdded, ABU: 0
2026-06-26 00:43:48.047: [INFO] BookmarkNodeAdded, ABU: 0
2026-06-26 00:43:48.047: [INFO] BookmarkNodeAdded, ABU: 0
2026-06-26 00:43:48.047: [INFO] BookmarkNodeAdded, ABU: 0
2026-06-26 00:43:48.047: [INFO] BookmarkNodeAdded, ABU: 0
2026-06-26 00:43:48.048: [INFO] BookmarkNodeAdded, ABU: 0
2026-06-26 00:43:48.048: [INFO] BookmarkNodeAdded, ABU: 0
2026-06-26 00:43:48.048: [INFO] BookmarkNodeAdded, ABU: 0
2026-06-26 00:43:48.049: [INFO] BookmarkNodeAdded, ABU: 0
2026-06-26 00:43:48.049: [INFO] BookmarkNodeAdded, ABU: 0
2026-06-26 00:43:48.050: [INFO] BookmarkNodeAdded, ABU: 0
2026-06-26 00:43:48.050: [INFO] BookmarkNodeAdded, ABU: 0
2026-06-26 00:43:48.050: [INFO] BookmarkNodeAdded, ABU: 0
2026-06-26 00:43:48.051: [INFO] BookmarkNodeAdded, ABU: 0
2026-06-26 00:43:48.051: [INFO] BookmarkNodeAdded, ABU: 0
2026-06-26 00:43:48.052: [INFO] BookmarkNodeAdded, ABU: 0
2026-06-26 00:43:48.052: [INFO] BookmarkNodeAdded, ABU: 0
2026-06-26 00:43:48.053: [INFO] BookmarkNodeAdded, ABU: 0
2026-06-26 00:43:48.053: [INFO] BookmarkNodeAdded, ABU: 0
2026-06-26 00:43:48.054: [INFO] BookmarkNodeAdded, ABU: 0
2026-06-26 00:43:48.054: [INFO] BookmarkNodeAdded, ABU: 0
2026-06-26 00:43:48.054: [INFO] BookmarkNodeAdded, ABU: 0
2026-06-26 00:43:48.055: [INFO] BookmarkNodeAdded, ABU: 0
2026-06-26 00:43:48.055: [INFO] BookmarkNodeAdded, ABU: 0
2026-06-26 00:43:48.056: [INFO] BookmarkNodeAdded, ABU: 0
2026-06-26 00:43:48.056: [INFO] BookmarkNodeAdded, ABU: 0
2026-06-26 00:43:48.056: [INFO] BookmarkNodeAdded, ABU: 0
2026-06-26 00:43:48.056: [INFO] BookmarkNodeAdded, ABU: 0
2026-06-26 00:43:48.056: [INFO] BookmarkNodeAdded, ABU: 0
2026-06-26 00:43:48.057: [INFO] BookmarkNodeAdded, ABU: 0
2026-06-26 00:43:48.057: [INFO] BookmarkNodeAdded, ABU: 0
2026-06-26 00:43:48.057: [INFO] BookmarkNodeAdded, ABU: 0
2026-06-26 00:43:48.058: [INFO] BookmarkNodeAdded, ABU: 0
2026-06-26 00:43:48.058: [INFO] BookmarkNodeAdded, ABU: 0
2026-06-26 00:43:48.059: [INFO] BookmarkNodeAdded, ABU: 0
2026-06-26 00:43:48.059: [INFO] BookmarkNodeAdded, ABU: 0
2026-06-26 00:43:48.060: [INFO] BookmarkNodeAdded, ABU: 0
2026-06-26 00:43:48.060: [INFO] BookmarkNodeAdded, ABU: 0
2026-06-26 00:43:48.060: [INFO] BookmarkNodeAdded, ABU: 0
2026-06-26 00:43:48.060: [INFO] BookmarkNodeAdded, ABU: 0
2026-06-26 00:43:48.061: [INFO] BookmarkNodeAdded, ABU: 0
2026-06-26 00:43:48.061: [INFO] BookmarkNodeAdded, ABU: 0
2026-06-26 00:43:48.061: [INFO] BookmarkNodeAdded, ABU: 0
2026-06-26 00:43:48.062: [INFO] BookmarkNodeAdded, ABU: 0
2026-06-26 00:43:48.062: [INFO] BookmarkNodeAdded, ABU: 0
2026-06-26 00:43:48.062: [INFO] BookmarkNodeAdded, ABU: 0
2026-06-26 00:43:48.062: [INFO] BookmarkNodeAdded, ABU: 0
2026-06-26 00:43:48.063: [INFO] BookmarkNodeAdded, ABU: 0
2026-06-26 00:43:48.063: [INFO] BookmarkNodeAdded, ABU: 0
2026-06-26 00:43:48.063: [INFO] BookmarkNodeAdded, ABU: 0
2026-06-26 00:43:48.063: [INFO] BookmarkNodeAdded, ABU: 0
2026-06-26 00:43:48.064: [INFO] BookmarkNodeAdded, ABU: 0
2026-06-26 00:43:48.064: [INFO] BookmarkNodeAdded, ABU: 0
2026-06-26 00:43:48.064: [INFO] BookmarkNodeAdded, ABU: 0
2026-06-26 00:43:48.065: [INFO] BookmarkNodeAdded, ABU: 0
2026-06-26 00:43:48.065: [INFO] BookmarkNodeAdded, ABU: 0
2026-06-26 00:43:48.066: [INFO] BookmarkNodeAdded, ABU: 0
2026-06-26 00:43:48.066: [INFO] BookmarkNodeAdded, ABU: 0
2026-06-26 00:43:48.067: [INFO] BookmarkNodeAdded, ABU: 0
2026-06-26 00:43:48.067: [INFO] BookmarkNodeAdded, ABU: 0
2026-06-26 00:43:48.067: [INFO] BookmarkNodeAdded, ABU: 0
2026-06-26 00:43:48.068: [INFO] BookmarkNodeAdded, ABU: 0
2026-06-26 00:43:48.068: [INFO] BookmarkNodeAdded, ABU: 0
2026-06-26 00:43:48.069: [INFO] BookmarkNodeAdded, ABU: 0
2026-06-26 00:43:48.069: [INFO] BookmarkNodeAdded, ABU: 0
2026-06-26 00:43:48.069: [INFO] BookmarkNodeAdded, ABU: 0
2026-06-26 00:43:48.070: [INFO] BookmarkNodeAdded, ABU: 0
2026-06-26 00:43:48.070: [INFO] BookmarkNodeAdded, ABU: 0
2026-06-26 00:43:48.071: [INFO] BookmarkNodeAdded, ABU: 0
2026-06-26 00:43:48.071: [INFO] BookmarkNodeAdded, ABU: 0
2026-06-26 00:43:48.071: [INFO] BookmarkNodeAdded, ABU: 0
2026-06-26 00:43:48.072: [INFO] BookmarkNodeAdded, ABU: 0
2026-06-26 00:43:48.072: [INFO] BookmarkNodeAdded, ABU: 0
2026-06-26 00:43:48.072: [INFO] BookmarkNodeAdded, ABU: 0
2026-06-26 00:43:48.073: [INFO] BookmarkNodeAdded, ABU: 0
2026-06-26 00:43:48.073: [INFO] BookmarkNodeAdded, ABU: 0
2026-06-26 00:43:48.074: [INFO] BookmarkNodeAdded, ABU: 0
2026-06-26 00:43:48.074: [INFO] BookmarkNodeAdded, ABU: 0
2026-06-26 00:43:48.075: [INFO] BookmarkNodeAdded, ABU: 0
2026-06-26 00:43:48.076: [INFO] BookmarkNodeAdded, ABU: 0
2026-06-26 00:43:48.076: [INFO] BookmarkNodeAdded, ABU: 0
2026-06-26 00:43:48.076: [INFO] BookmarkNodeAdded, ABU: 0
2026-06-26 00:43:48.077: [INFO] BookmarkNodeAdded, ABU: 0
2026-06-26 00:43:48.078: [INFO] BookmarkNodeAdded, ABU: 0
2026-06-26 00:43:48.078: [INFO] BookmarkNodeAdded, ABU: 0
2026-06-26 00:43:48.079: [INFO] BookmarkNodeAdded, ABU: 0
2026-06-26 00:43:48.080: [INFO] BookmarkNodeAdded, ABU: 0
2026-06-26 00:43:48.080: [INFO] BookmarkNodeAdded, ABU: 0
2026-06-26 00:43:48.081: [INFO] BookmarkNodeAdded, ABU: 0
2026-06-26 00:43:48.081: [INFO] BookmarkNodeAdded, ABU: 0
2026-06-26 00:43:48.081: [INFO] BookmarkNodeAdded, ABU: 0
2026-06-26 00:43:48.082: [INFO] BookmarkNodeAdded, ABU: 0
2026-06-26 00:43:48.082: [INFO] BookmarkNodeAdded, ABU: 0
2026-06-26 00:43:48.083: [INFO] BookmarkNodeAdded, ABU: 0
2026-06-26 00:43:48.083: [INFO] BookmarkNodeAdded, ABU: 0
2026-06-26 00:43:48.084: [INFO] BookmarkNodeAdded, ABU: 0
2026-06-26 00:43:48.084: [INFO] BookmarkNodeAdded, ABU: 0
2026-06-26 00:43:48.084: [INFO] BookmarkNodeAdded, ABU: 0
2026-06-26 00:43:48.085: [INFO] BookmarkNodeAdded, ABU: 0
2026-06-26 00:43:48.085: [INFO] BookmarkNodeAdded, ABU: 0
2026-06-26 00:43:48.086: [INFO] BookmarkNodeAdded, ABU: 0
2026-06-26 00:43:48.087: [INFO] BookmarkNodeAdded, ABU: 0
2026-06-26 00:43:48.088: [INFO] BookmarkNodeAdded, ABU: 0
2026-06-26 00:43:48.088: [INFO] BookmarkNodeAdded, ABU: 0
2026-06-26 00:43:48.089: [INFO] BookmarkNodeAdded, ABU: 0
2026-06-26 00:43:48.089: [INFO] BookmarkNodeAdded, ABU: 0
2026-06-26 00:43:48.090: [INFO] BookmarkNodeAdded, ABU: 0
2026-06-26 00:43:48.090: [INFO] BookmarkNodeAdded, ABU: 0
2026-06-26 00:43:48.091: [INFO] BookmarkNodeAdded, ABU: 0
2026-06-26 00:43:48.091: [INFO] BookmarkNodeAdded, ABU: 0
2026-06-26 00:43:48.091: [INFO] BookmarkNodeAdded, ABU: 0
2026-06-26 00:43:48.092: [INFO] BookmarkNodeAdded, ABU: 0
2026-06-26 00:43:48.092: [INFO] BookmarkNodeAdded, ABU: 0
2026-06-26 00:43:48.093: [INFO] BookmarkNodeAdded, ABU: 0
2026-06-26 00:43:48.094: [INFO] BookmarkNodeAdded, ABU: 0
2026-06-26 00:43:48.094: [INFO] BookmarkNodeAdded, ABU: 0
2026-06-26 00:43:48.094: [INFO] BookmarkNodeAdded, ABU: 0
2026-06-26 00:43:48.095: [INFO] BookmarkNodeAdded, ABU: 0
2026-06-26 00:43:48.095: [INFO] BookmarkNodeAdded, ABU: 0
2026-06-26 00:43:48.096: [INFO] BookmarkNodeAdded, ABU: 0
2026-06-26 00:43:48.096: [INFO] BookmarkNodeAdded, ABU: 0
2026-06-26 00:43:48.096: [INFO] BookmarkNodeAdded, ABU: 0
2026-06-26 00:43:48.097: [INFO] BookmarkNodeAdded, ABU: 0
2026-06-26 00:43:48.097: [INFO] BookmarkNodeAdded, ABU: 0
2026-06-26 00:43:48.097: [INFO] BookmarkNodeAdded, ABU: 0
2026-06-26 00:43:48.097: [INFO] BookmarkNodeAdded, ABU: 0
2026-06-26 00:43:48.097: [INFO] BookmarkNodeAdded, ABU: 0
2026-06-26 00:43:48.098: [INFO] BookmarkNodeAdded, ABU: 0
2026-06-26 00:43:48.099: [INFO] BookmarkNodeAdded, ABU: 0
2026-06-26 00:43:48.099: [INFO] BookmarkNodeAdded, ABU: 0
2026-06-26 00:43:48.100: [INFO] BookmarkNodeAdded, ABU: 0
2026-06-26 00:43:48.101: [INFO] BookmarkNodeAdded, ABU: 0
2026-06-26 00:43:48.102: [INFO] BookmarkNodeAdded, ABU: 0
2026-06-26 00:43:48.102: [INFO] BookmarkNodeAdded, ABU: 0
2026-06-26 00:43:48.102: [INFO] BookmarkNodeAdded, ABU: 0
2026-06-26 00:43:48.102: [INFO] BookmarkNodeAdded, ABU: 0
2026-06-26 00:43:48.103: [INFO] BookmarkNodeAdded, ABU: 0
2026-06-26 00:43:48.103: [INFO] BookmarkNodeAdded, ABU: 0
2026-06-26 00:43:48.104: [INFO] BookmarkNodeAdded, ABU: 0
2026-06-26 00:43:48.104: [INFO] BookmarkNodeAdded, ABU: 0
2026-06-26 00:43:48.104: [INFO] BookmarkNodeAdded, ABU: 0
2026-06-26 00:43:48.105: [INFO] BookmarkNodeAdded, ABU: 0
2026-06-26 00:43:48.105: [INFO] BookmarkNodeAdded, ABU: 0
2026-06-26 00:43:48.106: [INFO] BookmarkNodeAdded, ABU: 0
2026-06-26 00:43:48.106: [INFO] BookmarkNodeAdded, ABU: 0
2026-06-26 00:43:48.107: [INFO] BookmarkNodeAdded, ABU: 0
2026-06-26 00:43:48.107: [INFO] BookmarkNodeAdded, ABU: 0
2026-06-26 00:43:48.107: [INFO] BookmarkNodeAdded, ABU: 0
2026-06-26 00:43:48.108: [INFO] BookmarkNodeAdded, ABU: 0
2026-06-26 00:43:48.108: [INFO] BookmarkNodeAdded, ABU: 0
2026-06-26 00:43:48.109: [INFO] BookmarkNodeAdded, ABU: 0
2026-06-26 00:43:48.109: [INFO] BookmarkNodeAdded, ABU: 0
2026-06-26 00:43:48.109: [INFO] BookmarkNodeAdded, ABU: 0
2026-06-26 00:43:48.110: [INFO] BookmarkNodeAdded, ABU: 0
2026-06-26 00:43:48.110: [INFO] BookmarkNodeAdded, ABU: 0
2026-06-26 00:43:48.111: [INFO] BookmarkNodeAdded, ABU: 0
2026-06-26 00:43:48.111: [INFO] BookmarkNodeAdded, ABU: 0
2026-06-26 00:43:48.112: [INFO] BookmarkNodeAdded, ABU: 0
2026-06-26 00:43:48.112: [INFO] BookmarkNodeAdded, ABU: 0
2026-06-26 00:43:48.112: [INFO] BookmarkNodeAdded, ABU: 0
2026-06-26 00:43:48.113: [INFO] BookmarkNodeAdded, ABU: 0
2026-06-26 00:43:48.113: [INFO] BookmarkNodeAdded, ABU: 0
2026-06-26 00:43:48.114: [INFO] BookmarkNodeAdded, ABU: 0
2026-06-26 00:43:48.115: [INFO] BookmarkNodeAdded, ABU: 0
2026-06-26 00:43:48.115: [INFO] BookmarkNodeAdded, ABU: 0
2026-06-26 00:43:48.116: [INFO] BookmarkNodeAdded, ABU: 0
2026-06-26 00:43:48.116: [INFO] BookmarkNodeAdded, ABU: 0
2026-06-26 00:43:48.117: [INFO] BookmarkNodeAdded, ABU: 0
2026-06-26 00:43:48.117: [INFO] BookmarkNodeAdded, ABU: 0
2026-06-26 00:43:48.118: [INFO] BookmarkNodeAdded, ABU: 0
2026-06-26 00:43:48.118: [INFO] BookmarkNodeAdded, ABU: 0
2026-06-26 00:43:48.119: [INFO] BookmarkNodeAdded, ABU: 0
2026-06-26 00:43:48.119: [INFO] BookmarkNodeAdded, ABU: 0
2026-06-26 00:43:48.119: [INFO] BookmarkNodeAdded, ABU: 0
2026-06-26 00:43:48.120: [INFO] BookmarkNodeAdded, ABU: 0
2026-06-26 00:43:48.121: [INFO] BookmarkNodeAdded, ABU: 0
2026-06-26 00:43:48.121: [INFO] BookmarkNodeAdded, ABU: 0
2026-06-26 00:43:48.122: [INFO] BookmarkNodeAdded, ABU: 0
2026-06-26 00:43:48.122: [INFO] BookmarkNodeAdded, ABU: 0
2026-06-26 00:43:48.122: [INFO] BookmarkNodeAdded, ABU: 0
2026-06-26 00:43:48.123: [INFO] BookmarkNodeAdded, ABU: 0
2026-06-26 00:43:48.123: [INFO] BookmarkNodeAdded, ABU: 0
2026-06-26 00:43:48.124: [INFO] BookmarkNodeAdded, ABU: 0
2026-06-26 00:43:48.124: [INFO] BookmarkNodeAdded, ABU: 0
2026-06-26 00:43:48.125: [INFO] BookmarkNodeAdded, ABU: 0
2026-06-26 00:43:48.125: [INFO] BookmarkNodeAdded, ABU: 0
2026-06-26 00:43:48.126: [INFO] BookmarkNodeAdded, ABU: 0
2026-06-26 00:43:48.126: [INFO] BookmarkNodeAdded, ABU: 0
2026-06-26 00:43:48.127: [INFO] BookmarkNodeAdded, ABU: 0
2026-06-26 00:43:48.127: [INFO] BookmarkNodeAdded, ABU: 0
2026-06-26 00:43:48.128: [INFO] BookmarkNodeAdded, ABU: 0
2026-06-26 00:43:48.128: [INFO] BookmarkNodeAdded, ABU: 0
2026-06-26 00:43:48.128: [INFO] BookmarkNodeAdded, ABU: 0
2026-06-26 00:43:48.129: [INFO] BookmarkNodeAdded, ABU: 0
2026-06-26 00:43:48.129: [INFO] BookmarkNodeAdded, ABU: 0
2026-06-26 00:43:48.130: [INFO] BookmarkNodeAdded, ABU: 0
2026-06-26 00:43:48.130: [INFO] BookmarkNodeAdded, ABU: 0
2026-06-26 00:43:48.131: [INFO] BookmarkNodeAdded, ABU: 0
2026-06-26 00:43:48.131: [INFO] BookmarkNodeAdded, ABU: 0
2026-06-26 00:43:48.132: [INFO] BookmarkNodeAdded, ABU: 0
2026-06-26 00:43:48.132: [INFO] BookmarkNodeAdded, ABU: 0
2026-06-26 00:43:48.133: [INFO] BookmarkNodeAdded, ABU: 0
2026-06-26 00:43:48.134: [INFO] BookmarkNodeAdded, ABU: 0
2026-06-26 00:43:48.135: [INFO] BookmarkNodeAdded, ABU: 0
2026-06-26 00:43:48.136: [INFO] BookmarkNodeAdded, ABU: 0
2026-06-26 00:43:48.136: [INFO] BookmarkNodeAdded, ABU: 0
2026-06-26 00:43:48.136: [INFO] BookmarkNodeAdded, ABU: 0
2026-06-26 00:43:48.137: [INFO] BookmarkNodeAdded, ABU: 0
2026-06-26 00:43:48.137: [INFO] BookmarkNodeAdded, ABU: 0
2026-06-26 00:43:48.138: [INFO] BookmarkNodeAdded, ABU: 0
2026-06-26 00:43:48.138: [INFO] BookmarkNodeAdded, ABU: 0
2026-06-26 00:43:48.139: [INFO] BookmarkNodeAdded, ABU: 0
2026-06-26 00:43:48.139: [INFO] BookmarkNodeAdded, ABU: 0
2026-06-26 00:43:48.139: [INFO] BookmarkNodeAdded, ABU: 0
2026-06-26 00:43:48.139: [INFO] BookmarkNodeAdded, ABU: 0
2026-06-26 00:43:48.140: [INFO] BookmarkNodeAdded, ABU: 0
2026-06-26 00:43:48.140: [INFO] BookmarkNodeAdded, ABU: 0
2026-06-26 00:43:48.141: [INFO] BookmarkNodeAdded, ABU: 0
2026-06-26 00:43:48.141: [INFO] BookmarkNodeAdded, ABU: 0
2026-06-26 00:43:48.142: [INFO] BookmarkNodeAdded, ABU: 0
2026-06-26 00:43:48.142: [INFO] BookmarkNodeAdded, ABU: 0
2026-06-26 00:43:48.142: [INFO] BookmarkNodeAdded, ABU: 0
2026-06-26 00:43:48.143: [INFO] BookmarkNodeAdded, ABU: 0
2026-06-26 00:43:48.143: [INFO] BookmarkNodeAdded, ABU: 0
2026-06-26 00:43:48.144: [INFO] BookmarkNodeAdded, ABU: 0
2026-06-26 00:43:48.144: [INFO] BookmarkNodeAdded, ABU: 0
2026-06-26 00:43:48.144: [INFO] BookmarkNodeAdded, ABU: 0
2026-06-26 00:43:48.144: [INFO] BookmarkNodeAdded, ABU: 0
2026-06-26 00:43:48.145: [INFO] BookmarkNodeAdded, ABU: 0
2026-06-26 00:43:48.145: [INFO] BookmarkNodeAdded, ABU: 0
2026-06-26 00:43:48.146: [INFO] BookmarkNodeAdded, ABU: 0
2026-06-26 00:43:48.146: [INFO] BookmarkNodeAdded, ABU: 0
2026-06-26 00:43:48.147: [INFO] BookmarkNodeAdded, ABU: 0
2026-06-26 00:43:48.147: [INFO] BookmarkNodeAdded, ABU: 0
2026-06-26 00:43:48.147: [INFO] BookmarkNodeAdded, ABU: 0
2026-06-26 00:43:48.148: [INFO] BookmarkNodeAdded, ABU: 0
2026-06-26 00:43:48.148: [INFO] BookmarkNodeAdded, ABU: 0
2026-06-26 00:43:48.149: [INFO] BookmarkNodeAdded, ABU: 0
2026-06-26 00:43:48.149: [INFO] BookmarkNodeAdded, ABU: 0
2026-06-26 00:43:48.150: [INFO] BookmarkNodeAdded, ABU: 0
2026-06-26 00:43:48.150: [INFO] BookmarkNodeAdded, ABU: 0
2026-06-26 00:43:48.151: [INFO] BookmarkNodeAdded, ABU: 0
2026-06-26 00:43:48.152: [INFO] BookmarkNodeAdded, ABU: 0
2026-06-26 00:43:48.152: [INFO] BookmarkNodeAdded, ABU: 0
2026-06-26 00:43:48.153: [INFO] BookmarkNodeAdded, ABU: 0
2026-06-26 00:43:48.154: [INFO] BookmarkNodeAdded, ABU: 0
2026-06-26 00:43:48.155: [INFO] BookmarkNodeAdded, ABU: 0
2026-06-26 00:43:48.156: [INFO] BookmarkNodeAdded, ABU: 0
2026-06-26 00:43:48.156: [INFO] BookmarkNodeAdded, ABU: 0
2026-06-26 00:43:48.157: [INFO] BookmarkNodeAdded, ABU: 0
2026-06-26 00:43:48.157: [INFO] BookmarkNodeAdded, ABU: 0
2026-06-26 00:43:48.158: [INFO] BookmarkNodeAdded, ABU: 0
2026-06-26 00:43:48.158: [INFO] BookmarkNodeAdded, ABU: 0
2026-06-26 00:43:48.159: [INFO] BookmarkNodeAdded, ABU: 0
2026-06-26 00:43:48.159: [INFO] BookmarkNodeAdded, ABU: 0
2026-06-26 00:43:48.160: [INFO] BookmarkNodeAdded, ABU: 0
2026-06-26 00:43:48.160: [INFO] BookmarkNodeAdded, ABU: 0
2026-06-26 00:43:48.161: [INFO] BookmarkNodeAdded, ABU: 0
2026-06-26 00:43:48.161: [INFO] BookmarkNodeAdded, ABU: 0
2026-06-26 00:43:48.162: [INFO] BookmarkNodeAdded, ABU: 0
2026-06-26 00:43:48.162: [INFO] BookmarkNodeAdded, ABU: 0
2026-06-26 00:43:48.162: [INFO] BookmarkNodeAdded, ABU: 0
2026-06-26 00:43:48.163: [INFO] BookmarkNodeAdded, ABU: 0
2026-06-26 00:43:48.163: [INFO] BookmarkNodeAdded, ABU: 0
2026-06-26 00:43:48.163: [INFO] BookmarkNodeAdded, ABU: 0
2026-06-26 00:43:48.163: [INFO] BookmarkNodeAdded, ABU: 0
2026-06-26 00:43:48.164: [INFO] BookmarkNodeAdded, ABU: 0
2026-06-26 00:43:48.164: [INFO] BookmarkNodeAdded, ABU: 0
2026-06-26 00:43:48.164: [INFO] BookmarkNodeAdded, ABU: 0
2026-06-26 00:43:48.165: [INFO] BookmarkNodeAdded, ABU: 0
2026-06-26 00:43:48.165: [INFO] BookmarkNodeAdded, ABU: 0
2026-06-26 00:43:48.165: [INFO] BookmarkNodeAdded, ABU: 0
2026-06-26 00:43:48.166: [INFO] BookmarkNodeAdded, ABU: 0
2026-06-26 00:43:48.166: [INFO] BookmarkNodeAdded, ABU: 0
2026-06-26 00:43:48.167: [INFO] BookmarkNodeAdded, ABU: 0
2026-06-26 00:43:48.167: [INFO] BookmarkNodeAdded, ABU: 0
2026-06-26 00:43:48.167: [INFO] BookmarkNodeAdded, ABU: 0
2026-06-26 00:43:48.168: [INFO] BookmarkNodeAdded, ABU: 0
2026-06-26 00:43:48.168: [INFO] BookmarkNodeAdded, ABU: 0
2026-06-26 00:43:48.169: [INFO] BookmarkNodeAdded, ABU: 0
2026-06-26 00:43:48.169: [INFO] BookmarkNodeAdded, ABU: 0
2026-06-26 00:43:48.169: [INFO] BookmarkNodeAdded, ABU: 0
2026-06-26 00:43:48.170: [INFO] BookmarkNodeAdded, ABU: 0
2026-06-26 00:43:48.170: [INFO] BookmarkNodeAdded, ABU: 0
2026-06-26 00:43:48.170: [INFO] BookmarkNodeAdded, ABU: 0
2026-06-26 00:43:48.171: [INFO] BookmarkNodeAdded, ABU: 0
2026-06-26 00:43:48.171: [INFO] BookmarkNodeAdded, ABU: 0
2026-06-26 00:43:48.171: [INFO] BookmarkNodeAdded, ABU: 0
2026-06-26 00:43:48.172: [INFO] BookmarkNodeAdded, ABU: 0
2026-06-26 00:43:48.172: [INFO] BookmarkNodeAdded, ABU: 0
2026-06-26 00:43:48.173: [INFO] BookmarkNodeAdded, ABU: 0
2026-06-26 00:43:48.173: [INFO] BookmarkNodeAdded, ABU: 0
2026-06-26 00:43:48.173: [INFO] BookmarkNodeAdded, ABU: 0
2026-06-26 00:43:48.174: [INFO] BookmarkNodeAdded, ABU: 0
2026-06-26 00:43:48.174: [INFO] BookmarkNodeAdded, ABU: 0
2026-06-26 00:43:48.175: [INFO] BookmarkNodeAdded, ABU: 0
2026-06-26 00:43:48.175: [INFO] BookmarkNodeAdded, ABU: 0
2026-06-26 00:43:48.176: [INFO] BookmarkNodeAdded, ABU: 0
2026-06-26 00:43:48.177: [INFO] BookmarkNodeAdded, ABU: 0
2026-06-26 00:43:48.177: [INFO] BookmarkNodeAdded, ABU: 0
2026-06-26 00:43:48.178: [INFO] BookmarkNodeAdded, ABU: 0
2026-06-26 00:43:48.179: [INFO] BookmarkNodeAdded, ABU: 0
2026-06-26 00:43:48.180: [INFO] BookmarkNodeAdded, ABU: 0
2026-06-26 00:43:48.180: [INFO] BookmarkNodeAdded, ABU: 0
2026-06-26 00:43:48.181: [INFO] BookmarkNodeAdded, ABU: 0
2026-06-26 00:43:48.182: [INFO] BookmarkNodeAdded, ABU: 0
2026-06-26 00:43:48.182: [INFO] BookmarkNodeAdded, ABU: 0
2026-06-26 00:43:48.183: [INFO] BookmarkNodeAdded, ABU: 0
2026-06-26 00:43:48.183: [INFO] BookmarkNodeAdded, ABU: 0
2026-06-26 00:43:48.184: [INFO] BookmarkNodeAdded, ABU: 0
2026-06-26 00:43:48.184: [INFO] BookmarkNodeAdded, ABU: 0
2026-06-26 00:43:48.185: [INFO] BookmarkNodeAdded, ABU: 0
2026-06-26 00:43:48.185: [INFO] BookmarkNodeAdded, ABU: 0
2026-06-26 00:43:48.186: [INFO] BookmarkNodeAdded, ABU: 0
2026-06-26 00:43:48.187: [INFO] BookmarkNodeAdded, ABU: 0
2026-06-26 00:43:48.188: [INFO] BookmarkNodeAdded, ABU: 0
2026-06-26 00:43:48.189: [INFO] BookmarkNodeAdded, ABU: 0
2026-06-26 00:43:48.190: [INFO] BookmarkNodeAdded, ABU: 0
2026-06-26 00:43:48.190: [INFO] BookmarkNodeAdded, ABU: 0
2026-06-26 00:43:48.191: [INFO] BookmarkNodeAdded, ABU: 0
2026-06-26 00:43:48.191: [INFO] BookmarkNodeAdded, ABU: 0
2026-06-26 00:43:48.192: [INFO] BookmarkNodeAdded, ABU: 0
2026-06-26 00:43:48.192: [INFO] BookmarkNodeAdded, ABU: 0
2026-06-26 00:43:48.193: [INFO] BookmarkNodeAdded, ABU: 0
2026-06-26 00:43:48.193: [INFO] BookmarkNodeAdded, ABU: 0
2026-06-26 00:43:48.194: [INFO] BookmarkNodeAdded, ABU: 0
2026-06-26 00:43:48.194: [INFO] BookmarkNodeAdded, ABU: 0
2026-06-26 00:43:48.195: [INFO] BookmarkNodeAdded, ABU: 0
2026-06-26 00:43:48.195: [INFO] BookmarkNodeAdded, ABU: 0
2026-06-26 00:43:48.196: [INFO] BookmarkNodeAdded, ABU: 0
2026-06-26 00:43:48.196: [INFO] BookmarkNodeAdded, ABU: 0
2026-06-26 00:43:48.197: [INFO] BookmarkNodeAdded, ABU: 0
2026-06-26 00:43:48.197: [INFO] BookmarkNodeAdded, ABU: 0
2026-06-26 00:43:48.197: [INFO] BookmarkNodeAdded, ABU: 0
2026-06-26 00:43:48.198: [INFO] BookmarkNodeAdded, ABU: 0
2026-06-26 00:43:48.198: [INFO] BookmarkNodeAdded, ABU: 0
2026-06-26 00:43:48.198: [INFO] BookmarkNodeAdded, ABU: 0
2026-06-26 00:43:48.199: [INFO] BookmarkNodeAdded, ABU: 0
2026-06-26 00:43:48.199: [INFO] BookmarkNodeAdded, ABU: 0
2026-06-26 00:43:48.200: [INFO] BookmarkNodeAdded, ABU: 0
2026-06-26 00:43:48.200: [INFO] BookmarkNodeAdded, ABU: 0
2026-06-26 00:43:48.200: [INFO] BookmarkNodeAdded, ABU: 0
2026-06-26 00:43:48.201: [INFO] BookmarkNodeAdded, ABU: 0
2026-06-26 00:43:48.201: [INFO] BookmarkNodeAdded, ABU: 0
2026-06-26 00:43:48.202: [INFO] BookmarkNodeAdded, ABU: 0
2026-06-26 00:43:48.202: [INFO] BookmarkNodeAdded, ABU: 0
2026-06-26 00:43:48.202: [INFO] BookmarkNodeAdded, ABU: 0
2026-06-26 00:43:48.203: [INFO] BookmarkNodeAdded, ABU: 0
2026-06-26 00:43:48.203: [INFO] BookmarkNodeAdded, ABU: 0
2026-06-26 00:43:48.203: [INFO] BookmarkNodeAdded, ABU: 0
2026-06-26 00:43:48.204: [INFO] BookmarkNodeAdded, ABU: 0
2026-06-26 00:43:48.204: [INFO] BookmarkNodeAdded, ABU: 0
2026-06-26 00:43:48.205: [INFO] BookmarkNodeAdded, ABU: 0
2026-06-26 00:43:48.205: [INFO] BookmarkNodeAdded, ABU: 0
2026-06-26 00:43:48.206: [INFO] BookmarkNodeAdded, ABU: 0
2026-06-26 00:43:48.206: [INFO] BookmarkNodeAdded, ABU: 0
2026-06-26 00:43:48.207: [INFO] BookmarkNodeAdded, ABU: 0
2026-06-26 00:43:48.207: [INFO] BookmarkNodeAdded, ABU: 0
2026-06-26 00:43:48.208: [INFO] BookmarkNodeAdded, ABU: 0
2026-06-26 00:43:48.208: [INFO] BookmarkNodeAdded, ABU: 0
2026-06-26 00:43:48.208: [INFO] BookmarkNodeAdded, ABU: 0
2026-06-26 00:43:48.209: [INFO] BookmarkNodeAdded, ABU: 0
2026-06-26 00:43:48.209: [INFO] BookmarkNodeAdded, ABU: 0
2026-06-26 00:43:48.209: [INFO] BookmarkNodeAdded, ABU: 0
2026-06-26 00:43:48.209: [INFO] BookmarkNodeAdded, ABU: 0
2026-06-26 00:43:48.210: [INFO] BookmarkNodeAdded, ABU: 0
2026-06-26 00:43:48.210: [INFO] BookmarkNodeAdded, ABU: 0
2026-06-26 00:43:48.211: [INFO] BookmarkNodeAdded, ABU: 0
2026-06-26 00:43:48.211: [INFO] BookmarkNodeAdded, ABU: 0
2026-06-26 00:43:48.211: [INFO] BookmarkNodeAdded, ABU: 0
2026-06-26 00:43:48.212: [INFO] BookmarkNodeAdded, ABU: 0
2026-06-26 00:43:48.212: [INFO] BookmarkNodeAdded, ABU: 0
2026-06-26 00:43:48.213: [INFO] BookmarkNodeAdded, ABU: 0
2026-06-26 00:43:48.213: [INFO] BookmarkNodeAdded, ABU: 0
2026-06-26 00:43:48.213: [INFO] BookmarkNodeAdded, ABU: 0
2026-06-26 00:43:48.214: [INFO] BookmarkNodeAdded, ABU: 0
2026-06-26 00:43:53.033: [INFO] Sync initialization duration: 11906ms
