{"logTime": "0626/003052", "correlationVector":"Qo035yc5Mn6k58CrDEzUVg.1","action":"SyncServerConnectionManagerRequest", "result":"SYNC_SERVER_OK", "context":{"environment":"Prod_southeastasia_prod-s01-064-apac-southeastasia", "migrationStage":"NotStarted", "server":"akswtt00100002u"}}
{"logTime": "0626/003052", "correlationVector":"Qo035yc5Mn6k58CrDEzUVg.2","action":"ProcessGetUpdates", "result":"Done", "context":{"dataType":"Encryption Keys", "deleted":"0", "process_failed_to_decrypt":"0", "process_pending_decryption":"0", "process_success":"1", "total":"1"}}
{"logTime": "0626/003053", "correlationVector":"MXGm8yZ19dOU20ULrkxrch","action":"SyncServerConnectionManagerRequest", "result":"SYNC_SERVER_ERROR", "context":{"environment":"", "error_type":"http_status_code", "error_value":"400", "migrationStage":"", "server":""}}
{"logTime": "0626/003053", "correlationVector":"Qo035yc5Mn6k58CrDEzUVg","action":"Initial GetUpdates", "result":"", "context":Reason: NEW_CLIENT. cV=Qo035yc5Mn6k58CrDEzUVg}
{"logTime": "0626/003053", "correlationVector":"Qo035yc5Mn6k58CrDEzUVg.3","action":"GetUpdates Response", "result":"Success", "context":Received 1 update(s). cV=Qo035yc5Mn6k58CrDEzUVg.0;server=akswtt00100002u;cloudType=Consumer;environment=Prod_southeastasia_prod-s01-064-apac-southeastasia;migrationStage=NotStarted}
{"logTime": "0626/003054", "correlationVector":"ffIaCX2Rn8kcGrg8kZQQZv","action":"Initial GetUpdates", "result":"", "context":Reason: NEW_CLIENT. cV=ffIaCX2Rn8kcGrg8kZQQZv}
{"logTime": "0626/003055", "correlationVector":"ffIaCX2Rn8kcGrg8kZQQZv.1","action":"SyncServerConnectionManagerRequest", "result":"SYNC_SERVER_OK", "context":{"environment":"Prod_southeastasia_prod-s01-064-apac-southeastasia", "migrationStage":"NotStarted", "server":"akswtt00100004m"}}
{"logTime": "0626/003055", "correlationVector":"ffIaCX2Rn8kcGrg8kZQQZv.2","action":"ProcessGetUpdates", "result":"Done", "context":{"dataType":"Preferences", "deleted":"0", "process_failed_to_decrypt":"0", "process_pending_decryption":"0", "process_success":"135", "total":"135"}}
{"logTime": "0626/003055", "correlationVector":"ffIaCX2Rn8kcGrg8kZQQZv.3","action":"ProcessGetUpdates", "result":"Done", "context":{"dataType":"Device Info", "deleted":"0", "process_failed_to_decrypt":"0", "process_pending_decryption":"0", "process_success":"23", "total":"23"}}
{"logTime": "0626/003055", "correlationVector":"ffIaCX2Rn8kcGrg8kZQQZv.4","action":"GetUpdates Response", "result":"Success", "context":Received 158 update(s). cV=ffIaCX2Rn8kcGrg8kZQQZv.0;server=akswtt00100004m;cloudType=Consumer;environment=Prod_southeastasia_prod-s01-064-apac-southeastasia;migrationStage=NotStarted}
{"logTime": "0626/003055", "correlationVector":"uvAz2CS00dc4xGAbkcIXCm","action":"SyncServerConnectionManagerRequest", "result":"SYNC_SERVER_ERROR", "context":{"environment":"", "error_type":"http_status_code", "error_value":"400", "migrationStage":"", "server":""}}
{"logTime": "0626/003055", "correlationVector":"U1SNKnwoChVmNAgh4oAO96","action":"Initial GetUpdates", "result":"", "context":Reason: NEW_CLIENT. cV=U1SNKnwoChVmNAgh4oAO96}
{"logTime": "0626/003056", "correlationVector":"U1SNKnwoChVmNAgh4oAO96.1","action":"SyncServerConnectionManagerRequest", "result":"SYNC_SERVER_OK", "context":{"environment":"Prod_southeastasia_prod-s01-064-apac-southeastasia", "migrationStage":"NotStarted", "server":"akswtt00100002x"}}
{"logTime": "0626/003056", "correlationVector":"U1SNKnwoChVmNAgh4oAO96.2","action":"ProcessGetUpdates", "result":"Done", "context":{"dataType":"Bookmarks", "deleted":"0", "process_failed_to_decrypt":"0", "process_pending_decryption":"0", "process_success":"250", "total":"250"}}
{"logTime": "0626/003056", "correlationVector":"U1SNKnwoChVmNAgh4oAO96.3","action":"GetUpdates Response", "result":"Success", "context":Received 250 update(s). cV=U1SNKnwoChVmNAgh4oAO96.0;server=akswtt00100002x;cloudType=Consumer;environment=Prod_southeastasia_prod-s01-064-apac-southeastasia;migrationStage=NotStarted Some updates remain.}
{"logTime": "0626/003056", "correlationVector":"TPFW8Gtn9Xr+CF07jHgreC","action":"Initial GetUpdates", "result":"", "context":Reason: NEW_CLIENT. cV=TPFW8Gtn9Xr+CF07jHgreC}
{"logTime": "0626/003057", "correlationVector":"TPFW8Gtn9Xr+CF07jHgreC.1","action":"SyncServerConnectionManagerRequest", "result":"SYNC_SERVER_OK", "context":{"environment":"Prod_southeastasia_prod-s01-064-apac-southeastasia", "migrationStage":"NotStarted", "server":"akswtt00100003s"}}
{"logTime": "0626/003057", "correlationVector":"TPFW8Gtn9Xr+CF07jHgreC.2","action":"ProcessGetUpdates", "result":"Done", "context":{"dataType":"Bookmarks", "deleted":"0", "process_failed_to_decrypt":"0", "process_pending_decryption":"0", "process_success":"247", "total":"247"}}
{"logTime": "0626/003057", "correlationVector":"TPFW8Gtn9Xr+CF07jHgreC.3","action":"GetUpdates Response", "result":"Success", "context":Received 247 update(s). cV=TPFW8Gtn9Xr+CF07jHgreC.0;server=akswtt00100003s;cloudType=Consumer;environment=Prod_southeastasia_prod-s01-064-apac-southeastasia;migrationStage=NotStarted Some updates remain.}
{"logTime": "0626/003057", "correlationVector":"m1qCexpMVQbezbvWGj3hip","action":"Initial GetUpdates", "result":"", "context":Reason: NEW_CLIENT. cV=m1qCexpMVQbezbvWGj3hip}
{"logTime": "0626/003057", "correlationVector":"m1qCexpMVQbezbvWGj3hip.1","action":"SyncServerConnectionManagerRequest", "result":"SYNC_SERVER_OK", "context":{"environment":"Prod_southeastasia_prod-s01-064-apac-southeastasia", "migrationStage":"NotStarted", "server":"akswtt00100002k"}}
{"logTime": "0626/003057", "correlationVector":"m1qCexpMVQbezbvWGj3hip.2","action":"ProcessGetUpdates", "result":"Done", "context":{"dataType":"Bookmarks", "deleted":"0", "process_failed_to_decrypt":"0", "process_pending_decryption":"0", "process_success":"99", "total":"99"}}
{"logTime": "0626/003057", "correlationVector":"m1qCexpMVQbezbvWGj3hip.3","action":"GetUpdates Response", "result":"Success", "context":Received 99 update(s). cV=m1qCexpMVQbezbvWGj3hip.0;server=akswtt00100002k;cloudType=Consumer;environment=Prod_southeastasia_prod-s01-064-apac-southeastasia;migrationStage=NotStarted}
{"logTime": "0626/003058", "correlationVector":"70wqlmhjRbwEuFjlWUXUuO","action":"SyncServerConnectionManagerRequest", "result":"SYNC_SERVER_ERROR", "context":{"environment":"", "error_type":"http_status_code", "error_value":"400", "migrationStage":"", "server":""}}
{"logTime": "0626/003058", "correlationVector":"fpXdLAKI5Nt0fnwgHeT0Ho","action":"Initial GetUpdates", "result":"", "context":Reason: NEW_CLIENT. cV=fpXdLAKI5Nt0fnwgHeT0Ho}
{"logTime": "0626/003059", "correlationVector":"fpXdLAKI5Nt0fnwgHeT0Ho.1","action":"SyncServerConnectionManagerRequest", "result":"SYNC_SERVER_OK", "context":{"environment":"Prod_southeastasia_prod-s01-064-apac-southeastasia", "migrationStage":"NotStarted", "server":"akswtt00100003v"}}
{"logTime": "0626/003059", "correlationVector":"fpXdLAKI5Nt0fnwgHeT0Ho.2","action":"ProcessGetUpdates", "result":"Done", "context":{"dataType":"Extensions", "deleted":"0", "process_failed_to_decrypt":"0", "process_pending_decryption":"0", "process_success":"1", "total":"1"}}
{"logTime": "0626/003059", "correlationVector":"fpXdLAKI5Nt0fnwgHeT0Ho.3","action":"ProcessGetUpdates", "result":"Done", "context":{"dataType":"Saved Tab Group", "deleted":"0", "process_failed_to_decrypt":"0", "process_pending_decryption":"0", "process_success":"2", "total":"2"}}
{"logTime": "0626/003059", "correlationVector":"fpXdLAKI5Nt0fnwgHeT0Ho.4","action":"ProcessGetUpdates", "result":"Done", "context":{"dataType":"Edge Hub App Usage", "deleted":"0", "process_failed_to_decrypt":"0", "process_pending_decryption":"0", "process_success":"1", "total":"1"}}
{"logTime": "0626/003059", "correlationVector":"fpXdLAKI5Nt0fnwgHeT0Ho.5","action":"GetUpdates Response", "result":"Success", "context":Received 4 update(s). cV=fpXdLAKI5Nt0fnwgHeT0Ho.0;server=akswtt00100003v;cloudType=Consumer;environment=Prod_southeastasia_prod-s01-064-apac-southeastasia;migrationStage=NotStarted Some updates remain.}
{"logTime": "0626/003059", "correlationVector":"gAoDeKlTPsUlBYr8C/aeUY","action":"Initial GetUpdates", "result":"", "context":Reason: NEW_CLIENT. cV=gAoDeKlTPsUlBYr8C/aeUY}
{"logTime": "0626/003101", "correlationVector":"gAoDeKlTPsUlBYr8C/aeUY.1","action":"SyncServerConnectionManagerRequest", "result":"SYNC_SERVER_OK", "context":{"environment":"Prod_southeastasia_prod-s01-064-apac-southeastasia", "migrationStage":"NotStarted", "server":"akswtt00100002j"}}
{"logTime": "0626/003101", "correlationVector":"gAoDeKlTPsUlBYr8C/aeUY.2","action":"ProcessGetUpdates", "result":"Done", "context":{"dataType":"Edge Hub App Usage", "deleted":"0", "process_failed_to_decrypt":"0", "process_pending_decryption":"0", "process_success":"1", "total":"1"}}
{"logTime": "0626/003101", "correlationVector":"gAoDeKlTPsUlBYr8C/aeUY.3","action":"GetUpdates Response", "result":"Success", "context":Received 1 update(s). cV=gAoDeKlTPsUlBYr8C/aeUY.0;server=akswtt00100002j;cloudType=Consumer;environment=Prod_southeastasia_prod-s01-064-apac-southeastasia;migrationStage=NotStarted Some updates remain.}
{"logTime": "0626/003101", "correlationVector":"fUe7fhOohrc7xgzp7rKoOn","action":"Initial GetUpdates", "result":"", "context":Reason: NEW_CLIENT. cV=fUe7fhOohrc7xgzp7rKoOn}
{"logTime": "0626/003102", "correlationVector":"fUe7fhOohrc7xgzp7rKoOn.1","action":"SyncServerConnectionManagerRequest", "result":"SYNC_SERVER_OK", "context":{"environment":"Prod_southeastasia_prod-s01-064-apac-southeastasia", "migrationStage":"NotStarted", "server":"akswtt001000007"}}
{"logTime": "0626/003102", "correlationVector":"fUe7fhOohrc7xgzp7rKoOn.2","action":"ProcessGetUpdates", "result":"Done", "context":{"dataType":"Sessions", "deleted":"0", "process_failed_to_decrypt":"0", "process_pending_decryption":"0", "process_success":"9", "total":"9"}}
{"logTime": "0626/003102", "correlationVector":"fUe7fhOohrc7xgzp7rKoOn.3","action":"ProcessGetUpdates", "result":"Done", "context":{"dataType":"Saved Tab Group", "deleted":"0", "process_failed_to_decrypt":"0", "process_pending_decryption":"0", "process_success":"2", "total":"2"}}
{"logTime": "0626/003102", "correlationVector":"fUe7fhOohrc7xgzp7rKoOn.4","action":"ProcessGetUpdates", "result":"Done", "context":{"dataType":"Edge Hub App Usage", "deleted":"0", "process_failed_to_decrypt":"0", "process_pending_decryption":"0", "process_success":"2", "total":"2"}}
{"logTime": "0626/003102", "correlationVector":"fUe7fhOohrc7xgzp7rKoOn.5","action":"GetUpdates Response", "result":"Success", "context":Received 13 update(s). cV=fUe7fhOohrc7xgzp7rKoOn.0;server=akswtt001000007;cloudType=Consumer;environment=Prod_southeastasia_prod-s01-064-apac-southeastasia;migrationStage=NotStarted}
{"logTime": "0626/003103", "correlationVector":"ohi8ONjt8ytzzMM9uQ9vJx","action":"SyncServerConnectionManagerRequest", "result":"SYNC_SERVER_ERROR", "context":{"environment":"", "error_type":"http_status_code", "error_value":"400", "migrationStage":"", "server":""}}
{"logTime": "0626/003103", "correlationVector":"9afT8bZmITizG2UJ9bJ6S3","action":"Initial GetUpdates", "result":"", "context":Reason: NEW_CLIENT. cV=9afT8bZmITizG2UJ9bJ6S3}
{"logTime": "0626/003103", "correlationVector":"9afT8bZmITizG2UJ9bJ6S3.1","action":"SyncServerConnectionManagerRequest", "result":"SYNC_SERVER_OK", "context":{"environment":"Prod_southeastasia_prod-s01-064-apac-southeastasia", "migrationStage":"NotStarted", "server":"akswtt00100002j"}}
{"logTime": "0626/003103", "correlationVector":"9afT8bZmITizG2UJ9bJ6S3.2","action":"ProcessGetUpdates", "result":"Done", "context":{"dataType":"History", "deleted":"0", "process_failed_to_decrypt":"0", "process_pending_decryption":"0", "process_success":"250", "total":"250"}}
{"logTime": "0626/003103", "correlationVector":"9afT8bZmITizG2UJ9bJ6S3.3","action":"GetUpdates Response", "result":"Success", "context":Received 250 update(s). cV=9afT8bZmITizG2UJ9bJ6S3.0;server=akswtt00100002j;cloudType=Consumer;environment=Prod_southeastasia_prod-s01-064-apac-southeastasia;migrationStage=NotStarted Some updates remain.}
{"logTime": "0626/003103", "correlationVector":"S6j/aZSXwsMVLS8s01II/B","action":"Initial GetUpdates", "result":"", "context":Reason: NEW_CLIENT. cV=S6j/aZSXwsMVLS8s01II/B}
{"logTime": "0626/003104", "correlationVector":"S6j/aZSXwsMVLS8s01II/B.1","action":"SyncServerConnectionManagerRequest", "result":"SYNC_SERVER_OK", "context":{"environment":"Prod_southeastasia_prod-s01-064-apac-southeastasia", "migrationStage":"NotStarted", "server":"akswtt00100002j"}}
{"logTime": "0626/003104", "correlationVector":"S6j/aZSXwsMVLS8s01II/B.2","action":"ProcessGetUpdates", "result":"Done", "context":{"dataType":"History", "deleted":"0", "process_failed_to_decrypt":"0", "process_pending_decryption":"0", "process_success":"250", "total":"250"}}
{"logTime": "0626/003104", "correlationVector":"S6j/aZSXwsMVLS8s01II/B.3","action":"GetUpdates Response", "result":"Success", "context":Received 250 update(s). cV=S6j/aZSXwsMVLS8s01II/B.0;server=akswtt00100002j;cloudType=Consumer;environment=Prod_southeastasia_prod-s01-064-apac-southeastasia;migrationStage=NotStarted Some updates remain.}
{"logTime": "0626/003104", "correlationVector":"iP07O+B4XyltEDVwCkZUpG","action":"Initial GetUpdates", "result":"", "context":Reason: NEW_CLIENT. cV=iP07O+B4XyltEDVwCkZUpG}
{"logTime": "0626/003105", "correlationVector":"iP07O+B4XyltEDVwCkZUpG.1","action":"SyncServerConnectionManagerRequest", "result":"SYNC_SERVER_OK", "context":{"environment":"Prod_southeastasia_prod-s01-064-apac-southeastasia", "migrationStage":"NotStarted", "server":"akswtt00100003v"}}
{"logTime": "0626/003105", "correlationVector":"iP07O+B4XyltEDVwCkZUpG.2","action":"ProcessGetUpdates", "result":"Done", "context":{"dataType":"History", "deleted":"0", "process_failed_to_decrypt":"0", "process_pending_decryption":"0", "process_success":"250", "total":"250"}}
{"logTime": "0626/003105", "correlationVector":"iP07O+B4XyltEDVwCkZUpG.3","action":"GetUpdates Response", "result":"Success", "context":Received 250 update(s). cV=iP07O+B4XyltEDVwCkZUpG.0;server=akswtt00100003v;cloudType=Consumer;environment=Prod_southeastasia_prod-s01-064-apac-southeastasia;migrationStage=NotStarted Some updates remain.}
{"logTime": "0626/003105", "correlationVector":"PM+bkId7Q6yaUoElKjzyuu","action":"Initial GetUpdates", "result":"", "context":Reason: NEW_CLIENT. cV=PM+bkId7Q6yaUoElKjzyuu}
{"logTime": "0626/003105", "correlationVector":"PM+bkId7Q6yaUoElKjzyuu.1","action":"SyncServerConnectionManagerRequest", "result":"SYNC_SERVER_OK", "context":{"environment":"Prod_southeastasia_prod-s01-064-apac-southeastasia", "migrationStage":"NotStarted", "server":"akswtt00100003s"}}
{"logTime": "0626/003105", "correlationVector":"PM+bkId7Q6yaUoElKjzyuu.2","action":"ProcessGetUpdates", "result":"Done", "context":{"dataType":"History", "deleted":"0", "process_failed_to_decrypt":"0", "process_pending_decryption":"0", "process_success":"250", "total":"250"}}
{"logTime": "0626/003105", "correlationVector":"PM+bkId7Q6yaUoElKjzyuu.3","action":"GetUpdates Response", "result":"Success", "context":Received 250 update(s). cV=PM+bkId7Q6yaUoElKjzyuu.0;server=akswtt00100003s;cloudType=Consumer;environment=Prod_southeastasia_prod-s01-064-apac-southeastasia;migrationStage=NotStarted Some updates remain.}
{"logTime": "0626/003105", "correlationVector":"BaCT63o+ZW798XXTxa+pea","action":"Initial GetUpdates", "result":"", "context":Reason: NEW_CLIENT. cV=BaCT63o+ZW798XXTxa+pea}
{"logTime": "0626/003106", "correlationVector":"BaCT63o+ZW798XXTxa+pea.1","action":"SyncServerConnectionManagerRequest", "result":"SYNC_SERVER_OK", "context":{"environment":"Prod_southeastasia_prod-s01-064-apac-southeastasia", "migrationStage":"NotStarted", "server":"akswtt00100003q"}}
{"logTime": "0626/003106", "correlationVector":"BaCT63o+ZW798XXTxa+pea.2","action":"ProcessGetUpdates", "result":"Done", "context":{"dataType":"History", "deleted":"0", "process_failed_to_decrypt":"0", "process_pending_decryption":"0", "process_success":"250", "total":"250"}}
{"logTime": "0626/003106", "correlationVector":"BaCT63o+ZW798XXTxa+pea.3","action":"GetUpdates Response", "result":"Success", "context":Received 250 update(s). cV=BaCT63o+ZW798XXTxa+pea.0;server=akswtt00100003q;cloudType=Consumer;environment=Prod_southeastasia_prod-s01-064-apac-southeastasia;migrationStage=NotStarted Some updates remain.}
{"logTime": "0626/003106", "correlationVector":"G6LsDJOcxvcYyjpT/vRQEC","action":"Initial GetUpdates", "result":"", "context":Reason: NEW_CLIENT. cV=G6LsDJOcxvcYyjpT/vRQEC}
{"logTime": "0626/003107", "correlationVector":"G6LsDJOcxvcYyjpT/vRQEC.1","action":"SyncServerConnectionManagerRequest", "result":"SYNC_SERVER_OK", "context":{"environment":"Prod_southeastasia_prod-s01-064-apac-southeastasia", "migrationStage":"NotStarted", "server":"akswtt00100002j"}}
{"logTime": "0626/003107", "correlationVector":"G6LsDJOcxvcYyjpT/vRQEC.2","action":"ProcessGetUpdates", "result":"Done", "context":{"dataType":"History", "deleted":"0", "process_failed_to_decrypt":"0", "process_pending_decryption":"0", "process_success":"250", "total":"250"}}
{"logTime": "0626/003107", "correlationVector":"G6LsDJOcxvcYyjpT/vRQEC.3","action":"GetUpdates Response", "result":"Success", "context":Received 250 update(s). cV=G6LsDJOcxvcYyjpT/vRQEC.0;server=akswtt00100002j;cloudType=Consumer;environment=Prod_southeastasia_prod-s01-064-apac-southeastasia;migrationStage=NotStarted Some updates remain.}
{"logTime": "0626/003107", "correlationVector":"etftLJ6U9d1hFrEstOWox+","action":"Initial GetUpdates", "result":"", "context":Reason: NEW_CLIENT. cV=etftLJ6U9d1hFrEstOWox+}
{"logTime": "0626/003107", "correlationVector":"etftLJ6U9d1hFrEstOWox+.1","action":"SyncServerConnectionManagerRequest", "result":"SYNC_SERVER_OK", "context":{"environment":"Prod_southeastasia_prod-s01-064-apac-southeastasia", "migrationStage":"NotStarted", "server":"akswtt00100003b"}}
{"logTime": "0626/003107", "correlationVector":"etftLJ6U9d1hFrEstOWox+.2","action":"ProcessGetUpdates", "result":"Done", "context":{"dataType":"History", "deleted":"0", "process_failed_to_decrypt":"0", "process_pending_decryption":"0", "process_success":"250", "total":"250"}}
{"logTime": "0626/003107", "correlationVector":"etftLJ6U9d1hFrEstOWox+.3","action":"GetUpdates Response", "result":"Success", "context":Received 250 update(s). cV=etftLJ6U9d1hFrEstOWox+.0;server=akswtt00100003b;cloudType=Consumer;environment=Prod_southeastasia_prod-s01-064-apac-southeastasia;migrationStage=NotStarted Some updates remain.}
{"logTime": "0626/003107", "correlationVector":"sSekwLH9ws7lh+GezoDtqs","action":"Initial GetUpdates", "result":"", "context":Reason: NEW_CLIENT. cV=sSekwLH9ws7lh+GezoDtqs}
{"logTime": "0626/003108", "correlationVector":"sSekwLH9ws7lh+GezoDtqs.1","action":"SyncServerConnectionManagerRequest", "result":"SYNC_SERVER_OK", "context":{"environment":"Prod_southeastasia_prod-s01-064-apac-southeastasia", "migrationStage":"NotStarted", "server":"akswtt00100003o"}}
{"logTime": "0626/003108", "correlationVector":"sSekwLH9ws7lh+GezoDtqs.2","action":"ProcessGetUpdates", "result":"Done", "context":{"dataType":"History", "deleted":"0", "process_failed_to_decrypt":"0", "process_pending_decryption":"0", "process_success":"250", "total":"250"}}
{"logTime": "0626/003108", "correlationVector":"sSekwLH9ws7lh+GezoDtqs.3","action":"GetUpdates Response", "result":"Success", "context":Received 250 update(s). cV=sSekwLH9ws7lh+GezoDtqs.0;server=akswtt00100003o;cloudType=Consumer;environment=Prod_southeastasia_prod-s01-064-apac-southeastasia;migrationStage=NotStarted Some updates remain.}
{"logTime": "0626/003108", "correlationVector":"6P3LeFFereiOn4QIlrXbmf","action":"Initial GetUpdates", "result":"", "context":Reason: NEW_CLIENT. cV=6P3LeFFereiOn4QIlrXbmf}
{"logTime": "0626/003109", "correlationVector":"6P3LeFFereiOn4QIlrXbmf.1","action":"SyncServerConnectionManagerRequest", "result":"SYNC_SERVER_OK", "context":{"environment":"Prod_southeastasia_prod-s01-064-apac-southeastasia", "migrationStage":"NotStarted", "server":"akswtt00100004k"}}
{"logTime": "0626/003109", "correlationVector":"6P3LeFFereiOn4QIlrXbmf.2","action":"ProcessGetUpdates", "result":"Done", "context":{"dataType":"History", "deleted":"0", "process_failed_to_decrypt":"0", "process_pending_decryption":"0", "process_success":"250", "total":"250"}}
{"logTime": "0626/003109", "correlationVector":"6P3LeFFereiOn4QIlrXbmf.3","action":"GetUpdates Response", "result":"Success", "context":Received 250 update(s). cV=6P3LeFFereiOn4QIlrXbmf.0;server=akswtt00100004k;cloudType=Consumer;environment=Prod_southeastasia_prod-s01-064-apac-southeastasia;migrationStage=NotStarted Some updates remain.}
{"logTime": "0626/003109", "correlationVector":"+bTdXF69n7CDhjQtpbNTHI","action":"Initial GetUpdates", "result":"", "context":Reason: NEW_CLIENT. cV=+bTdXF69n7CDhjQtpbNTHI}
{"logTime": "0626/003109", "correlationVector":"+bTdXF69n7CDhjQtpbNTHI.1","action":"SyncServerConnectionManagerRequest", "result":"SYNC_SERVER_OK", "context":{"environment":"Prod_southeastasia_prod-s01-064-apac-southeastasia", "migrationStage":"NotStarted", "server":"akswtt001000040"}}
{"logTime": "0626/003109", "correlationVector":"+bTdXF69n7CDhjQtpbNTHI.2","action":"ProcessGetUpdates", "result":"Done", "context":{"dataType":"History", "deleted":"0", "process_failed_to_decrypt":"0", "process_pending_decryption":"0", "process_success":"250", "total":"250"}}
{"logTime": "0626/003109", "correlationVector":"+bTdXF69n7CDhjQtpbNTHI.3","action":"GetUpdates Response", "result":"Success", "context":Received 250 update(s). cV=+bTdXF69n7CDhjQtpbNTHI.0;server=akswtt001000040;cloudType=Consumer;environment=Prod_southeastasia_prod-s01-064-apac-southeastasia;migrationStage=NotStarted Some updates remain.}
{"logTime": "0626/003109", "correlationVector":"bQcTxqQtVgc0Ez9T9ayB2h","action":"Initial GetUpdates", "result":"", "context":Reason: NEW_CLIENT. cV=bQcTxqQtVgc0Ez9T9ayB2h}
{"logTime": "0626/003110", "correlationVector":"bQcTxqQtVgc0Ez9T9ayB2h.1","action":"SyncServerConnectionManagerRequest", "result":"SYNC_SERVER_OK", "context":{"environment":"Prod_southeastasia_prod-s01-064-apac-southeastasia", "migrationStage":"NotStarted", "server":"akswtt001000007"}}
{"logTime": "0626/003110", "correlationVector":"bQcTxqQtVgc0Ez9T9ayB2h.2","action":"ProcessGetUpdates", "result":"Done", "context":{"dataType":"History", "deleted":"0", "process_failed_to_decrypt":"0", "process_pending_decryption":"0", "process_success":"250", "total":"250"}}
{"logTime": "0626/003110", "correlationVector":"bQcTxqQtVgc0Ez9T9ayB2h.3","action":"GetUpdates Response", "result":"Success", "context":Received 250 update(s). cV=bQcTxqQtVgc0Ez9T9ayB2h.0;server=akswtt001000007;cloudType=Consumer;environment=Prod_southeastasia_prod-s01-064-apac-southeastasia;migrationStage=NotStarted Some updates remain.}
{"logTime": "0626/003110", "correlationVector":"ACtB7nwJytN8ufQL3MI8pW","action":"Initial GetUpdates", "result":"", "context":Reason: NEW_CLIENT. cV=ACtB7nwJytN8ufQL3MI8pW}
{"logTime": "0626/003111", "correlationVector":"ACtB7nwJytN8ufQL3MI8pW.1","action":"SyncServerConnectionManagerRequest", "result":"SYNC_SERVER_OK", "context":{"environment":"Prod_southeastasia_prod-s01-064-apac-southeastasia", "migrationStage":"NotStarted", "server":"akswtt001000047"}}
{"logTime": "0626/003111", "correlationVector":"ACtB7nwJytN8ufQL3MI8pW.2","action":"ProcessGetUpdates", "result":"Done", "context":{"dataType":"History", "deleted":"0", "process_failed_to_decrypt":"0", "process_pending_decryption":"0", "process_success":"250", "total":"250"}}
{"logTime": "0626/003111", "correlationVector":"ACtB7nwJytN8ufQL3MI8pW.3","action":"GetUpdates Response", "result":"Success", "context":Received 250 update(s). cV=ACtB7nwJytN8ufQL3MI8pW.0;server=akswtt001000047;cloudType=Consumer;environment=Prod_southeastasia_prod-s01-064-apac-southeastasia;migrationStage=NotStarted Some updates remain.}
{"logTime": "0626/003111", "correlationVector":"U8lXm1iKA5J3wPERsItNPm","action":"Initial GetUpdates", "result":"", "context":Reason: NEW_CLIENT. cV=U8lXm1iKA5J3wPERsItNPm}
{"logTime": "0626/003111", "correlationVector":"U8lXm1iKA5J3wPERsItNPm.1","action":"SyncServerConnectionManagerRequest", "result":"SYNC_SERVER_OK", "context":{"environment":"Prod_southeastasia_prod-s01-064-apac-southeastasia", "migrationStage":"NotStarted", "server":"akswtt00100002m"}}
{"logTime": "0626/003111", "correlationVector":"U8lXm1iKA5J3wPERsItNPm.2","action":"ProcessGetUpdates", "result":"Done", "context":{"dataType":"History", "deleted":"0", "process_failed_to_decrypt":"0", "process_pending_decryption":"0", "process_success":"250", "total":"250"}}
{"logTime": "0626/003111", "correlationVector":"U8lXm1iKA5J3wPERsItNPm.3","action":"GetUpdates Response", "result":"Success", "context":Received 250 update(s). cV=U8lXm1iKA5J3wPERsItNPm.0;server=akswtt00100002m;cloudType=Consumer;environment=Prod_southeastasia_prod-s01-064-apac-southeastasia;migrationStage=NotStarted Some updates remain.}
{"logTime": "0626/003111", "correlationVector":"yl1i4m6FLIZAOBivMoCz7j","action":"Initial GetUpdates", "result":"", "context":Reason: NEW_CLIENT. cV=yl1i4m6FLIZAOBivMoCz7j}
{"logTime": "0626/003112", "correlationVector":"yl1i4m6FLIZAOBivMoCz7j.1","action":"SyncServerConnectionManagerRequest", "result":"SYNC_SERVER_OK", "context":{"environment":"Prod_southeastasia_prod-s01-064-apac-southeastasia", "migrationStage":"NotStarted", "server":"akswtt00100002v"}}
{"logTime": "0626/003112", "correlationVector":"yl1i4m6FLIZAOBivMoCz7j.2","action":"ProcessGetUpdates", "result":"Done", "context":{"dataType":"History", "deleted":"0", "process_failed_to_decrypt":"0", "process_pending_decryption":"0", "process_success":"250", "total":"250"}}
{"logTime": "0626/003112", "correlationVector":"yl1i4m6FLIZAOBivMoCz7j.3","action":"GetUpdates Response", "result":"Success", "context":Received 250 update(s). cV=yl1i4m6FLIZAOBivMoCz7j.0;server=akswtt00100002v;cloudType=Consumer;environment=Prod_southeastasia_prod-s01-064-apac-southeastasia;migrationStage=NotStarted Some updates remain.}
{"logTime": "0626/003112", "correlationVector":"N07djDH/SqPh3O9yeELZjN","action":"Initial GetUpdates", "result":"", "context":Reason: NEW_CLIENT. cV=N07djDH/SqPh3O9yeELZjN}
{"logTime": "0626/003112", "correlationVector":"N07djDH/SqPh3O9yeELZjN.1","action":"SyncServerConnectionManagerRequest", "result":"SYNC_SERVER_OK", "context":{"environment":"Prod_southeastasia_prod-s01-064-apac-southeastasia", "migrationStage":"NotStarted", "server":"akswtt00100003x"}}
{"logTime": "0626/003112", "correlationVector":"N07djDH/SqPh3O9yeELZjN.2","action":"ProcessGetUpdates", "result":"Done", "context":{"dataType":"History", "deleted":"0", "process_failed_to_decrypt":"0", "process_pending_decryption":"0", "process_success":"197", "total":"197"}}
{"logTime": "0626/003112", "correlationVector":"N07djDH/SqPh3O9yeELZjN.3","action":"GetUpdates Response", "result":"Success", "context":Received 197 update(s). cV=N07djDH/SqPh3O9yeELZjN.0;server=akswtt00100003x;cloudType=Consumer;environment=Prod_southeastasia_prod-s01-064-apac-southeastasia;migrationStage=NotStarted}
{"logTime": "0626/003113", "correlationVector":"LiOnQh6V1gukhbRlHjzEbR","action":"SyncServerConnectionManagerRequest", "result":"SYNC_SERVER_ERROR", "context":{"environment":"", "error_type":"http_status_code", "error_value":"400", "migrationStage":"", "server":""}}
{"logTime": "0626/003113", "correlationVector":"hx41w8WEUHuX+9Cg4hAalr","action":"Normal GetUpdate request", "result":"", "context":cV=hx41w8WEUHuX+9Cg4hAalr
Nudged types: Preferences, Sessions, Device Info, User Consents
Refresh requested types: Bookmarks, Preferences, Extensions, Sessions, Extension settings, History Delete Directives, Device Info, User Consents, Send Tab To Self, Web Apps, History, Saved Tab Group, WebAuthn Credentials, Edge E Drop, Edge Hub App Usage, Edge Wallet, Edge Workspace, Encryption Keys}
{"logTime": "0626/003113", "correlationVector":"hx41w8WEUHuX+9Cg4hAalr.1","action":"SyncServerConnectionManagerRequest", "result":"SYNC_SERVER_OK", "context":{"environment":"Prod_southeastasia_prod-s01-064-apac-southeastasia", "migrationStage":"NotStarted", "server":"akswtt001000007"}}
{"logTime": "0626/003113", "correlationVector":"hx41w8WEUHuX+9Cg4hAalr.2","action":"GetUpdates Response", "result":"Success", "context":Received 0 update(s). cV=hx41w8WEUHuX+9Cg4hAalr.0;server=akswtt001000007;cloudType=Consumer;environment=Prod_southeastasia_prod-s01-064-apac-southeastasia;migrationStage=NotStarted}
{"logTime": "0626/003113", "correlationVector":"ivaW/vSyBnEibmxLe1LFhk","action":"Commit Request", "result":"", "context":Item count: 5
Contributing types: Preferences, Sessions, Device Info, User Consents}
{"logTime": "0626/003114", "correlationVector":"ivaW/vSyBnEibmxLe1LFhk.1","action":"SyncServerConnectionManagerRequest", "result":"SYNC_SERVER_OK", "context":{"environment":"Prod_southeastasia_prod-s01-064-apac-southeastasia", "migrationStage":"NotStarted", "server":"akswtt001000049"}}
{"logTime": "0626/003114", "correlationVector":"ivaW/vSyBnEibmxLe1LFhk.2","action":"Commit Response", "result":"Success", "context":Result: Success. cV=ivaW/vSyBnEibmxLe1LFhk.0;server=akswtt001000049;cloudType=Consumer;environment=Prod_southeastasia_prod-s01-064-apac-southeastasia;migrationStage=NotStarted}
{"logTime": "0626/003114", "correlationVector":"dsxkLpVLJPwcEAQaVenCuM","action":"SyncServerConnectionManagerRequest", "result":"SYNC_SERVER_ERROR", "context":{"environment":"", "error_type":"http_status_code", "error_value":"400", "migrationStage":"", "server":""}}
{"logTime": "0626/003128", "correlationVector":"DIWCFrICfKMevHsyWKUGRE","action":"Normal GetUpdate request", "result":"", "context":cV=DIWCFrICfKMevHsyWKUGRE
Nudged types: Sessions, History
Refresh requested types: Encryption Keys}
{"logTime": "0626/003129", "correlationVector":"DIWCFrICfKMevHsyWKUGRE.1","action":"SyncServerConnectionManagerRequest", "result":"SYNC_SERVER_OK", "context":{"environment":"Prod_southeastasia_prod-s01-064-apac-southeastasia", "migrationStage":"NotStarted", "server":"akswtt001000016"}}
{"logTime": "0626/003129", "correlationVector":"DIWCFrICfKMevHsyWKUGRE.2","action":"ProcessGetUpdates", "result":"Done", "context":{"dataType":"Preferences", "deleted":"0", "process_failed_to_decrypt":"0", "process_pending_decryption":"0", "process_success":"1", "total":"1"}}
{"logTime": "0626/003129", "correlationVector":"DIWCFrICfKMevHsyWKUGRE.3","action":"ProcessGetUpdates", "result":"Done", "context":{"dataType":"Sessions", "deleted":"0", "process_failed_to_decrypt":"0", "process_pending_decryption":"0", "process_success":"2", "total":"2"}}
{"logTime": "0626/003129", "correlationVector":"DIWCFrICfKMevHsyWKUGRE.4","action":"ProcessGetUpdates", "result":"Done", "context":{"dataType":"Device Info", "deleted":"0", "process_failed_to_decrypt":"0", "process_pending_decryption":"0", "process_success":"1", "total":"1"}}
{"logTime": "0626/003129", "correlationVector":"DIWCFrICfKMevHsyWKUGRE.5","action":"GetUpdates Response", "result":"Success", "context":Received 4 update(s). cV=DIWCFrICfKMevHsyWKUGRE.0;server=akswtt001000016;cloudType=Consumer;environment=Prod_southeastasia_prod-s01-064-apac-southeastasia;migrationStage=NotStarted}
{"logTime": "0626/003129", "correlationVector":"u6bP67XprK+3XJ88YNSxY2","action":"DoCompareDataConsistency: ", "result":"has local changes and skip compare"}
{"logTime": "0626/003129", "correlationVector":"b5BZ7uTdN+VBi4/c6klcuI","action":"Commit Request", "result":"", "context":Item count: 3
Contributing types: Sessions, History}
{"logTime": "0626/003130", "correlationVector":"b5BZ7uTdN+VBi4/c6klcuI.1","action":"SyncServerConnectionManagerRequest", "result":"SYNC_SERVER_OK", "context":{"environment":"Prod_southeastasia_prod-s01-064-apac-southeastasia", "migrationStage":"NotStarted", "server":"akswtt00100003o"}}
{"logTime": "0626/003130", "correlationVector":"b5BZ7uTdN+VBi4/c6klcuI.2","action":"Commit Response", "result":"Success", "context":Result: Success. cV=b5BZ7uTdN+VBi4/c6klcuI.0;server=akswtt00100003o;cloudType=Consumer;environment=Prod_southeastasia_prod-s01-064-apac-southeastasia;migrationStage=NotStarted}
{"logTime": "0626/003130", "correlationVector":"rgD3lYvpgWUAlHDUE86wCu","action":"SyncServerConnectionManagerRequest", "result":"SYNC_SERVER_OK", "context":{"environment":"", "migrationStage":"", "server":""}}
{"logTime": "0626/003130", "correlationVector":"rgD3lYvpgWUAlHDUE86wCu.0","action":"EncryptionKeysFetcher.DownloadKeys:", "result":"Success", "context":Key count: 10, Last key timestamp: 2026-01-28T09:53:10Z}
{"logTime": "0626/003130", "correlationVector":"rgD3lYvpgWUAlHDUE86wCu.1","action":"EncryptionKeysManager::SetEncryptionKeys:", "result":"Success", "context":Key names[10]:[oIx26glY46OXnIcthEtQSnnL8TmMg93Agx+byy/Bxdw0/Dt1l6aMvc9WGLO6pK9XcKVO4Lh8GRgZKSwuTSaniA==][9dyCUGxJORQtJdpIFVqccvDNgYnfdKWcbegYCnQY1lP7wBij+YWFYhFKkg2chQ4EOT6ZyM9LmsvPbNnVCz0XBg==][icDLaX2B0/qEJN8UhNzFkyRYgtQtI1PK/YldDhP0ZdkpUJ1akp/aPxjysZ8SDnuNAKu/fvf/6y2pe/Bqny+oSw==][CqeajTsFD7S+hjfYB7vE0SVjhUsqTVmFeiRNNVoVJo+L4R/RgU5sRtMtUoA0hRaIu/S1tHH+Na8Fy77NRgGtjQ==][EcygP1zPdQGjc1e51BnY71LegL8asT8jj6t17iW0iwRT0cdDzk+ZTXLVW5tz/lL2s1VVDQ07PKLNPGMOKaPKZg==][4nwJqIXgGBBxOD00BSkTIEliKoXPS1q0vz7J6q634ZAq85r9dmqz66UMBdQv2suYEvJuVOwTUk+4rlHjfFJgig==][autMxNsxuQvS7O228FD4Rek8rOsIzGk9WbOX1rr0ULy395TCMPUtMpanpoc3GSFR0UrWzKXd7O13p2Y+p3uZ5g==][Bw0qPvbJWnZqnhy4IbFe+M9lTzWRXkjWBqyUQWU8Uw3Tqo4ndk4wNt15Tl8xzAH1NJ/CGwWdWZ/kfZFWjqy1ZA==][zNL7Hv60DN7Ny7NclqenFBYZp98239kEfuKZAVh7C6I7z7+AdX5VVgn2ebZNqzIyX+k3CxWE8QrTV+E6FcBJyw==][hxYTenxiYKJej/kOFEfpWN6SzGqqfov27wsj7bzHFbuEj1Mo7zFbvSHr5G2ykNEgmKs18qh6Ecu6KT9/OsG06g==]}
{"logTime": "0626/003130", "correlationVector":"rgD3lYvpgWUAlHDUE86wCu.2","action":"EncryptionKeysManager::SetEncryptionKeysWithTimestamps:", "result":"Success", "context":Key timestamps[10]:[2022-01-28T12:12:41Z][2022-08-28T07:45:01Z][2023-02-24T13:21:40Z][2023-09-09T12:36:42Z][2024-03-08T00:24:16Z][2024-09-04T00:46:39Z][2024-10-24T09:16:15Z][2025-04-22T10:06:28Z][2025-10-20T00:27:36Z][2026-01-28T09:53:10Z]}
{"logTime": "0626/003130", "correlationVector":"Qx94VWUSH40BQYtx/v/kLM","action":"Initial GetUpdates", "result":"", "context":Reason: NEWLY_SUPPORTED_DATATYPE. cV=Qx94VWUSH40BQYtx/v/kLM}
{"logTime": "0626/003131", "correlationVector":"Qx94VWUSH40BQYtx/v/kLM.1","action":"SyncServerConnectionManagerRequest", "result":"SYNC_SERVER_OK", "context":{"environment":"Prod_southeastasia_prod-s01-064-apac-southeastasia", "migrationStage":"NotStarted", "server":"akswtt00100002x"}}
{"logTime": "0626/003131", "correlationVector":"Qx94VWUSH40BQYtx/v/kLM.2","action":"ProcessGetUpdates", "result":"Done", "context":{"dataType":"Passwords", "deleted":"3", "process_failed_to_decrypt":"0", "process_pending_decryption":"0", "process_success":"250", "total":"250"}}
{"logTime": "0626/003131", "correlationVector":"Qx94VWUSH40BQYtx/v/kLM.3","action":"GetUpdates Response", "result":"Success", "context":Received 250 update(s). cV=Qx94VWUSH40BQYtx/v/kLM.0;server=akswtt00100002x;cloudType=Consumer;environment=Prod_southeastasia_prod-s01-064-apac-southeastasia;migrationStage=NotStarted Some updates remain.}
{"logTime": "0626/003131", "correlationVector":"I70wo26QX5Q7KbUgOw2N+h","action":"Initial GetUpdates", "result":"", "context":Reason: NEWLY_SUPPORTED_DATATYPE. cV=I70wo26QX5Q7KbUgOw2N+h}
{"logTime": "0626/003131", "correlationVector":"I70wo26QX5Q7KbUgOw2N+h.1","action":"SyncServerConnectionManagerRequest", "result":"SYNC_SERVER_OK", "context":{"environment":"Prod_southeastasia_prod-s01-064-apac-southeastasia", "migrationStage":"NotStarted", "server":"akswtt00100002x"}}
{"logTime": "0626/003131", "correlationVector":"I70wo26QX5Q7KbUgOw2N+h.2","action":"ProcessGetUpdates", "result":"Done", "context":{"dataType":"Passwords", "deleted":"0", "process_failed_to_decrypt":"0", "process_pending_decryption":"0", "process_success":"107", "total":"107"}}
{"logTime": "0626/003131", "correlationVector":"I70wo26QX5Q7KbUgOw2N+h.3","action":"GetUpdates Response", "result":"Success", "context":Received 107 update(s). cV=I70wo26QX5Q7KbUgOw2N+h.0;server=akswtt00100002x;cloudType=Consumer;environment=Prod_southeastasia_prod-s01-064-apac-southeastasia;migrationStage=NotStarted}
{"logTime": "0626/003131", "correlationVector":"RxmNIavZlL3XGjQ+0p1Od2","action":"Initial GetUpdates", "result":"", "context":Reason: NEWLY_SUPPORTED_DATATYPE. cV=RxmNIavZlL3XGjQ+0p1Od2}
{"logTime": "0626/003131", "correlationVector":"RxmNIavZlL3XGjQ+0p1Od2.1","action":"SyncServerConnectionManagerRequest", "result":"SYNC_SERVER_OK", "context":{"environment":"Prod_southeastasia_prod-s01-064-apac-southeastasia", "migrationStage":"NotStarted", "server":"akswtt00100003o"}}
{"logTime": "0626/003131", "correlationVector":"RxmNIavZlL3XGjQ+0p1Od2.2","action":"ProcessGetUpdates", "result":"Done", "context":{"dataType":"Autofill Profiles", "deleted":"0", "process_failed_to_decrypt":"0", "process_pending_decryption":"0", "process_success":"1", "total":"1"}}
{"logTime": "0626/003131", "correlationVector":"RxmNIavZlL3XGjQ+0p1Od2.3","action":"ProcessGetUpdates", "result":"Done", "context":{"dataType":"Autofill", "deleted":"0", "process_failed_to_decrypt":"0", "process_pending_decryption":"0", "process_success":"5", "total":"5"}}
{"logTime": "0626/003131", "correlationVector":"RxmNIavZlL3XGjQ+0p1Od2.4","action":"GetUpdates Response", "result":"Success", "context":Received 6 update(s). cV=RxmNIavZlL3XGjQ+0p1Od2.0;server=akswtt00100003o;cloudType=Consumer;environment=Prod_southeastasia_prod-s01-064-apac-southeastasia;migrationStage=NotStarted}
{"logTime": "0626/003132", "correlationVector":"8Nu5FQzJL5BEPQTFMMI2wI","action":"Normal GetUpdate request", "result":"", "context":cV=8Nu5FQzJL5BEPQTFMMI2wI
Nudged types: Sessions, History
Refresh requested types: Bookmarks, Preferences, Passwords, Autofill Profiles, Autofill, Extensions, Sessions, Extension settings, History Delete Directives, Device Info, User Consents, Send Tab To Self, Web Apps, History, Saved Tab Group, WebAuthn Credentials, Edge E Drop, Edge Hub App Usage, Edge Wallet, Edge Workspace, Encryption Keys}
{"logTime": "0626/003132", "correlationVector":"8Nu5FQzJL5BEPQTFMMI2wI.1","action":"SyncServerConnectionManagerRequest", "result":"SYNC_SERVER_OK", "context":{"environment":"Prod_southeastasia_prod-s01-064-apac-southeastasia", "migrationStage":"NotStarted", "server":"akswtt00100003v"}}
{"logTime": "0626/003132", "correlationVector":"8Nu5FQzJL5BEPQTFMMI2wI.2","action":"ProcessGetUpdates", "result":"Done", "context":{"dataType":"Sessions", "deleted":"0", "process_failed_to_decrypt":"0", "process_pending_decryption":"0", "process_success":"2", "total":"2"}}
{"logTime": "0626/003132", "correlationVector":"8Nu5FQzJL5BEPQTFMMI2wI.3","action":"ProcessGetUpdates", "result":"Done", "context":{"dataType":"History", "deleted":"0", "process_failed_to_decrypt":"0", "process_pending_decryption":"0", "process_success":"1", "total":"1"}}
{"logTime": "0626/003132", "correlationVector":"8Nu5FQzJL5BEPQTFMMI2wI.4","action":"GetUpdates Response", "result":"Success", "context":Received 3 update(s). cV=8Nu5FQzJL5BEPQTFMMI2wI.0;server=akswtt00100003v;cloudType=Consumer;environment=Prod_southeastasia_prod-s01-064-apac-southeastasia;migrationStage=NotStarted}
{"logTime": "0626/003230", "correlationVector":"7I5W1JtffKyHQ48ZCkpTS5","action":"Commit Request", "result":"", "context":Item count: 40
Contributing types: Passwords}
{"logTime": "0626/003235", "correlationVector":"7I5W1JtffKyHQ48ZCkpTS5.1","action":"SyncServerConnectionManagerRequest", "result":"SYNC_SERVER_OK", "context":{"environment":"Prod_southeastasia_prod-s01-064-apac-southeastasia", "migrationStage":"NotStarted", "server":"akswtt00100003p"}}
{"logTime": "0626/003235", "correlationVector":"7I5W1JtffKyHQ48ZCkpTS5.2","action":"Commit Response", "result":"Success", "context":Result: Success. cV=7I5W1JtffKyHQ48ZCkpTS5.0;server=akswtt00100003p;cloudType=Consumer;environment=Prod_southeastasia_prod-s01-064-apac-southeastasia;migrationStage=NotStarted}
{"logTime": "0626/003235", "correlationVector":"kI1aIR/yMa12zMWKqgeg9i","action":"Commit Request", "result":"", "context":Item count: 40
Contributing types: Passwords}
{"logTime": "0626/003240", "correlationVector":"kI1aIR/yMa12zMWKqgeg9i.1","action":"SyncServerConnectionManagerRequest", "result":"SYNC_SERVER_OK", "context":{"environment":"Prod_southeastasia_prod-s01-064-apac-southeastasia", "migrationStage":"NotStarted", "server":"akswtt001000047"}}
{"logTime": "0626/003240", "correlationVector":"kI1aIR/yMa12zMWKqgeg9i.2","action":"Commit Response", "result":"Success", "context":Result: Success. cV=kI1aIR/yMa12zMWKqgeg9i.0;server=akswtt001000047;cloudType=Consumer;environment=Prod_southeastasia_prod-s01-064-apac-southeastasia;migrationStage=NotStarted}
{"logTime": "0626/003241", "correlationVector":"FofZWbjGpPGJCb9mFA14Rf","action":"Commit Request", "result":"", "context":Item count: 40
Contributing types: Passwords}
{"logTime": "0626/003245", "correlationVector":"FofZWbjGpPGJCb9mFA14Rf.1","action":"SyncServerConnectionManagerRequest", "result":"SYNC_SERVER_OK", "context":{"environment":"Prod_southeastasia_prod-s01-064-apac-southeastasia", "migrationStage":"NotStarted", "server":"akswtt00100003s"}}
{"logTime": "0626/003245", "correlationVector":"FofZWbjGpPGJCb9mFA14Rf.2","action":"Commit Response", "result":"Success", "context":Result: Success. cV=FofZWbjGpPGJCb9mFA14Rf.0;server=akswtt00100003s;cloudType=Consumer;environment=Prod_southeastasia_prod-s01-064-apac-southeastasia;migrationStage=NotStarted}
{"logTime": "0626/003245", "correlationVector":"06PHpmnhRGlFDJdim1V5Fu","action":"Commit Request", "result":"", "context":Item count: 40
Contributing types: Passwords}
{"logTime": "0626/003250", "correlationVector":"06PHpmnhRGlFDJdim1V5Fu.1","action":"SyncServerConnectionManagerRequest", "result":"SYNC_SERVER_OK", "context":{"environment":"Prod_southeastasia_prod-s01-064-apac-southeastasia", "migrationStage":"NotStarted", "server":"akswtt00100002k"}}
{"logTime": "0626/003250", "correlationVector":"06PHpmnhRGlFDJdim1V5Fu.2","action":"Commit Response", "result":"Success", "context":Result: Success. cV=06PHpmnhRGlFDJdim1V5Fu.0;server=akswtt00100002k;cloudType=Consumer;environment=Prod_southeastasia_prod-s01-064-apac-southeastasia;migrationStage=NotStarted}
{"logTime": "0626/003250", "correlationVector":"bebJ4vPmW5FnugpIirlV7c","action":"Commit Request", "result":"", "context":Item count: 40
Contributing types: Passwords}
{"logTime": "0626/003255", "correlationVector":"bebJ4vPmW5FnugpIirlV7c.1","action":"SyncServerConnectionManagerRequest", "result":"SYNC_SERVER_OK", "context":{"environment":"Prod_southeastasia_prod-s01-064-apac-southeastasia", "migrationStage":"NotStarted", "server":"akswtt00100003s"}}
{"logTime": "0626/003255", "correlationVector":"bebJ4vPmW5FnugpIirlV7c.2","action":"Commit Response", "result":"Success", "context":Result: Success. cV=bebJ4vPmW5FnugpIirlV7c.0;server=akswtt00100003s;cloudType=Consumer;environment=Prod_southeastasia_prod-s01-064-apac-southeastasia;migrationStage=NotStarted}
{"logTime": "0626/003255", "correlationVector":"xA7X8FDXqozQFUJBK2xek+","action":"Commit Request", "result":"", "context":Item count: 40
Contributing types: Passwords}
