2026-06-26 00:30:48.835: [INFO][Sync] Reset engine, reason: 8
2026-06-26 00:30:48.835: [INFO][Sync] Stopped: Bookmarks
2026-06-26 00:30:48.835: [INFO][Sync] Stopped: Preferences
2026-06-26 00:30:48.835: [INFO][Sync] Stopped: Passwords
2026-06-26 00:30:48.835: [INFO][Sync] Stopped: Autofill Profiles
2026-06-26 00:30:48.835: [INFO][Sync] Stopped: Autofill
2026-06-26 00:30:48.835: [INFO][Sync] Stopped: Extensions
2026-06-26 00:30:48.835: [INFO][Sync] Stopped: Sessions
2026-06-26 00:30:48.835: [INFO][Sync] Stopped: Extension settings
2026-06-26 00:30:48.835: [INFO][Sync] Stopped: History Delete Directives
2026-06-26 00:30:48.835: [INFO][Sync] Stopped: Device Info
2026-06-26 00:30:48.835: [INFO][Sync] Stopped: User Consents
2026-06-26 00:30:48.835: [INFO][Sync] Stopped: Send Tab To Self
2026-06-26 00:30:48.835: [INFO][Sync] Stopped: Web Apps
2026-06-26 00:30:48.835: [INFO][Sync] Stopped: History
2026-06-26 00:30:48.835: [INFO][Sync] Stopped: Saved Tab Group
2026-06-26 00:30:48.835: [INFO][Sync] Stopped: WebAuthn Credentials
2026-06-26 00:30:48.835: [INFO][Sync] Stopped: Edge E Drop
2026-06-26 00:30:48.835: [INFO][Sync] Stopped: Edge Hub App Usage
2026-06-26 00:30:48.835: [INFO][Sync] Stopped: Edge Wallet
2026-06-26 00:30:48.835: [INFO][Sync] Stopped: Edge Workspace
2026-06-26 00:30:48.835: [INFO][Sync] SyncState after authenticated was: NotSignedIn
2026-06-26 00:30:50.021: [INFO][Sync] Reset engine, reason: 8
2026-06-26 00:30:50.021: [INFO][Sync] Stopped: Bookmarks
2026-06-26 00:30:50.021: [INFO][Sync] Stopped: Preferences
2026-06-26 00:30:50.021: [INFO][Sync] Stopped: Passwords
2026-06-26 00:30:50.021: [INFO][Sync] Stopped: Autofill Profiles
2026-06-26 00:30:50.021: [INFO][Sync] Stopped: Autofill
2026-06-26 00:30:50.021: [INFO][Sync] Stopped: Extensions
2026-06-26 00:30:50.021: [INFO][Sync] Stopped: Sessions
2026-06-26 00:30:50.021: [INFO][Sync] Stopped: Extension settings
2026-06-26 00:30:50.021: [INFO][Sync] Stopped: History Delete Directives
2026-06-26 00:30:50.021: [INFO][Sync] Stopped: Device Info
2026-06-26 00:30:50.021: [INFO][Sync] Stopped: User Consents
2026-06-26 00:30:50.021: [INFO][Sync] Stopped: Send Tab To Self
2026-06-26 00:30:50.021: [INFO][Sync] Stopped: Web Apps
2026-06-26 00:30:50.021: [INFO][Sync] Stopped: History
2026-06-26 00:30:50.021: [INFO][Sync] Stopped: Saved Tab Group
2026-06-26 00:30:50.021: [INFO][Sync] Stopped: WebAuthn Credentials
2026-06-26 00:30:50.021: [INFO][Sync] Stopped: Edge E Drop
2026-06-26 00:30:50.021: [INFO][Sync] Stopped: Edge Hub App Usage
2026-06-26 00:30:50.021: [INFO][Sync] Stopped: Edge Wallet
2026-06-26 00:30:50.021: [INFO][Sync] Stopped: Edge Workspace
2026-06-26 00:30:51.892: [INFO][Sync] Try to start sync engine
2026-06-26 00:30:51.893: [INFO][SyncManagerImpl::NudgeForInitialDownload] Initial download nudge for Encryption Keys
2026-06-26 00:30:51.893: [INFO][SyncEngineBackend::LoadAndConnectNigoriController] Load and connect Nigori controller
2026-06-26 00:30:51.893: [INFO][SyncEngineBackend::DoInitialize] Control Types added: Encryption Keys
2026-06-26 00:30:51.893: [INFO][SyncManagerImpl::ConfigureSyncer] Types to download: Encryption Keys with reason: 3
2026-06-26 00:30:51.893: [INFO][SyncSchedulerImpl::DoConfigurationSyncCycleJob] Configure job was blocked
2026-06-26 00:30:51.903: [INFO][SyncAuthManager::SetLastAuthError] Current auth error: None
2026-06-26 00:30:51.903: [INFO][SyncAuthManager::EdgeLogTokenErrorState] Token error with: None for account type: MSA
2026-06-26 00:30:51.903: [INFO][Sync] Credentials changed for: EdgeSyncScopeNew
2026-06-26 00:30:51.917: [INFO][SyncAuthManager::SetLastAuthError] Current auth error: None
2026-06-26 00:30:51.917: [INFO][SyncAuthManager::EdgeLogTokenErrorState] Token error with: None for account type: MSA
2026-06-26 00:30:51.917: [INFO][Sync] Credentials changed for: EdgeSyncKeyDataScope
2026-06-26 00:30:52.013: [INFO][SyncEngineBackend::DoUpdateKeyDataCredentials] Update key data credentials
2026-06-26 00:30:52.013: [INFO][SyncEngineBackend::DoUpdateCredentials] Update credentials
2026-06-26 00:30:52.013: [INFO][SyncSchedulerImpl::DoConfigurationSyncCycleJob] Blocked types:  and types to download: Encryption Keys
2026-06-26 00:30:53.013: [INFO][Sync] Started DataTypeManager configuration, reason: 4
2026-06-26 00:30:53.013: [INFO][Sync] Configuring for: Bookmarks, Preferences, Passwords, Autofill Profiles, Autofill, Extensions, Sessions, Extension settings, History Delete Directives, Device Info, User Consents, Send Tab To Self, Web Apps, History, Saved Tab Group, WebAuthn Credentials, Edge E Drop, Edge Hub App Usage, Edge Wallet, Edge Workspace, Encryption Keys, reason: 3, current state: 0
2026-06-26 00:30:53.013: [WARN][Sync] Crypto error data types: Passwords, Autofill Profiles, Autofill
2026-06-26 00:30:53.014: [INFO][Sync] Configure, desired: Bookmarks, Preferences, Extensions, Sessions, Extension settings, History Delete Directives, Device Info, User Consents, Send Tab To Self, Web Apps, History, Saved Tab Group, WebAuthn Credentials, Edge E Drop, Edge Hub App Usage, Edge Wallet, Edge Workspace, Encryption Keys; Allow fail: Passwords, Autofill Profiles, Autofill
2026-06-26 00:30:53.014: [INFO][Sync] Loading: Bookmarks
2026-06-26 00:30:53.014: [INFO][Sync] Loading: Preferences
2026-06-26 00:30:53.014: [INFO][Sync] Loading: Extensions
2026-06-26 00:30:53.014: [INFO][Sync] Loading: Sessions
2026-06-26 00:30:53.014: [INFO][Sync] Loading: Extension settings
2026-06-26 00:30:53.014: [INFO][Sync] Loading: History Delete Directives
2026-06-26 00:30:53.014: [INFO][Sync] Loading: Device Info
2026-06-26 00:30:53.014: [INFO][Sync] Loading: User Consents
2026-06-26 00:30:53.014: [INFO][Sync] Loading: Send Tab To Self
2026-06-26 00:30:53.014: [INFO][Sync] Loading: Web Apps
2026-06-26 00:30:53.014: [INFO][Sync] Loading: History
2026-06-26 00:30:53.014: [INFO][Sync] Loading: Saved Tab Group
2026-06-26 00:30:53.014: [INFO][Sync] Loading: WebAuthn Credentials
2026-06-26 00:30:53.014: [INFO][Sync] Loading: Edge E Drop
2026-06-26 00:30:53.014: [INFO][Sync] Loading: Edge Hub App Usage
2026-06-26 00:30:53.014: [INFO][Sync] Loading: Edge Wallet
2026-06-26 00:30:53.014: [INFO][Sync] Loading: Edge Workspace
2026-06-26 00:30:53.656: [INFO][Sync] Connection status changed to: 2
2026-06-26 00:30:53.656: [INFO][SyncEngineBackend::DoStartConfiguration] Start configuration
2026-06-26 00:30:53.681: [INFO][SyncAuthManager::SetLastAuthError] Current auth error: None
2026-06-26 00:30:53.681: [INFO][SyncAuthManager::EdgeLogTokenErrorState] Token error with: None for account type: MSA
2026-06-26 00:30:53.681: [INFO][Sync] Credentials changed for: EdgeSyncKeyDataScope
2026-06-26 00:30:53.681: [INFO][SyncEngineBackend::DoUpdateKeyDataCredentials] Update key data credentials
2026-06-26 00:30:54.137: [INFO][SyncAuthManager::SetLastAuthError] Current auth error: None
2026-06-26 00:30:54.137: [INFO][SyncAuthManager::EdgeLogTokenErrorState] Token error with: None for account type: MSA
2026-06-26 00:30:54.137: [INFO][Sync] Credentials changed for: EdgeSyncScopeNew
2026-06-26 00:30:54.137: [INFO][SyncEngineBackend::DoUpdateCredentials] Update credentials
2026-06-26 00:30:54.137: [INFO][SyncEngineBackend::DoUpdateKeyDataCredentials] Update key data credentials
2026-06-26 00:30:54.725: [INFO][Sync] All data types are ready for configure.
2026-06-26 00:30:54.725: [INFO][SyncManagerImpl::NudgeForInitialDownload] Initial download nudge for Bookmarks
2026-06-26 00:30:54.725: [INFO][SyncManagerImpl::NudgeForInitialDownload] Initial download nudge for Preferences
2026-06-26 00:30:54.726: [INFO][SyncManagerImpl::NudgeForInitialDownload] Initial download nudge for Extensions
2026-06-26 00:30:54.726: [INFO][SyncManagerImpl::NudgeForInitialDownload] Initial download nudge for Sessions
2026-06-26 00:30:54.726: [INFO][SyncManagerImpl::NudgeForInitialDownload] Initial download nudge for Extension settings
2026-06-26 00:30:54.726: [INFO][SyncManagerImpl::NudgeForInitialDownload] Initial download nudge for History Delete Directives
2026-06-26 00:30:54.726: [INFO][SyncManagerImpl::NudgeForInitialDownload] Initial download nudge for Device Info
2026-06-26 00:30:54.726: [INFO][SyncManagerImpl::NudgeForInitialDownload] Initial download nudge for Send Tab To Self
2026-06-26 00:30:54.726: [INFO][SyncManagerImpl::NudgeForInitialDownload] Initial download nudge for Web Apps
2026-06-26 00:30:54.726: [INFO][SyncManagerImpl::NudgeForInitialDownload] Initial download nudge for History
2026-06-26 00:30:54.726: [INFO][SyncManagerImpl::NudgeForInitialDownload] Initial download nudge for Saved Tab Group
2026-06-26 00:30:54.726: [INFO][SyncManagerImpl::NudgeForInitialDownload] Initial download nudge for WebAuthn Credentials
2026-06-26 00:30:54.726: [INFO][SyncManagerImpl::NudgeForInitialDownload] Initial download nudge for Edge E Drop
2026-06-26 00:30:54.726: [INFO][SyncManagerImpl::NudgeForInitialDownload] Initial download nudge for Edge Hub App Usage
2026-06-26 00:30:54.726: [INFO][SyncManagerImpl::NudgeForInitialDownload] Initial download nudge for Edge Wallet
2026-06-26 00:30:54.726: [INFO][SyncManagerImpl::NudgeForInitialDownload] Initial download nudge for Edge Workspace
2026-06-26 00:30:54.726: [INFO][SyncManagerImpl::ConfigureSyncer] Types to download:  with reason: 3
2026-06-26 00:30:54.726: [INFO][SyncEngineBackend::DoFinishConfigureDataTypes] Failed to download types:  and succeeded types: 
2026-06-26 00:30:54.726: [INFO][Sync] ConfigurationDone, failed: , succeeded: , remaining count: 4
2026-06-26 00:30:54.726: [INFO][Sync] Prepare to configure types: Preferences, Device Info, Send Tab To Self, Edge E Drop, Encryption Keys
2026-06-26 00:30:54.726: [INFO][SyncManagerImpl::ConfigureSyncer] Types to download: Preferences, Device Info, Send Tab To Self, Edge E Drop, Encryption Keys with reason: 3
2026-06-26 00:30:54.726: [INFO][SyncSchedulerImpl::DoConfigurationSyncCycleJob] Blocked types:  and types to download: Preferences, Device Info, Send Tab To Self, Edge E Drop, Encryption Keys
2026-06-26 00:30:55.469: [INFO][SyncEngineBackend::DoFinishConfigureDataTypes] Failed to download types:  and succeeded types: Preferences, Device Info, Send Tab To Self, Edge E Drop, Encryption Keys
2026-06-26 00:30:55.470: [INFO][Sync] ConfigurationDone, failed: , succeeded: Preferences, Device Info, Send Tab To Self, Edge E Drop, Encryption Keys, remaining count: 3
2026-06-26 00:30:55.470: [INFO][Sync] Prepare to configure types: Bookmarks, Encryption Keys
2026-06-26 00:30:55.910: [INFO][SyncManagerImpl::ConfigureSyncer] Types to download: Bookmarks, Encryption Keys with reason: 3
2026-06-26 00:30:55.910: [INFO][SyncSchedulerImpl::DoConfigurationSyncCycleJob] Blocked types:  and types to download: Bookmarks, Encryption Keys
2026-06-26 00:30:55.910: [INFO][Sync] Connection status changed to: 2
2026-06-26 00:30:57.548: [INFO][SyncAuthManager::SetLastAuthError] Current auth error: None
2026-06-26 00:30:57.548: [INFO][SyncAuthManager::EdgeLogTokenErrorState] Token error with: None for account type: MSA
2026-06-26 00:30:57.548: [INFO][Sync] Credentials changed for: EdgeSyncKeyDataScope
2026-06-26 00:30:57.712: [INFO][SyncAuthManager::SetLastAuthError] Current auth error: None
2026-06-26 00:30:57.712: [INFO][SyncAuthManager::EdgeLogTokenErrorState] Token error with: None for account type: MSA
2026-06-26 00:30:57.712: [INFO][Sync] Credentials changed for: EdgeSyncScopeNew
2026-06-26 00:30:58.046: [INFO][SyncEngineBackend::DoFinishConfigureDataTypes] Failed to download types:  and succeeded types: Bookmarks, Encryption Keys
2026-06-26 00:30:58.150: [INFO][Sync] ConfigurationDone, failed: , succeeded: Bookmarks, Encryption Keys, remaining count: 2
2026-06-26 00:30:58.150: [INFO][Sync] Prepare to configure types: Extensions, Sessions, Extension settings, History Delete Directives, Web Apps, Saved Tab Group, WebAuthn Credentials, Edge Hub App Usage, Edge Wallet, Edge Workspace, Encryption Keys
2026-06-26 00:30:58.589: [INFO][SyncEngineBackend::DoUpdateKeyDataCredentials] Update key data credentials
2026-06-26 00:30:58.589: [INFO][SyncEngineBackend::DoUpdateCredentials] Update credentials
2026-06-26 00:30:58.589: [INFO][SyncEngineBackend::DoUpdateKeyDataCredentials] Update key data credentials
2026-06-26 00:30:58.589: [INFO][SyncManagerImpl::ConfigureSyncer] Types to download: Extensions, Sessions, Extension settings, History Delete Directives, Web Apps, Saved Tab Group, WebAuthn Credentials, Edge Hub App Usage, Edge Wallet, Edge Workspace, Encryption Keys with reason: 3
2026-06-26 00:30:58.589: [INFO][Sync] Connection status changed to: 2
2026-06-26 00:30:58.589: [INFO][SyncSchedulerImpl::DoConfigurationSyncCycleJob] Blocked types:  and types to download: Extensions, Sessions, Extension settings, History Delete Directives, Web Apps, Saved Tab Group, WebAuthn Credentials, Edge Hub App Usage, Edge Wallet, Edge Workspace, Encryption Keys
2026-06-26 00:31:02.364: [INFO][SyncAuthManager::SetLastAuthError] Current auth error: None
2026-06-26 00:31:02.364: [INFO][SyncAuthManager::EdgeLogTokenErrorState] Token error with: None for account type: MSA
2026-06-26 00:31:02.364: [INFO][Sync] Credentials changed for: EdgeSyncScopeNew
2026-06-26 00:31:02.583: [INFO][SyncAuthManager::SetLastAuthError] Current auth error: None
2026-06-26 00:31:02.583: [INFO][SyncAuthManager::EdgeLogTokenErrorState] Token error with: None for account type: MSA
2026-06-26 00:31:02.583: [INFO][Sync] Credentials changed for: EdgeSyncKeyDataScope
2026-06-26 00:31:02.737: [INFO][SyncEngineBackend::DoFinishConfigureDataTypes] Failed to download types:  and succeeded types: Extensions, Sessions, Extension settings, History Delete Directives, Web Apps, Saved Tab Group, WebAuthn Credentials, Edge Hub App Usage, Edge Wallet, Edge Workspace, Encryption Keys
2026-06-26 00:31:02.738: [INFO][Sync] ConfigurationDone, failed: , succeeded: Extensions, Sessions, Extension settings, History Delete Directives, Web Apps, Saved Tab Group, WebAuthn Credentials, Edge Hub App Usage, Edge Wallet, Edge Workspace, Encryption Keys, remaining count: 1
2026-06-26 00:31:02.740: [INFO][Sync] Prepare to configure types: History, Encryption Keys
2026-06-26 00:31:03.118: [INFO][Sync] Connection status changed to: 2
2026-06-26 00:31:03.118: [INFO][SyncEngineBackend::DoUpdateKeyDataCredentials] Update key data credentials
2026-06-26 00:31:03.118: [INFO][SyncEngineBackend::DoUpdateCredentials] Update credentials
2026-06-26 00:31:03.118: [INFO][SyncManagerImpl::ConfigureSyncer] Types to download: History, Encryption Keys with reason: 3
2026-06-26 00:31:03.118: [INFO][SyncSchedulerImpl::DoConfigurationSyncCycleJob] Blocked types:  and types to download: History, Encryption Keys
2026-06-26 00:31:10.631: [INFO][SyncAuthManager::SetLastAuthError] Current auth error: None
2026-06-26 00:31:10.631: [INFO][SyncAuthManager::EdgeLogTokenErrorState] Token error with: None for account type: MSA
2026-06-26 00:31:10.631: [INFO][Sync] Credentials changed for: EdgeSyncKeyDataScope
2026-06-26 00:31:10.784: [INFO][SyncAuthManager::SetLastAuthError] Current auth error: None
2026-06-26 00:31:10.784: [INFO][SyncAuthManager::EdgeLogTokenErrorState] Token error with: None for account type: MSA
2026-06-26 00:31:10.784: [INFO][Sync] Credentials changed for: EdgeSyncScopeNew
2026-06-26 00:31:12.657: [INFO][SyncEngineBackend::DoFinishConfigureDataTypes] Failed to download types:  and succeeded types: History, Encryption Keys
2026-06-26 00:31:12.658: [INFO][Sync] ConfigurationDone, failed: , succeeded: History, Encryption Keys, remaining count: 0
2026-06-26 00:31:12.660: [INFO][Sync]     Configuration completed, state: 3
2026-06-26 00:31:12.660: [INFO][Sync] Configured DataTypeManager: Ok
2026-06-26 00:31:13.023: [INFO][SyncEngineBackend::DoUpdateKeyDataCredentials] Update key data credentials
2026-06-26 00:31:13.023: [INFO][Sync] Connection status changed to: 2
2026-06-26 00:31:13.023: [INFO][SyncEngineBackend::DoUpdateCredentials] Update credentials
2026-06-26 00:31:13.023: [INFO][SyncEngineBackend::DoUpdateKeyDataCredentials] Update key data credentials
2026-06-26 00:31:13.023: [INFO][SyncEngineBackend::DoStartSyncing] Start syncing
2026-06-26 00:31:14.905: [INFO][Sync] Connection status changed to: 2
2026-06-26 00:31:27.347: [INFO][SyncAuthManager::SetLastAuthError] Current auth error: None
2026-06-26 00:31:27.347: [INFO][SyncAuthManager::EdgeLogTokenErrorState] Token error with: None for account type: MSA
2026-06-26 00:31:27.348: [INFO][Sync] Credentials changed for: EdgeSyncScopeNew
2026-06-26 00:31:27.569: [INFO][SyncAuthManager::SetLastAuthError] Current auth error: None
2026-06-26 00:31:27.569: [INFO][SyncAuthManager::EdgeLogTokenErrorState] Token error with: None for account type: MSA
2026-06-26 00:31:27.569: [INFO][Sync] Credentials changed for: EdgeSyncKeyDataScope
2026-06-26 00:31:27.569: [INFO][SyncEngineBackend::DoUpdateKeyDataCredentials] Update key data credentials
2026-06-26 00:31:27.569: [INFO][SyncEngineBackend::DoUpdateCredentials] Update credentials
2026-06-26 00:31:30.621: [INFO][Sync] Started DataTypeManager configuration, reason: 5
2026-06-26 00:31:30.621: [INFO][Sync] Configuring for: Bookmarks, Preferences, Passwords, Autofill Profiles, Autofill, Extensions, Sessions, Extension settings, History Delete Directives, Device Info, User Consents, Send Tab To Self, Web Apps, History, Saved Tab Group, WebAuthn Credentials, Edge E Drop, Edge Hub App Usage, Edge Wallet, Edge Workspace, Encryption Keys, reason: 5, current state: 3
2026-06-26 00:31:30.623: [INFO][Sync] Configure, desired: Bookmarks, Preferences, Passwords, Autofill Profiles, Autofill, Extensions, Sessions, Extension settings, History Delete Directives, Device Info, User Consents, Send Tab To Self, Web Apps, History, Saved Tab Group, WebAuthn Credentials, Edge E Drop, Edge Hub App Usage, Edge Wallet, Edge Workspace, Encryption Keys; Allow fail: 
2026-06-26 00:31:30.624: [INFO][Sync] Loading: Passwords
2026-06-26 00:31:30.624: [INFO][Sync] Loading: Autofill Profiles
2026-06-26 00:31:30.624: [INFO][Sync] Loading: Autofill
2026-06-26 00:31:30.626: [INFO][SyncEngineBackend::DoStartConfiguration] Start configuration
2026-06-26 00:31:30.626: [INFO][Sync] All data types are ready for configure.
2026-06-26 00:31:30.626: [INFO][SyncManagerImpl::NudgeForInitialDownload] Initial download nudge for Passwords
2026-06-26 00:31:30.626: [INFO][SyncManagerImpl::NudgeForInitialDownload] Initial download nudge for Autofill Profiles
2026-06-26 00:31:30.626: [INFO][SyncManagerImpl::NudgeForInitialDownload] Initial download nudge for Autofill
2026-06-26 00:31:30.626: [INFO][SyncManagerImpl::ConfigureSyncer] Types to download:  with reason: 5
2026-06-26 00:31:30.626: [INFO][SyncEngineBackend::DoFinishConfigureDataTypes] Failed to download types:  and succeeded types: 
2026-06-26 00:31:30.626: [INFO][Sync] ConfigurationDone, failed: , succeeded: , remaining count: 4
2026-06-26 00:31:30.626: [INFO][Sync] Prepare to configure types: Passwords, Encryption Keys
2026-06-26 00:31:30.627: [INFO][SyncManagerImpl::ConfigureSyncer] Types to download: Passwords, Encryption Keys with reason: 5
2026-06-26 00:31:30.627: [INFO][SyncSchedulerImpl::DoConfigurationSyncCycleJob] Blocked types:  and types to download: Passwords, Encryption Keys
2026-06-26 00:31:31.509: [INFO][SyncEngineBackend::DoFinishConfigureDataTypes] Failed to download types:  and succeeded types: Passwords, Encryption Keys
2026-06-26 00:31:31.510: [INFO][Sync] ConfigurationDone, failed: , succeeded: Passwords, Encryption Keys, remaining count: 3
2026-06-26 00:31:31.510: [INFO][SyncManagerImpl::ConfigureSyncer] Types to download:  with reason: 5
2026-06-26 00:31:31.510: [INFO][SyncEngineBackend::DoFinishConfigureDataTypes] Failed to download types:  and succeeded types: 
2026-06-26 00:31:31.510: [INFO][Sync] ConfigurationDone, failed: , succeeded: , remaining count: 2
2026-06-26 00:31:31.510: [INFO][Sync] Prepare to configure types: Autofill Profiles, Autofill, Encryption Keys
2026-06-26 00:31:31.510: [INFO][SyncManagerImpl::ConfigureSyncer] Types to download: Autofill Profiles, Autofill, Encryption Keys with reason: 5
2026-06-26 00:31:31.511: [INFO][SyncSchedulerImpl::DoConfigurationSyncCycleJob] Blocked types:  and types to download: Autofill Profiles, Autofill, Encryption Keys
2026-06-26 00:31:31.842: [INFO][SyncEngineBackend::DoFinishConfigureDataTypes] Failed to download types:  and succeeded types: Autofill Profiles, Autofill, Encryption Keys
2026-06-26 00:31:31.844: [INFO][Sync] ConfigurationDone, failed: , succeeded: Autofill Profiles, Autofill, Encryption Keys, remaining count: 1
2026-06-26 00:31:31.846: [INFO][SyncManagerImpl::ConfigureSyncer] Types to download:  with reason: 5
2026-06-26 00:31:31.846: [INFO][SyncEngineBackend::DoFinishConfigureDataTypes] Failed to download types:  and succeeded types: 
2026-06-26 00:31:31.846: [INFO][Sync] ConfigurationDone, failed: , succeeded: , remaining count: 0
2026-06-26 00:31:31.848: [INFO][Sync]     Configuration completed, state: 3
2026-06-26 00:31:31.849: [INFO][Sync] Configured DataTypeManager: Ok
2026-06-26 00:31:31.851: [INFO][SyncEngineBackend::DoStartSyncing] Start syncing
