{"logTime": "0626/002614", "correlationVector":"NnREBWbAPi8X9NiYgN+p72.1","action":"SyncServerConnectionManagerRequest", "result":"SYNC_SERVER_OK", "context":{"environment":"Prod_southeastasia_prod-s01-065-apac-southeastasia", "migrationStage":"NotStarted", "server":"akswtt001000036"}}
{"logTime": "0626/002614", "correlationVector":"NnREBWbAPi8X9NiYgN+p72.2","action":"ProcessGetUpdates", "result":"Done", "context":{"dataType":"Encryption Keys", "deleted":"0", "process_failed_to_decrypt":"0", "process_pending_decryption":"0", "process_success":"1", "total":"1"}}
{"logTime": "0626/002615", "correlationVector":"6+ERRBjuVQYKbFvSGGN70S","action":"SyncServerConnectionManagerRequest", "result":"SYNC_SERVER_OK", "context":{"environment":"", "migrationStage":"", "server":""}}
{"logTime": "0626/002615", "correlationVector":"6+ERRBjuVQYKbFvSGGN70S.0","action":"EncryptionKeysFetcher.DownloadKeys:", "result":"Success", "context":Key count: 10, Last key timestamp: 2026-01-28T09:53:10Z}
{"logTime": "0626/002615", "correlationVector":"6+ERRBjuVQYKbFvSGGN70S.1","action":"EncryptionKeysManager::SetEncryptionKeys:", "result":"Success", "context":Key names[10]:[oIx26glY46OXnIcthEtQSnnL8TmMg93Agx+byy/Bxdw0/Dt1l6aMvc9WGLO6pK9XcKVO4Lh8GRgZKSwuTSaniA==][9dyCUGxJORQtJdpIFVqccvDNgYnfdKWcbegYCnQY1lP7wBij+YWFYhFKkg2chQ4EOT6ZyM9LmsvPbNnVCz0XBg==][icDLaX2B0/qEJN8UhNzFkyRYgtQtI1PK/YldDhP0ZdkpUJ1akp/aPxjysZ8SDnuNAKu/fvf/6y2pe/Bqny+oSw==][CqeajTsFD7S+hjfYB7vE0SVjhUsqTVmFeiRNNVoVJo+L4R/RgU5sRtMtUoA0hRaIu/S1tHH+Na8Fy77NRgGtjQ==][EcygP1zPdQGjc1e51BnY71LegL8asT8jj6t17iW0iwRT0cdDzk+ZTXLVW5tz/lL2s1VVDQ07PKLNPGMOKaPKZg==][4nwJqIXgGBBxOD00BSkTIEliKoXPS1q0vz7J6q634ZAq85r9dmqz66UMBdQv2suYEvJuVOwTUk+4rlHjfFJgig==][autMxNsxuQvS7O228FD4Rek8rOsIzGk9WbOX1rr0ULy395TCMPUtMpanpoc3GSFR0UrWzKXd7O13p2Y+p3uZ5g==][Bw0qPvbJWnZqnhy4IbFe+M9lTzWRXkjWBqyUQWU8Uw3Tqo4ndk4wNt15Tl8xzAH1NJ/CGwWdWZ/kfZFWjqy1ZA==][zNL7Hv60DN7Ny7NclqenFBYZp98239kEfuKZAVh7C6I7z7+AdX5VVgn2ebZNqzIyX+k3CxWE8QrTV+E6FcBJyw==][hxYTenxiYKJej/kOFEfpWN6SzGqqfov27wsj7bzHFbuEj1Mo7zFbvSHr5G2ykNEgmKs18qh6Ecu6KT9/OsG06g==]}
{"logTime": "0626/002615", "correlationVector":"6+ERRBjuVQYKbFvSGGN70S.2","action":"EncryptionKeysManager::SetEncryptionKeysWithTimestamps:", "result":"Success", "context":Key timestamps[10]:[2022-01-28T12:12:41Z][2022-08-28T07:45:01Z][2023-02-24T13:21:40Z][2023-09-09T12:36:42Z][2024-03-08T00:24:16Z][2024-09-04T00:46:39Z][2024-10-24T09:16:15Z][2025-04-22T10:06:28Z][2025-10-20T00:27:36Z][2026-01-28T09:53:10Z]}
{"logTime": "0626/002615", "correlationVector":"NnREBWbAPi8X9NiYgN+p72","action":"Initial GetUpdates", "result":"", "context":Reason: NEW_CLIENT. cV=NnREBWbAPi8X9NiYgN+p72}
{"logTime": "0626/002615", "correlationVector":"NnREBWbAPi8X9NiYgN+p72.3","action":"GetUpdates Response", "result":"Success", "context":Received 1 update(s). cV=NnREBWbAPi8X9NiYgN+p72.0;server=akswtt001000036;cloudType=Consumer;environment=Prod_southeastasia_prod-s01-065-apac-southeastasia;migrationStage=NotStarted}
{"logTime": "0626/002615", "correlationVector":"FIAC/uvXcqTirSaJHv6MtA","action":"Initial GetUpdates", "result":"", "context":Reason: NEWLY_SUPPORTED_DATATYPE. cV=FIAC/uvXcqTirSaJHv6MtA}
{"logTime": "0626/002617", "correlationVector":"FIAC/uvXcqTirSaJHv6MtA.1","action":"SyncServerConnectionManagerRequest", "result":"SYNC_SERVER_OK", "context":{"environment":"Prod_southeastasia_prod-s01-065-apac-southeastasia", "migrationStage":"NotStarted", "server":"akswtt00100002o"}}
{"logTime": "0626/002617", "correlationVector":"FIAC/uvXcqTirSaJHv6MtA.2","action":"ProcessGetUpdates", "result":"Done", "context":{"dataType":"Preferences", "deleted":"0", "process_failed_to_decrypt":"0", "process_pending_decryption":"0", "process_success":"114", "total":"114"}}
{"logTime": "0626/002617", "correlationVector":"FIAC/uvXcqTirSaJHv6MtA.3","action":"ProcessGetUpdates", "result":"Done", "context":{"dataType":"Passwords", "deleted":"3", "process_failed_to_decrypt":"0", "process_pending_decryption":"0", "process_success":"118", "total":"118"}}
{"logTime": "0626/002617", "correlationVector":"FIAC/uvXcqTirSaJHv6MtA.4","action":"ProcessGetUpdates", "result":"Done", "context":{"dataType":"Device Info", "deleted":"0", "process_failed_to_decrypt":"0", "process_pending_decryption":"0", "process_success":"18", "total":"18"}}
{"logTime": "0626/002617", "correlationVector":"FIAC/uvXcqTirSaJHv6MtA.5","action":"GetUpdates Response", "result":"Success", "context":Received 250 update(s). cV=FIAC/uvXcqTirSaJHv6MtA.0;server=akswtt00100002o;cloudType=Consumer;environment=Prod_southeastasia_prod-s01-065-apac-southeastasia;migrationStage=NotStarted Some updates remain.}
{"logTime": "0626/002617", "correlationVector":"+UnaxzF4cZjE1C2DAig39y","action":"Initial GetUpdates", "result":"", "context":Reason: NEWLY_SUPPORTED_DATATYPE. cV=+UnaxzF4cZjE1C2DAig39y}
{"logTime": "0626/002617", "correlationVector":"+UnaxzF4cZjE1C2DAig39y.1","action":"SyncServerConnectionManagerRequest", "result":"SYNC_SERVER_OK", "context":{"environment":"Prod_southeastasia_prod-s01-065-apac-southeastasia", "migrationStage":"NotStarted", "server":"akswtt00100000m"}}
{"logTime": "0626/002617", "correlationVector":"+UnaxzF4cZjE1C2DAig39y.2","action":"ProcessGetUpdates", "result":"Done", "context":{"dataType":"Preferences", "deleted":"5", "process_failed_to_decrypt":"0", "process_pending_decryption":"0", "process_success":"17", "total":"17"}}
{"logTime": "0626/002617", "correlationVector":"+UnaxzF4cZjE1C2DAig39y.3","action":"ProcessGetUpdates", "result":"Done", "context":{"dataType":"Passwords", "deleted":"0", "process_failed_to_decrypt":"0", "process_pending_decryption":"0", "process_success":"232", "total":"232"}}
{"logTime": "0626/002617", "correlationVector":"+UnaxzF4cZjE1C2DAig39y.4","action":"ProcessGetUpdates", "result":"Done", "context":{"dataType":"Device Info", "deleted":"0", "process_failed_to_decrypt":"0", "process_pending_decryption":"0", "process_success":"1", "total":"1"}}
{"logTime": "0626/002617", "correlationVector":"+UnaxzF4cZjE1C2DAig39y.5","action":"GetUpdates Response", "result":"Success", "context":Received 250 update(s). cV=+UnaxzF4cZjE1C2DAig39y.0;server=akswtt00100000m;cloudType=Consumer;environment=Prod_southeastasia_prod-s01-065-apac-southeastasia;migrationStage=NotStarted Some updates remain.}
{"logTime": "0626/002617", "correlationVector":"6erQI0peBB9Pl/MoFSm6yk","action":"Initial GetUpdates", "result":"", "context":Reason: NEWLY_SUPPORTED_DATATYPE. cV=6erQI0peBB9Pl/MoFSm6yk}
{"logTime": "0626/002617", "correlationVector":"6erQI0peBB9Pl/MoFSm6yk.1","action":"SyncServerConnectionManagerRequest", "result":"SYNC_SERVER_OK", "context":{"environment":"Prod_southeastasia_prod-s01-065-apac-southeastasia", "migrationStage":"NotStarted", "server":"akswtt00100002r"}}
{"logTime": "0626/002617", "correlationVector":"6erQI0peBB9Pl/MoFSm6yk.2","action":"ProcessGetUpdates", "result":"Done", "context":{"dataType":"Preferences", "deleted":"0", "process_failed_to_decrypt":"0", "process_pending_decryption":"0", "process_success":"9", "total":"9"}}
{"logTime": "0626/002617", "correlationVector":"6erQI0peBB9Pl/MoFSm6yk.3","action":"ProcessGetUpdates", "result":"Done", "context":{"dataType":"Passwords", "deleted":"0", "process_failed_to_decrypt":"0", "process_pending_decryption":"0", "process_success":"7", "total":"7"}}
{"logTime": "0626/002617", "correlationVector":"6erQI0peBB9Pl/MoFSm6yk.4","action":"ProcessGetUpdates", "result":"Done", "context":{"dataType":"Device Info", "deleted":"0", "process_failed_to_decrypt":"0", "process_pending_decryption":"0", "process_success":"2", "total":"2"}}
{"logTime": "0626/002617", "correlationVector":"6erQI0peBB9Pl/MoFSm6yk.5","action":"GetUpdates Response", "result":"Success", "context":Received 18 update(s). cV=6erQI0peBB9Pl/MoFSm6yk.0;server=akswtt00100002r;cloudType=Consumer;environment=Prod_southeastasia_prod-s01-065-apac-southeastasia;migrationStage=NotStarted}
{"logTime": "0626/002618", "correlationVector":"6Q03JLk555RMWZTGBsJFXE","action":"Initial GetUpdates", "result":"", "context":Reason: NEWLY_SUPPORTED_DATATYPE. cV=6Q03JLk555RMWZTGBsJFXE}
{"logTime": "0626/002618", "correlationVector":"6Q03JLk555RMWZTGBsJFXE.1","action":"SyncServerConnectionManagerRequest", "result":"SYNC_SERVER_OK", "context":{"environment":"Prod_southeastasia_prod-s01-065-apac-southeastasia", "migrationStage":"NotStarted", "server":"akswtt00100000d"}}
{"logTime": "0626/002618", "correlationVector":"6Q03JLk555RMWZTGBsJFXE.2","action":"ProcessGetUpdates", "result":"Done", "context":{"dataType":"Bookmarks", "deleted":"0", "process_failed_to_decrypt":"0", "process_pending_decryption":"0", "process_success":"250", "total":"250"}}
{"logTime": "0626/002618", "correlationVector":"6Q03JLk555RMWZTGBsJFXE.3","action":"GetUpdates Response", "result":"Success", "context":Received 250 update(s). cV=6Q03JLk555RMWZTGBsJFXE.0;server=akswtt00100000d;cloudType=Consumer;environment=Prod_southeastasia_prod-s01-065-apac-southeastasia;migrationStage=NotStarted Some updates remain.}
{"logTime": "0626/002618", "correlationVector":"P+Iu/rYmtvJxtJ/n9CKEGg","action":"Initial GetUpdates", "result":"", "context":Reason: NEWLY_SUPPORTED_DATATYPE. cV=P+Iu/rYmtvJxtJ/n9CKEGg}
{"logTime": "0626/002619", "correlationVector":"P+Iu/rYmtvJxtJ/n9CKEGg.1","action":"SyncServerConnectionManagerRequest", "result":"SYNC_SERVER_OK", "context":{"environment":"Prod_southeastasia_prod-s01-065-apac-southeastasia", "migrationStage":"NotStarted", "server":"akswtt001000042"}}
{"logTime": "0626/002619", "correlationVector":"P+Iu/rYmtvJxtJ/n9CKEGg.2","action":"ProcessGetUpdates", "result":"Done", "context":{"dataType":"Bookmarks", "deleted":"3", "process_failed_to_decrypt":"0", "process_pending_decryption":"0", "process_success":"250", "total":"250"}}
{"logTime": "0626/002619", "correlationVector":"P+Iu/rYmtvJxtJ/n9CKEGg.3","action":"GetUpdates Response", "result":"Success", "context":Received 250 update(s). cV=P+Iu/rYmtvJxtJ/n9CKEGg.0;server=akswtt001000042;cloudType=Consumer;environment=Prod_southeastasia_prod-s01-065-apac-southeastasia;migrationStage=NotStarted Some updates remain.}
{"logTime": "0626/002619", "correlationVector":"nw3kjfpnbrw8ZzDQebQr+K","action":"Initial GetUpdates", "result":"", "context":Reason: NEWLY_SUPPORTED_DATATYPE. cV=nw3kjfpnbrw8ZzDQebQr+K}
{"logTime": "0626/002621", "correlationVector":"nw3kjfpnbrw8ZzDQebQr+K.1","action":"SyncServerConnectionManagerRequest", "result":"SYNC_SERVER_OK", "context":{"environment":"Prod_southeastasia_prod-s01-065-apac-southeastasia", "migrationStage":"NotStarted", "server":"akswtt00100003t"}}
{"logTime": "0626/002621", "correlationVector":"nw3kjfpnbrw8ZzDQebQr+K.2","action":"ProcessGetUpdates", "result":"Done", "context":{"dataType":"Bookmarks", "deleted":"10", "process_failed_to_decrypt":"0", "process_pending_decryption":"0", "process_success":"109", "total":"109"}}
{"logTime": "0626/002621", "correlationVector":"nw3kjfpnbrw8ZzDQebQr+K.3","action":"GetUpdates Response", "result":"Success", "context":Received 109 update(s). cV=nw3kjfpnbrw8ZzDQebQr+K.0;server=akswtt00100003t;cloudType=Consumer;environment=Prod_southeastasia_prod-s01-065-apac-southeastasia;migrationStage=NotStarted}
{"logTime": "0626/002621", "correlationVector":"9NcxHj4u8vkHXSc6yvlTX9","action":"Initial GetUpdates", "result":"", "context":Reason: NEWLY_SUPPORTED_DATATYPE. cV=9NcxHj4u8vkHXSc6yvlTX9}
{"logTime": "0626/002622", "correlationVector":"9NcxHj4u8vkHXSc6yvlTX9.1","action":"SyncServerConnectionManagerRequest", "result":"SYNC_SERVER_OK", "context":{"environment":"Prod_southeastasia_prod-s01-065-apac-southeastasia", "migrationStage":"NotStarted", "server":"akswtt001000042"}}
{"logTime": "0626/002622", "correlationVector":"9NcxHj4u8vkHXSc6yvlTX9.2","action":"ProcessGetUpdates", "result":"Done", "context":{"dataType":"Autofill Profiles", "deleted":"0", "process_failed_to_decrypt":"0", "process_pending_decryption":"0", "process_success":"1", "total":"1"}}
{"logTime": "0626/002622", "correlationVector":"9NcxHj4u8vkHXSc6yvlTX9.3","action":"ProcessGetUpdates", "result":"Done", "context":{"dataType":"Autofill", "deleted":"0", "process_failed_to_decrypt":"0", "process_pending_decryption":"0", "process_success":"5", "total":"5"}}
{"logTime": "0626/002622", "correlationVector":"9NcxHj4u8vkHXSc6yvlTX9.4","action":"ProcessGetUpdates", "result":"Done", "context":{"dataType":"Extensions", "deleted":"0", "process_failed_to_decrypt":"0", "process_pending_decryption":"0", "process_success":"1", "total":"1"}}
{"logTime": "0626/002622", "correlationVector":"9NcxHj4u8vkHXSc6yvlTX9.5","action":"ProcessGetUpdates", "result":"Done", "context":{"dataType":"Sessions", "deleted":"238", "process_failed_to_decrypt":"0", "process_pending_decryption":"0", "process_success":"238", "total":"238"}}
{"logTime": "0626/002622", "correlationVector":"9NcxHj4u8vkHXSc6yvlTX9.6","action":"ProcessGetUpdates", "result":"Done", "context":{"dataType":"Saved Tab Group", "deleted":"2", "process_failed_to_decrypt":"0", "process_pending_decryption":"0", "process_success":"4", "total":"4"}}
{"logTime": "0626/002622", "correlationVector":"9NcxHj4u8vkHXSc6yvlTX9.7","action":"ProcessGetUpdates", "result":"Done", "context":{"dataType":"Edge Hub App Usage", "deleted":"0", "process_failed_to_decrypt":"0", "process_pending_decryption":"0", "process_success":"1", "total":"1"}}
{"logTime": "0626/002622", "correlationVector":"9NcxHj4u8vkHXSc6yvlTX9.8","action":"GetUpdates Response", "result":"Success", "context":Received 250 update(s). cV=9NcxHj4u8vkHXSc6yvlTX9.0;server=akswtt001000042;cloudType=Consumer;environment=Prod_southeastasia_prod-s01-065-apac-southeastasia;migrationStage=NotStarted Some updates remain.}
{"logTime": "0626/002622", "correlationVector":"M5TYkqcH2VqFBkHqsOfXeC","action":"Initial GetUpdates", "result":"", "context":Reason: NEWLY_SUPPORTED_DATATYPE. cV=M5TYkqcH2VqFBkHqsOfXeC}
{"logTime": "0626/002623", "correlationVector":"M5TYkqcH2VqFBkHqsOfXeC.1","action":"SyncServerConnectionManagerRequest", "result":"SYNC_SERVER_OK", "context":{"environment":"Prod_southeastasia_prod-s01-065-apac-southeastasia", "migrationStage":"NotStarted", "server":"akswtt00100003o"}}
{"logTime": "0626/002623", "correlationVector":"M5TYkqcH2VqFBkHqsOfXeC.2","action":"ProcessGetUpdates", "result":"Done", "context":{"dataType":"Sessions", "deleted":"249", "process_failed_to_decrypt":"0", "process_pending_decryption":"0", "process_success":"249", "total":"249"}}
{"logTime": "0626/002623", "correlationVector":"M5TYkqcH2VqFBkHqsOfXeC.3","action":"ProcessGetUpdates", "result":"Done", "context":{"dataType":"Edge Hub App Usage", "deleted":"1", "process_failed_to_decrypt":"0", "process_pending_decryption":"0", "process_success":"1", "total":"1"}}
{"logTime": "0626/002623", "correlationVector":"M5TYkqcH2VqFBkHqsOfXeC.4","action":"GetUpdates Response", "result":"Success", "context":Received 250 update(s). cV=M5TYkqcH2VqFBkHqsOfXeC.0;server=akswtt00100003o;cloudType=Consumer;environment=Prod_southeastasia_prod-s01-065-apac-southeastasia;migrationStage=NotStarted Some updates remain.}
{"logTime": "0626/002623", "correlationVector":"RN39/y28vCdutoiDKd+Xx4","action":"Initial GetUpdates", "result":"", "context":Reason: NEWLY_SUPPORTED_DATATYPE. cV=RN39/y28vCdutoiDKd+Xx4}
{"logTime": "0626/002624", "correlationVector":"RN39/y28vCdutoiDKd+Xx4.1","action":"SyncServerConnectionManagerRequest", "result":"SYNC_SERVER_OK", "context":{"environment":"Prod_southeastasia_prod-s01-065-apac-southeastasia", "migrationStage":"NotStarted", "server":"akswtt00100002w"}}
{"logTime": "0626/002624", "correlationVector":"RN39/y28vCdutoiDKd+Xx4.2","action":"ProcessGetUpdates", "result":"Done", "context":{"dataType":"Sessions", "deleted":"250", "process_failed_to_decrypt":"0", "process_pending_decryption":"0", "process_success":"250", "total":"250"}}
{"logTime": "0626/002624", "correlationVector":"RN39/y28vCdutoiDKd+Xx4.3","action":"GetUpdates Response", "result":"Success", "context":Received 250 update(s). cV=RN39/y28vCdutoiDKd+Xx4.0;server=akswtt00100002w;cloudType=Consumer;environment=Prod_southeastasia_prod-s01-065-apac-southeastasia;migrationStage=NotStarted Some updates remain.}
{"logTime": "0626/002624", "correlationVector":"lZZTW9BJY67UbOSGt4Zbl3","action":"Initial GetUpdates", "result":"", "context":Reason: NEWLY_SUPPORTED_DATATYPE. cV=lZZTW9BJY67UbOSGt4Zbl3}
{"logTime": "0626/002625", "correlationVector":"lZZTW9BJY67UbOSGt4Zbl3.1","action":"SyncServerConnectionManagerRequest", "result":"SYNC_SERVER_OK", "context":{"environment":"Prod_southeastasia_prod-s01-065-apac-southeastasia", "migrationStage":"NotStarted", "server":"akswtt001000041"}}
{"logTime": "0626/002625", "correlationVector":"lZZTW9BJY67UbOSGt4Zbl3.2","action":"ProcessGetUpdates", "result":"Done", "context":{"dataType":"Sessions", "deleted":"250", "process_failed_to_decrypt":"0", "process_pending_decryption":"0", "process_success":"250", "total":"250"}}
{"logTime": "0626/002625", "correlationVector":"lZZTW9BJY67UbOSGt4Zbl3.3","action":"GetUpdates Response", "result":"Success", "context":Received 250 update(s). cV=lZZTW9BJY67UbOSGt4Zbl3.0;server=akswtt001000041;cloudType=Consumer;environment=Prod_southeastasia_prod-s01-065-apac-southeastasia;migrationStage=NotStarted Some updates remain.}
{"logTime": "0626/002625", "correlationVector":"aIqhh+29ZtvbJLhsVbrUJ8","action":"Initial GetUpdates", "result":"", "context":Reason: NEWLY_SUPPORTED_DATATYPE. cV=aIqhh+29ZtvbJLhsVbrUJ8}
{"logTime": "0626/002625", "correlationVector":"aIqhh+29ZtvbJLhsVbrUJ8.1","action":"SyncServerConnectionManagerRequest", "result":"SYNC_SERVER_OK", "context":{"environment":"Prod_southeastasia_prod-s01-065-apac-southeastasia", "migrationStage":"NotStarted", "server":"akswtt00100004a"}}
{"logTime": "0626/002625", "correlationVector":"aIqhh+29ZtvbJLhsVbrUJ8.2","action":"ProcessGetUpdates", "result":"Done", "context":{"dataType":"Sessions", "deleted":"250", "process_failed_to_decrypt":"0", "process_pending_decryption":"0", "process_success":"250", "total":"250"}}
{"logTime": "0626/002625", "correlationVector":"aIqhh+29ZtvbJLhsVbrUJ8.3","action":"GetUpdates Response", "result":"Success", "context":Received 250 update(s). cV=aIqhh+29ZtvbJLhsVbrUJ8.0;server=akswtt00100004a;cloudType=Consumer;environment=Prod_southeastasia_prod-s01-065-apac-southeastasia;migrationStage=NotStarted Some updates remain.}
{"logTime": "0626/002625", "correlationVector":"1u5nDFo6X1NOSU85QejhRy","action":"Initial GetUpdates", "result":"", "context":Reason: NEWLY_SUPPORTED_DATATYPE. cV=1u5nDFo6X1NOSU85QejhRy}
{"logTime": "0626/002627", "correlationVector":"1u5nDFo6X1NOSU85QejhRy.1","action":"SyncServerConnectionManagerRequest", "result":"SYNC_SERVER_OK", "context":{"environment":"Prod_southeastasia_prod-s01-065-apac-southeastasia", "migrationStage":"NotStarted", "server":"akswtt00100002p"}}
{"logTime": "0626/002627", "correlationVector":"1u5nDFo6X1NOSU85QejhRy.2","action":"ProcessGetUpdates", "result":"Done", "context":{"dataType":"Sessions", "deleted":"248", "process_failed_to_decrypt":"0", "process_pending_decryption":"0", "process_success":"248", "total":"248"}}
{"logTime": "0626/002627", "correlationVector":"1u5nDFo6X1NOSU85QejhRy.3","action":"ProcessGetUpdates", "result":"Done", "context":{"dataType":"Edge Hub App Usage", "deleted":"1", "process_failed_to_decrypt":"0", "process_pending_decryption":"0", "process_success":"2", "total":"2"}}
{"logTime": "0626/002627", "correlationVector":"1u5nDFo6X1NOSU85QejhRy.4","action":"GetUpdates Response", "result":"Success", "context":Received 250 update(s). cV=1u5nDFo6X1NOSU85QejhRy.0;server=akswtt00100002p;cloudType=Consumer;environment=Prod_southeastasia_prod-s01-065-apac-southeastasia;migrationStage=NotStarted Some updates remain.}
{"logTime": "0626/002627", "correlationVector":"3fjATiEWC/fJmANZ1YQYNu","action":"Initial GetUpdates", "result":"", "context":Reason: NEWLY_SUPPORTED_DATATYPE. cV=3fjATiEWC/fJmANZ1YQYNu}
{"logTime": "0626/002627", "correlationVector":"3fjATiEWC/fJmANZ1YQYNu.1","action":"SyncServerConnectionManagerRequest", "result":"SYNC_SERVER_OK", "context":{"environment":"Prod_southeastasia_prod-s01-065-apac-southeastasia", "migrationStage":"NotStarted", "server":"akswtt00100002r"}}
{"logTime": "0626/002627", "correlationVector":"3fjATiEWC/fJmANZ1YQYNu.2","action":"ProcessGetUpdates", "result":"Done", "context":{"dataType":"Sessions", "deleted":"250", "process_failed_to_decrypt":"0", "process_pending_decryption":"0", "process_success":"250", "total":"250"}}
{"logTime": "0626/002627", "correlationVector":"3fjATiEWC/fJmANZ1YQYNu.3","action":"GetUpdates Response", "result":"Success", "context":Received 250 update(s). cV=3fjATiEWC/fJmANZ1YQYNu.0;server=akswtt00100002r;cloudType=Consumer;environment=Prod_southeastasia_prod-s01-065-apac-southeastasia;migrationStage=NotStarted Some updates remain.}
{"logTime": "0626/002627", "correlationVector":"hOIQutbCsnGNVWRiZ8hJfP","action":"Initial GetUpdates", "result":"", "context":Reason: NEWLY_SUPPORTED_DATATYPE. cV=hOIQutbCsnGNVWRiZ8hJfP}
{"logTime": "0626/002628", "correlationVector":"hOIQutbCsnGNVWRiZ8hJfP.1","action":"SyncServerConnectionManagerRequest", "result":"SYNC_SERVER_OK", "context":{"environment":"Prod_southeastasia_prod-s01-065-apac-southeastasia", "migrationStage":"NotStarted", "server":"akswtt00100004r"}}
{"logTime": "0626/002628", "correlationVector":"hOIQutbCsnGNVWRiZ8hJfP.2","action":"ProcessGetUpdates", "result":"Done", "context":{"dataType":"Sessions", "deleted":"218", "process_failed_to_decrypt":"0", "process_pending_decryption":"0", "process_success":"222", "total":"222"}}
{"logTime": "0626/002628", "correlationVector":"hOIQutbCsnGNVWRiZ8hJfP.3","action":"ProcessGetUpdates", "result":"Done", "context":{"dataType":"Saved Tab Group", "deleted":"0", "process_failed_to_decrypt":"0", "process_pending_decryption":"0", "process_success":"2", "total":"2"}}
{"logTime": "0626/002628", "correlationVector":"hOIQutbCsnGNVWRiZ8hJfP.4","action":"ProcessGetUpdates", "result":"Done", "context":{"dataType":"Edge Hub App Usage", "deleted":"0", "process_failed_to_decrypt":"0", "process_pending_decryption":"0", "process_success":"1", "total":"1"}}
{"logTime": "0626/002628", "correlationVector":"hOIQutbCsnGNVWRiZ8hJfP.5","action":"GetUpdates Response", "result":"Success", "context":Received 225 update(s). cV=hOIQutbCsnGNVWRiZ8hJfP.0;server=akswtt00100004r;cloudType=Consumer;environment=Prod_southeastasia_prod-s01-065-apac-southeastasia;migrationStage=NotStarted}
{"logTime": "0626/002628", "correlationVector":"Tt5CJGOzKXj7lxe0HRVOsn","action":"Initial GetUpdates", "result":"", "context":Reason: NEWLY_SUPPORTED_DATATYPE. cV=Tt5CJGOzKXj7lxe0HRVOsn}
{"logTime": "0626/002629", "correlationVector":"Tt5CJGOzKXj7lxe0HRVOsn.1","action":"SyncServerConnectionManagerRequest", "result":"SYNC_SERVER_OK", "context":{"environment":"Prod_southeastasia_prod-s01-065-apac-southeastasia", "migrationStage":"NotStarted", "server":"akswtt00100003f"}}
{"logTime": "0626/002629", "correlationVector":"Tt5CJGOzKXj7lxe0HRVOsn.2","action":"ProcessGetUpdates", "result":"Done", "context":{"dataType":"History", "deleted":"0", "process_failed_to_decrypt":"0", "process_pending_decryption":"0", "process_success":"250", "total":"250"}}
{"logTime": "0626/002629", "correlationVector":"Tt5CJGOzKXj7lxe0HRVOsn.3","action":"GetUpdates Response", "result":"Success", "context":Received 250 update(s). cV=Tt5CJGOzKXj7lxe0HRVOsn.0;server=akswtt00100003f;cloudType=Consumer;environment=Prod_southeastasia_prod-s01-065-apac-southeastasia;migrationStage=NotStarted Some updates remain.}
{"logTime": "0626/002629", "correlationVector":"5a7NLqyJIAmawgHmJAGKMe","action":"Initial GetUpdates", "result":"", "context":Reason: NEWLY_SUPPORTED_DATATYPE. cV=5a7NLqyJIAmawgHmJAGKMe}
{"logTime": "0626/002630", "correlationVector":"5a7NLqyJIAmawgHmJAGKMe.1","action":"SyncServerConnectionManagerRequest", "result":"SYNC_SERVER_OK", "context":{"environment":"Prod_southeastasia_prod-s01-065-apac-southeastasia", "migrationStage":"NotStarted", "server":"akswtt001000036"}}
{"logTime": "0626/002630", "correlationVector":"5a7NLqyJIAmawgHmJAGKMe.2","action":"ProcessGetUpdates", "result":"Done", "context":{"dataType":"History", "deleted":"0", "process_failed_to_decrypt":"0", "process_pending_decryption":"0", "process_success":"250", "total":"250"}}
{"logTime": "0626/002630", "correlationVector":"5a7NLqyJIAmawgHmJAGKMe.3","action":"GetUpdates Response", "result":"Success", "context":Received 250 update(s). cV=5a7NLqyJIAmawgHmJAGKMe.0;server=akswtt001000036;cloudType=Consumer;environment=Prod_southeastasia_prod-s01-065-apac-southeastasia;migrationStage=NotStarted Some updates remain.}
{"logTime": "0626/002630", "correlationVector":"OPhDyFtkircJ8rF4zOWHsN","action":"Initial GetUpdates", "result":"", "context":Reason: NEWLY_SUPPORTED_DATATYPE. cV=OPhDyFtkircJ8rF4zOWHsN}
{"logTime": "0626/002630", "correlationVector":"OPhDyFtkircJ8rF4zOWHsN.1","action":"SyncServerConnectionManagerRequest", "result":"SYNC_SERVER_OK", "context":{"environment":"Prod_southeastasia_prod-s01-065-apac-southeastasia", "migrationStage":"NotStarted", "server":"akswtt001000041"}}
{"logTime": "0626/002630", "correlationVector":"OPhDyFtkircJ8rF4zOWHsN.2","action":"ProcessGetUpdates", "result":"Done", "context":{"dataType":"History", "deleted":"0", "process_failed_to_decrypt":"0", "process_pending_decryption":"0", "process_success":"250", "total":"250"}}
{"logTime": "0626/002630", "correlationVector":"OPhDyFtkircJ8rF4zOWHsN.3","action":"GetUpdates Response", "result":"Success", "context":Received 250 update(s). cV=OPhDyFtkircJ8rF4zOWHsN.0;server=akswtt001000041;cloudType=Consumer;environment=Prod_southeastasia_prod-s01-065-apac-southeastasia;migrationStage=NotStarted Some updates remain.}
{"logTime": "0626/002630", "correlationVector":"Ul+zELEMYH/D6g34UFkxb8","action":"Initial GetUpdates", "result":"", "context":Reason: NEWLY_SUPPORTED_DATATYPE. cV=Ul+zELEMYH/D6g34UFkxb8}
{"logTime": "0626/002631", "correlationVector":"Ul+zELEMYH/D6g34UFkxb8.1","action":"SyncServerConnectionManagerRequest", "result":"SYNC_SERVER_OK", "context":{"environment":"Prod_southeastasia_prod-s01-065-apac-southeastasia", "migrationStage":"NotStarted", "server":"akswtt001000042"}}
{"logTime": "0626/002631", "correlationVector":"Ul+zELEMYH/D6g34UFkxb8.2","action":"ProcessGetUpdates", "result":"Done", "context":{"dataType":"History", "deleted":"0", "process_failed_to_decrypt":"0", "process_pending_decryption":"0", "process_success":"250", "total":"250"}}
{"logTime": "0626/002631", "correlationVector":"Ul+zELEMYH/D6g34UFkxb8.3","action":"GetUpdates Response", "result":"Success", "context":Received 250 update(s). cV=Ul+zELEMYH/D6g34UFkxb8.0;server=akswtt001000042;cloudType=Consumer;environment=Prod_southeastasia_prod-s01-065-apac-southeastasia;migrationStage=NotStarted Some updates remain.}
{"logTime": "0626/002631", "correlationVector":"m1CkTNRL7bhdGVXOhm3zZ/","action":"Initial GetUpdates", "result":"", "context":Reason: NEWLY_SUPPORTED_DATATYPE. cV=m1CkTNRL7bhdGVXOhm3zZ/}
{"logTime": "0626/002632", "correlationVector":"m1CkTNRL7bhdGVXOhm3zZ/.1","action":"SyncServerConnectionManagerRequest", "result":"SYNC_SERVER_OK", "context":{"environment":"Prod_southeastasia_prod-s01-065-apac-southeastasia", "migrationStage":"NotStarted", "server":"akswtt00100002i"}}
{"logTime": "0626/002632", "correlationVector":"m1CkTNRL7bhdGVXOhm3zZ/.2","action":"ProcessGetUpdates", "result":"Done", "context":{"dataType":"History", "deleted":"0", "process_failed_to_decrypt":"0", "process_pending_decryption":"0", "process_success":"250", "total":"250"}}
{"logTime": "0626/002632", "correlationVector":"m1CkTNRL7bhdGVXOhm3zZ/.3","action":"GetUpdates Response", "result":"Success", "context":Received 250 update(s). cV=m1CkTNRL7bhdGVXOhm3zZ/.0;server=akswtt00100002i;cloudType=Consumer;environment=Prod_southeastasia_prod-s01-065-apac-southeastasia;migrationStage=NotStarted Some updates remain.}
{"logTime": "0626/002632", "correlationVector":"jmmaOwRwLsNAPustNNdQaM","action":"Initial GetUpdates", "result":"", "context":Reason: NEWLY_SUPPORTED_DATATYPE. cV=jmmaOwRwLsNAPustNNdQaM}
{"logTime": "0626/002634", "correlationVector":"jmmaOwRwLsNAPustNNdQaM.1","action":"SyncServerConnectionManagerRequest", "result":"SYNC_SERVER_OK", "context":{"environment":"Prod_southeastasia_prod-s01-065-apac-southeastasia", "migrationStage":"NotStarted", "server":"akswtt00100003n"}}
{"logTime": "0626/002634", "correlationVector":"jmmaOwRwLsNAPustNNdQaM.2","action":"ProcessGetUpdates", "result":"Done", "context":{"dataType":"History", "deleted":"0", "process_failed_to_decrypt":"0", "process_pending_decryption":"0", "process_success":"250", "total":"250"}}
{"logTime": "0626/002634", "correlationVector":"jmmaOwRwLsNAPustNNdQaM.3","action":"GetUpdates Response", "result":"Success", "context":Received 250 update(s). cV=jmmaOwRwLsNAPustNNdQaM.0;server=akswtt00100003n;cloudType=Consumer;environment=Prod_southeastasia_prod-s01-065-apac-southeastasia;migrationStage=NotStarted Some updates remain.}
{"logTime": "0626/002634", "correlationVector":"NY94kCqTuRJJ3LXFo34heG","action":"Initial GetUpdates", "result":"", "context":Reason: NEWLY_SUPPORTED_DATATYPE. cV=NY94kCqTuRJJ3LXFo34heG}
{"logTime": "0626/002635", "correlationVector":"NY94kCqTuRJJ3LXFo34heG.1","action":"SyncServerConnectionManagerRequest", "result":"SYNC_SERVER_OK", "context":{"environment":"Prod_southeastasia_prod-s01-065-apac-southeastasia", "migrationStage":"NotStarted", "server":"akswtt00100002u"}}
{"logTime": "0626/002635", "correlationVector":"NY94kCqTuRJJ3LXFo34heG.2","action":"ProcessGetUpdates", "result":"Done", "context":{"dataType":"History", "deleted":"0", "process_failed_to_decrypt":"0", "process_pending_decryption":"0", "process_success":"250", "total":"250"}}
{"logTime": "0626/002635", "correlationVector":"NY94kCqTuRJJ3LXFo34heG.3","action":"GetUpdates Response", "result":"Success", "context":Received 250 update(s). cV=NY94kCqTuRJJ3LXFo34heG.0;server=akswtt00100002u;cloudType=Consumer;environment=Prod_southeastasia_prod-s01-065-apac-southeastasia;migrationStage=NotStarted Some updates remain.}
{"logTime": "0626/002635", "correlationVector":"uaPm2Sal1EBFeqa7ti1wb2","action":"Initial GetUpdates", "result":"", "context":Reason: NEWLY_SUPPORTED_DATATYPE. cV=uaPm2Sal1EBFeqa7ti1wb2}
{"logTime": "0626/002636", "correlationVector":"uaPm2Sal1EBFeqa7ti1wb2.1","action":"SyncServerConnectionManagerRequest", "result":"SYNC_SERVER_OK", "context":{"environment":"Prod_southeastasia_prod-s01-065-apac-southeastasia", "migrationStage":"NotStarted", "server":"akswtt001000040"}}
{"logTime": "0626/002636", "correlationVector":"uaPm2Sal1EBFeqa7ti1wb2.2","action":"ProcessGetUpdates", "result":"Done", "context":{"dataType":"History", "deleted":"0", "process_failed_to_decrypt":"0", "process_pending_decryption":"0", "process_success":"250", "total":"250"}}
{"logTime": "0626/002636", "correlationVector":"uaPm2Sal1EBFeqa7ti1wb2.3","action":"GetUpdates Response", "result":"Success", "context":Received 250 update(s). cV=uaPm2Sal1EBFeqa7ti1wb2.0;server=akswtt001000040;cloudType=Consumer;environment=Prod_southeastasia_prod-s01-065-apac-southeastasia;migrationStage=NotStarted Some updates remain.}
{"logTime": "0626/002636", "correlationVector":"SmZwTwPEiGZOoSJCb99937","action":"Initial GetUpdates", "result":"", "context":Reason: NEWLY_SUPPORTED_DATATYPE. cV=SmZwTwPEiGZOoSJCb99937}
{"logTime": "0626/002636", "correlationVector":"SmZwTwPEiGZOoSJCb99937.1","action":"SyncServerConnectionManagerRequest", "result":"SYNC_SERVER_OK", "context":{"environment":"Prod_southeastasia_prod-s01-065-apac-southeastasia", "migrationStage":"NotStarted", "server":"akswtt001000036"}}
{"logTime": "0626/002636", "correlationVector":"SmZwTwPEiGZOoSJCb99937.2","action":"ProcessGetUpdates", "result":"Done", "context":{"dataType":"History", "deleted":"0", "process_failed_to_decrypt":"0", "process_pending_decryption":"0", "process_success":"250", "total":"250"}}
{"logTime": "0626/002636", "correlationVector":"SmZwTwPEiGZOoSJCb99937.3","action":"GetUpdates Response", "result":"Success", "context":Received 250 update(s). cV=SmZwTwPEiGZOoSJCb99937.0;server=akswtt001000036;cloudType=Consumer;environment=Prod_southeastasia_prod-s01-065-apac-southeastasia;migrationStage=NotStarted Some updates remain.}
{"logTime": "0626/002636", "correlationVector":"lheSfkmxPu2wHiwke4E/8A","action":"Initial GetUpdates", "result":"", "context":Reason: NEWLY_SUPPORTED_DATATYPE. cV=lheSfkmxPu2wHiwke4E/8A}
{"logTime": "0626/002637", "correlationVector":"lheSfkmxPu2wHiwke4E/8A.1","action":"SyncServerConnectionManagerRequest", "result":"SYNC_SERVER_OK", "context":{"environment":"Prod_southeastasia_prod-s01-065-apac-southeastasia", "migrationStage":"NotStarted", "server":"akswtt00100003f"}}
{"logTime": "0626/002637", "correlationVector":"lheSfkmxPu2wHiwke4E/8A.2","action":"ProcessGetUpdates", "result":"Done", "context":{"dataType":"History", "deleted":"0", "process_failed_to_decrypt":"0", "process_pending_decryption":"0", "process_success":"250", "total":"250"}}
{"logTime": "0626/002637", "correlationVector":"lheSfkmxPu2wHiwke4E/8A.3","action":"GetUpdates Response", "result":"Success", "context":Received 250 update(s). cV=lheSfkmxPu2wHiwke4E/8A.0;server=akswtt00100003f;cloudType=Consumer;environment=Prod_southeastasia_prod-s01-065-apac-southeastasia;migrationStage=NotStarted Some updates remain.}
{"logTime": "0626/002637", "correlationVector":"fB9hlozURpN98r+Pg48Co6","action":"Initial GetUpdates", "result":"", "context":Reason: NEWLY_SUPPORTED_DATATYPE. cV=fB9hlozURpN98r+Pg48Co6}
{"logTime": "0626/002638", "correlationVector":"fB9hlozURpN98r+Pg48Co6.1","action":"SyncServerConnectionManagerRequest", "result":"SYNC_SERVER_OK", "context":{"environment":"Prod_southeastasia_prod-s01-065-apac-southeastasia", "migrationStage":"NotStarted", "server":"akswtt00100003o"}}
{"logTime": "0626/002638", "correlationVector":"fB9hlozURpN98r+Pg48Co6.2","action":"ProcessGetUpdates", "result":"Done", "context":{"dataType":"History", "deleted":"0", "process_failed_to_decrypt":"0", "process_pending_decryption":"0", "process_success":"250", "total":"250"}}
{"logTime": "0626/002638", "correlationVector":"fB9hlozURpN98r+Pg48Co6.3","action":"GetUpdates Response", "result":"Success", "context":Received 250 update(s). cV=fB9hlozURpN98r+Pg48Co6.0;server=akswtt00100003o;cloudType=Consumer;environment=Prod_southeastasia_prod-s01-065-apac-southeastasia;migrationStage=NotStarted Some updates remain.}
{"logTime": "0626/002638", "correlationVector":"9A6P1fZv1Z7/z6T0FnJW8g","action":"Initial GetUpdates", "result":"", "context":Reason: NEWLY_SUPPORTED_DATATYPE. cV=9A6P1fZv1Z7/z6T0FnJW8g}
{"logTime": "0626/002639", "correlationVector":"9A6P1fZv1Z7/z6T0FnJW8g.1","action":"SyncServerConnectionManagerRequest", "result":"SYNC_SERVER_OK", "context":{"environment":"Prod_southeastasia_prod-s01-065-apac-southeastasia", "migrationStage":"NotStarted", "server":"akswtt00100002o"}}
{"logTime": "0626/002639", "correlationVector":"9A6P1fZv1Z7/z6T0FnJW8g.2","action":"ProcessGetUpdates", "result":"Done", "context":{"dataType":"History", "deleted":"0", "process_failed_to_decrypt":"0", "process_pending_decryption":"0", "process_success":"250", "total":"250"}}
{"logTime": "0626/002639", "correlationVector":"9A6P1fZv1Z7/z6T0FnJW8g.3","action":"GetUpdates Response", "result":"Success", "context":Received 250 update(s). cV=9A6P1fZv1Z7/z6T0FnJW8g.0;server=akswtt00100002o;cloudType=Consumer;environment=Prod_southeastasia_prod-s01-065-apac-southeastasia;migrationStage=NotStarted Some updates remain.}
{"logTime": "0626/002639", "correlationVector":"V0GsMGd+nXGA6HawZ1CucO","action":"Initial GetUpdates", "result":"", "context":Reason: NEWLY_SUPPORTED_DATATYPE. cV=V0GsMGd+nXGA6HawZ1CucO}
{"logTime": "0626/002639", "correlationVector":"V0GsMGd+nXGA6HawZ1CucO.1","action":"SyncServerConnectionManagerRequest", "result":"SYNC_SERVER_OK", "context":{"environment":"Prod_southeastasia_prod-s01-065-apac-southeastasia", "migrationStage":"NotStarted", "server":"akswtt001000032"}}
{"logTime": "0626/002639", "correlationVector":"V0GsMGd+nXGA6HawZ1CucO.2","action":"ProcessGetUpdates", "result":"Done", "context":{"dataType":"History", "deleted":"0", "process_failed_to_decrypt":"0", "process_pending_decryption":"0", "process_success":"250", "total":"250"}}
{"logTime": "0626/002639", "correlationVector":"V0GsMGd+nXGA6HawZ1CucO.3","action":"GetUpdates Response", "result":"Success", "context":Received 250 update(s). cV=V0GsMGd+nXGA6HawZ1CucO.0;server=akswtt001000032;cloudType=Consumer;environment=Prod_southeastasia_prod-s01-065-apac-southeastasia;migrationStage=NotStarted Some updates remain.}
{"logTime": "0626/002639", "correlationVector":"qko6JuKy7uH2Pw9m19uSUj","action":"Initial GetUpdates", "result":"", "context":Reason: NEWLY_SUPPORTED_DATATYPE. cV=qko6JuKy7uH2Pw9m19uSUj}
{"logTime": "0626/002640", "correlationVector":"qko6JuKy7uH2Pw9m19uSUj.1","action":"SyncServerConnectionManagerRequest", "result":"SYNC_SERVER_OK", "context":{"environment":"Prod_southeastasia_prod-s01-065-apac-southeastasia", "migrationStage":"NotStarted", "server":"akswtt00100000l"}}
{"logTime": "0626/002640", "correlationVector":"qko6JuKy7uH2Pw9m19uSUj.2","action":"ProcessGetUpdates", "result":"Done", "context":{"dataType":"History", "deleted":"0", "process_failed_to_decrypt":"0", "process_pending_decryption":"0", "process_success":"250", "total":"250"}}
{"logTime": "0626/002640", "correlationVector":"qko6JuKy7uH2Pw9m19uSUj.3","action":"GetUpdates Response", "result":"Success", "context":Received 250 update(s). cV=qko6JuKy7uH2Pw9m19uSUj.0;server=akswtt00100000l;cloudType=Consumer;environment=Prod_southeastasia_prod-s01-065-apac-southeastasia;migrationStage=NotStarted Some updates remain.}
{"logTime": "0626/002640", "correlationVector":"FXrsRoxlyRofO60jdFXvYT","action":"Initial GetUpdates", "result":"", "context":Reason: NEWLY_SUPPORTED_DATATYPE. cV=FXrsRoxlyRofO60jdFXvYT}
{"logTime": "0626/002640", "correlationVector":"FXrsRoxlyRofO60jdFXvYT.1","action":"SyncServerConnectionManagerRequest", "result":"SYNC_SERVER_OK", "context":{"environment":"Prod_southeastasia_prod-s01-065-apac-southeastasia", "migrationStage":"NotStarted", "server":"akswtt001000040"}}
{"logTime": "0626/002640", "correlationVector":"FXrsRoxlyRofO60jdFXvYT.2","action":"ProcessGetUpdates", "result":"Done", "context":{"dataType":"History", "deleted":"0", "process_failed_to_decrypt":"0", "process_pending_decryption":"0", "process_success":"196", "total":"196"}}
{"logTime": "0626/002640", "correlationVector":"FXrsRoxlyRofO60jdFXvYT.3","action":"GetUpdates Response", "result":"Success", "context":Received 196 update(s). cV=FXrsRoxlyRofO60jdFXvYT.0;server=akswtt001000040;cloudType=Consumer;environment=Prod_southeastasia_prod-s01-065-apac-southeastasia;migrationStage=NotStarted}
{"logTime": "0626/002640", "correlationVector":"SYAoj+5jtzuRR92DAUujOu","action":"Normal GetUpdate request", "result":"", "context":cV=SYAoj+5jtzuRR92DAUujOu
Nudged types: Bookmarks, Preferences, Passwords, Sessions, Device Info, User Consents
Refresh requested types: Bookmarks, Preferences, Passwords, Autofill Profiles, Autofill, Extensions, Sessions, Extension settings, History Delete Directives, Device Info, User Consents, Send Tab To Self, Web Apps, History, Saved Tab Group, WebAuthn Credentials, Edge E Drop, Edge Hub App Usage, Edge Wallet, Edge Workspace, Encryption Keys}
{"logTime": "0626/002641", "correlationVector":"SYAoj+5jtzuRR92DAUujOu.1","action":"SyncServerConnectionManagerRequest", "result":"SYNC_SERVER_OK", "context":{"environment":"Prod_southeastasia_prod-s01-065-apac-southeastasia", "migrationStage":"NotStarted", "server":"akswtt001000040"}}
{"logTime": "0626/002641", "correlationVector":"SYAoj+5jtzuRR92DAUujOu.2","action":"GetUpdates Response", "result":"Success", "context":Received 0 update(s). cV=SYAoj+5jtzuRR92DAUujOu.0;server=akswtt001000040;cloudType=Consumer;environment=Prod_southeastasia_prod-s01-065-apac-southeastasia;migrationStage=NotStarted}
{"logTime": "0626/002641", "correlationVector":"2oDwD6PLQ9e0QzwlmLqRUG","action":"Commit Request", "result":"", "context":Item count: 40
Contributing types: Passwords}
{"logTime": "0626/002646", "correlationVector":"2oDwD6PLQ9e0QzwlmLqRUG.1","action":"SyncServerConnectionManagerRequest", "result":"SYNC_SERVER_OK", "context":{"environment":"Prod_southeastasia_prod-s01-065-apac-southeastasia", "migrationStage":"NotStarted", "server":"akswtt00100003j"}}
{"logTime": "0626/002646", "correlationVector":"2oDwD6PLQ9e0QzwlmLqRUG.2","action":"Commit Response", "result":"Success", "context":Result: Success. cV=2oDwD6PLQ9e0QzwlmLqRUG.0;server=akswtt00100003j;cloudType=Consumer;environment=Prod_southeastasia_prod-s01-065-apac-southeastasia;migrationStage=NotStarted}
{"logTime": "0626/002647", "correlationVector":"Ez4aVunwZHF/TNnk8OyU+6","action":"Commit Request", "result":"", "context":Item count: 40
Contributing types: Passwords}
{"logTime": "0626/002652", "correlationVector":"Ez4aVunwZHF/TNnk8OyU+6.1","action":"SyncServerConnectionManagerRequest", "result":"SYNC_SERVER_OK", "context":{"environment":"Prod_southeastasia_prod-s01-065-apac-southeastasia", "migrationStage":"NotStarted", "server":"akswtt00100003j"}}
{"logTime": "0626/002652", "correlationVector":"Ez4aVunwZHF/TNnk8OyU+6.2","action":"Commit Response", "result":"Success", "context":Result: Success. cV=Ez4aVunwZHF/TNnk8OyU+6.0;server=akswtt00100003j;cloudType=Consumer;environment=Prod_southeastasia_prod-s01-065-apac-southeastasia;migrationStage=NotStarted}
{"logTime": "0626/002652", "correlationVector":"VQozgzrqSi4iY1vbtunt4O","action":"Commit Request", "result":"", "context":Item count: 40
Contributing types: Passwords}
{"logTime": "0626/002659", "correlationVector":"VQozgzrqSi4iY1vbtunt4O.1","action":"SyncServerConnectionManagerRequest", "result":"SYNC_SERVER_OK", "context":{"environment":"Prod_southeastasia_prod-s01-065-apac-southeastasia", "migrationStage":"NotStarted", "server":"akswtt001000010"}}
{"logTime": "0626/002659", "correlationVector":"VQozgzrqSi4iY1vbtunt4O.2","action":"Commit Response", "result":"Success", "context":Result: Success. cV=VQozgzrqSi4iY1vbtunt4O.0;server=akswtt001000010;cloudType=Consumer;environment=Prod_southeastasia_prod-s01-065-apac-southeastasia;migrationStage=NotStarted}
{"logTime": "0626/002659", "correlationVector":"hXAQvIw6Ka+rR6iS19uwwi","action":"Commit Request", "result":"", "context":Item count: 40
Contributing types: Passwords}
{"logTime": "0626/002705", "correlationVector":"hXAQvIw6Ka+rR6iS19uwwi.1","action":"SyncServerConnectionManagerRequest", "result":"SYNC_SERVER_OK", "context":{"environment":"Prod_southeastasia_prod-s01-065-apac-southeastasia", "migrationStage":"NotStarted", "server":"akswtt00100002b"}}
{"logTime": "0626/002705", "correlationVector":"hXAQvIw6Ka+rR6iS19uwwi.2","action":"Commit Response", "result":"Success", "context":Result: Success. cV=hXAQvIw6Ka+rR6iS19uwwi.0;server=akswtt00100002b;cloudType=Consumer;environment=Prod_southeastasia_prod-s01-065-apac-southeastasia;migrationStage=NotStarted}
{"logTime": "0626/002705", "correlationVector":"d30czGxdjXoTPpXMDL5b6W","action":"Commit Request", "result":"", "context":Item count: 40
Contributing types: Passwords}
{"logTime": "0626/002710", "correlationVector":"d30czGxdjXoTPpXMDL5b6W.1","action":"SyncServerConnectionManagerRequest", "result":"SYNC_SERVER_OK", "context":{"environment":"Prod_southeastasia_prod-s01-065-apac-southeastasia", "migrationStage":"NotStarted", "server":"akswtt00100002o"}}
{"logTime": "0626/002710", "correlationVector":"d30czGxdjXoTPpXMDL5b6W.2","action":"Commit Response", "result":"Success", "context":Result: Success. cV=d30czGxdjXoTPpXMDL5b6W.0;server=akswtt00100002o;cloudType=Consumer;environment=Prod_southeastasia_prod-s01-065-apac-southeastasia;migrationStage=NotStarted}
{"logTime": "0626/002754", "correlationVector":"3TGfTRMuGfBbFSrFD9xBZH","action":"Commit Request", "result":"", "context":Item count: 40
Contributing types: Passwords}
{"logTime": "0626/002759", "correlationVector":"3TGfTRMuGfBbFSrFD9xBZH.1","action":"SyncServerConnectionManagerRequest", "result":"SYNC_SERVER_OK", "context":{"environment":"Prod_southeastasia_prod-s01-064-apac-southeastasia", "migrationStage":"NotStarted", "server":"akswtt00100004j"}}
{"logTime": "0626/002759", "correlationVector":"3TGfTRMuGfBbFSrFD9xBZH.2","action":"Commit Response", "result":"Success", "context":Result: Success. cV=3TGfTRMuGfBbFSrFD9xBZH.0;server=akswtt00100004j;cloudType=Consumer;environment=Prod_southeastasia_prod-s01-064-apac-southeastasia;migrationStage=NotStarted}
{"logTime": "0626/002759", "correlationVector":"y2wiFkhIqeUmyFlkCMH/Ra","action":"Commit Request", "result":"", "context":Item count: 40
Contributing types: Passwords}
{"logTime": "0626/002804", "correlationVector":"y2wiFkhIqeUmyFlkCMH/Ra.1","action":"SyncServerConnectionManagerRequest", "result":"SYNC_SERVER_OK", "context":{"environment":"Prod_southeastasia_prod-s01-064-apac-southeastasia", "migrationStage":"NotStarted", "server":"akswtt001000043"}}
{"logTime": "0626/002804", "correlationVector":"y2wiFkhIqeUmyFlkCMH/Ra.2","action":"Commit Response", "result":"Success", "context":Result: Success. cV=y2wiFkhIqeUmyFlkCMH/Ra.0;server=akswtt001000043;cloudType=Consumer;environment=Prod_southeastasia_prod-s01-064-apac-southeastasia;migrationStage=NotStarted}
{"logTime": "0626/002804", "correlationVector":"M1cDdVUYnHnHVH+WAcrHVw","action":"Commit Request", "result":"", "context":Item count: 40
Contributing types: Passwords}
{"logTime": "0626/002809", "correlationVector":"M1cDdVUYnHnHVH+WAcrHVw.1","action":"SyncServerConnectionManagerRequest", "result":"SYNC_SERVER_OK", "context":{"environment":"Prod_southeastasia_prod-s01-064-apac-southeastasia", "migrationStage":"NotStarted", "server":"akswtt001000007"}}
{"logTime": "0626/002809", "correlationVector":"M1cDdVUYnHnHVH+WAcrHVw.2","action":"Commit Response", "result":"Success", "context":Result: Success. cV=M1cDdVUYnHnHVH+WAcrHVw.0;server=akswtt001000007;cloudType=Consumer;environment=Prod_southeastasia_prod-s01-064-apac-southeastasia;migrationStage=NotStarted}
{"logTime": "0626/002809", "correlationVector":"CfqlsTtRrc6CXrJHx/08qt","action":"Commit Request", "result":"", "context":Item count: 40
Contributing types: Passwords}
{"logTime": "0626/002814", "correlationVector":"CfqlsTtRrc6CXrJHx/08qt.1","action":"SyncServerConnectionManagerRequest", "result":"SYNC_SERVER_OK", "context":{"environment":"Prod_southeastasia_prod-s01-064-apac-southeastasia", "migrationStage":"NotStarted", "server":"akswtt00100004j"}}
{"logTime": "0626/002814", "correlationVector":"CfqlsTtRrc6CXrJHx/08qt.2","action":"Commit Response", "result":"Success", "context":Result: Success. cV=CfqlsTtRrc6CXrJHx/08qt.0;server=akswtt00100004j;cloudType=Consumer;environment=Prod_southeastasia_prod-s01-064-apac-southeastasia;migrationStage=NotStarted}
{"logTime": "0626/002814", "correlationVector":"Gt4NITkPdU5uciG5yyPlL3","action":"Commit Request", "result":"", "context":Item count: 40
Contributing types: Passwords}
{"logTime": "0626/002818", "correlationVector":"Gt4NITkPdU5uciG5yyPlL3.1","action":"SyncServerConnectionManagerRequest", "result":"SYNC_SERVER_OK", "context":{"environment":"Prod_southeastasia_prod-s01-064-apac-southeastasia", "migrationStage":"NotStarted", "server":"akswtt00100004k"}}
{"logTime": "0626/002818", "correlationVector":"Gt4NITkPdU5uciG5yyPlL3.2","action":"Commit Response", "result":"Success", "context":Result: Success. cV=Gt4NITkPdU5uciG5yyPlL3.0;server=akswtt00100004k;cloudType=Consumer;environment=Prod_southeastasia_prod-s01-064-apac-southeastasia;migrationStage=NotStarted}
{"logTime": "0626/002819", "correlationVector":"vNRF5PYhI090OomxKmkiUL","action":"Commit Request", "result":"", "context":Item count: 40
Contributing types: Passwords}
{"logTime": "0626/002824", "correlationVector":"vNRF5PYhI090OomxKmkiUL.1","action":"SyncServerConnectionManagerRequest", "result":"SYNC_SERVER_OK", "context":{"environment":"Prod_southeastasia_prod-s01-064-apac-southeastasia", "migrationStage":"NotStarted", "server":"akswtt00100003b"}}
{"logTime": "0626/002824", "correlationVector":"vNRF5PYhI090OomxKmkiUL.2","action":"Commit Response", "result":"Success", "context":Result: Success. cV=vNRF5PYhI090OomxKmkiUL.0;server=akswtt00100003b;cloudType=Consumer;environment=Prod_southeastasia_prod-s01-064-apac-southeastasia;migrationStage=NotStarted}
{"logTime": "0626/002824", "correlationVector":"UB7LHB6gph6wYWILsZ5EP0","action":"Commit Request", "result":"", "context":Item count: 40
Contributing types: Passwords}
{"logTime": "0626/002829", "correlationVector":"UB7LHB6gph6wYWILsZ5EP0.1","action":"SyncServerConnectionManagerRequest", "result":"SYNC_SERVER_OK", "context":{"environment":"Prod_southeastasia_prod-s01-064-apac-southeastasia", "migrationStage":"NotStarted", "server":"akswtt001000044"}}
{"logTime": "0626/002829", "correlationVector":"UB7LHB6gph6wYWILsZ5EP0.2","action":"Commit Response", "result":"Success", "context":Result: Success. cV=UB7LHB6gph6wYWILsZ5EP0.0;server=akswtt001000044;cloudType=Consumer;environment=Prod_southeastasia_prod-s01-064-apac-southeastasia;migrationStage=NotStarted}
{"logTime": "0626/002829", "correlationVector":"gQ67/am4AB1KTwAafla312","action":"Commit Request", "result":"", "context":Item count: 40
Contributing types: Passwords}
{"logTime": "0626/002833", "correlationVector":"gQ67/am4AB1KTwAafla312.1","action":"SyncServerConnectionManagerRequest", "result":"SYNC_SERVER_OK", "context":{"environment":"Prod_southeastasia_prod-s01-064-apac-southeastasia", "migrationStage":"NotStarted", "server":"akswtt00100003i"}}
{"logTime": "0626/002833", "correlationVector":"gQ67/am4AB1KTwAafla312.2","action":"Commit Response", "result":"Success", "context":Result: Success. cV=gQ67/am4AB1KTwAafla312.0;server=akswtt00100003i;cloudType=Consumer;environment=Prod_southeastasia_prod-s01-064-apac-southeastasia;migrationStage=NotStarted}
{"logTime": "0626/002834", "correlationVector":"v0f1ZzMkBE4uQJowbmZBpJ","action":"Commit Request", "result":"", "context":Item count: 29
Contributing types: Bookmarks, Preferences, Passwords, Sessions, Device Info, User Consents, History}
{"logTime": "0626/002838", "correlationVector":"v0f1ZzMkBE4uQJowbmZBpJ.1","action":"SyncServerConnectionManagerRequest", "result":"SYNC_SERVER_OK", "context":{"environment":"Prod_southeastasia_prod-s01-064-apac-southeastasia", "migrationStage":"NotStarted", "server":"akswtt001000016"}}
{"logTime": "0626/002838", "correlationVector":"v0f1ZzMkBE4uQJowbmZBpJ.2","action":"Commit Response", "result":"Success", "context":Result: Success. cV=v0f1ZzMkBE4uQJowbmZBpJ.0;server=akswtt001000016;cloudType=Consumer;environment=Prod_southeastasia_prod-s01-064-apac-southeastasia;migrationStage=NotStarted}
