{"logTime": "0626/002935", "correlationVector":"8P4WqOMXHz1lh9mMkg2Yoi.1","action":"SyncServerConnectionManagerRequest", "result":"SYNC_SERVER_OK", "context":{"environment":"Prod_southeastasia_prod-s01-064-apac-southeastasia", "migrationStage":"NotStarted", "server":"akswtt00100003w"}}
{"logTime": "0626/002935", "correlationVector":"8P4WqOMXHz1lh9mMkg2Yoi.2","action":"ProcessGetUpdates", "result":"Done", "context":{"dataType":"Encryption Keys", "deleted":"0", "process_failed_to_decrypt":"0", "process_pending_decryption":"0", "process_success":"1", "total":"1"}}
{"logTime": "0626/002937", "correlationVector":"yZMehqEqxiFzKX6N4G06xN","action":"SyncServerConnectionManagerRequest", "result":"SYNC_SERVER_OK", "context":{"environment":"", "migrationStage":"", "server":""}}
{"logTime": "0626/002937", "correlationVector":"yZMehqEqxiFzKX6N4G06xN.0","action":"EncryptionKeysFetcher.DownloadKeys:", "result":"Success", "context":Key count: 10, Last key timestamp: 2026-01-28T09:53:10Z}
{"logTime": "0626/002937", "correlationVector":"yZMehqEqxiFzKX6N4G06xN.1","action":"EncryptionKeysManager::SetEncryptionKeys:", "result":"Success", "context":Key names[10]:[oIx26glY46OXnIcthEtQSnnL8TmMg93Agx+byy/Bxdw0/Dt1l6aMvc9WGLO6pK9XcKVO4Lh8GRgZKSwuTSaniA==][9dyCUGxJORQtJdpIFVqccvDNgYnfdKWcbegYCnQY1lP7wBij+YWFYhFKkg2chQ4EOT6ZyM9LmsvPbNnVCz0XBg==][icDLaX2B0/qEJN8UhNzFkyRYgtQtI1PK/YldDhP0ZdkpUJ1akp/aPxjysZ8SDnuNAKu/fvf/6y2pe/Bqny+oSw==][CqeajTsFD7S+hjfYB7vE0SVjhUsqTVmFeiRNNVoVJo+L4R/RgU5sRtMtUoA0hRaIu/S1tHH+Na8Fy77NRgGtjQ==][EcygP1zPdQGjc1e51BnY71LegL8asT8jj6t17iW0iwRT0cdDzk+ZTXLVW5tz/lL2s1VVDQ07PKLNPGMOKaPKZg==][4nwJqIXgGBBxOD00BSkTIEliKoXPS1q0vz7J6q634ZAq85r9dmqz66UMBdQv2suYEvJuVOwTUk+4rlHjfFJgig==][autMxNsxuQvS7O228FD4Rek8rOsIzGk9WbOX1rr0ULy395TCMPUtMpanpoc3GSFR0UrWzKXd7O13p2Y+p3uZ5g==][Bw0qPvbJWnZqnhy4IbFe+M9lTzWRXkjWBqyUQWU8Uw3Tqo4ndk4wNt15Tl8xzAH1NJ/CGwWdWZ/kfZFWjqy1ZA==][zNL7Hv60DN7Ny7NclqenFBYZp98239kEfuKZAVh7C6I7z7+AdX5VVgn2ebZNqzIyX+k3CxWE8QrTV+E6FcBJyw==][hxYTenxiYKJej/kOFEfpWN6SzGqqfov27wsj7bzHFbuEj1Mo7zFbvSHr5G2ykNEgmKs18qh6Ecu6KT9/OsG06g==]}
{"logTime": "0626/002937", "correlationVector":"yZMehqEqxiFzKX6N4G06xN.2","action":"EncryptionKeysManager::SetEncryptionKeysWithTimestamps:", "result":"Success", "context":Key timestamps[10]:[2022-01-28T12:12:41Z][2022-08-28T07:45:01Z][2023-02-24T13:21:40Z][2023-09-09T12:36:42Z][2024-03-08T00:24:16Z][2024-09-04T00:46:39Z][2024-10-24T09:16:15Z][2025-04-22T10:06:28Z][2025-10-20T00:27:36Z][2026-01-28T09:53:10Z]}
{"logTime": "0626/002937", "correlationVector":"8P4WqOMXHz1lh9mMkg2Yoi","action":"Initial GetUpdates", "result":"", "context":Reason: NEW_CLIENT. cV=8P4WqOMXHz1lh9mMkg2Yoi}
{"logTime": "0626/002937", "correlationVector":"8P4WqOMXHz1lh9mMkg2Yoi.3","action":"GetUpdates Response", "result":"Success", "context":Received 1 update(s). cV=8P4WqOMXHz1lh9mMkg2Yoi.0;server=akswtt00100003w;cloudType=Consumer;environment=Prod_southeastasia_prod-s01-064-apac-southeastasia;migrationStage=NotStarted}
{"logTime": "0626/002938", "correlationVector":"mDXS5HtlRnzqmv1OmxYi9D","action":"Initial GetUpdates", "result":"", "context":Reason: NEWLY_SUPPORTED_DATATYPE. cV=mDXS5HtlRnzqmv1OmxYi9D}
{"logTime": "0626/002939", "correlationVector":"mDXS5HtlRnzqmv1OmxYi9D.1","action":"SyncServerConnectionManagerRequest", "result":"SYNC_SERVER_OK", "context":{"environment":"Prod_southeastasia_prod-s01-064-apac-southeastasia", "migrationStage":"NotStarted", "server":"akswtt00100002b"}}
{"logTime": "0626/002939", "correlationVector":"mDXS5HtlRnzqmv1OmxYi9D.2","action":"ProcessGetUpdates", "result":"Done", "context":{"dataType":"Preferences", "deleted":"5", "process_failed_to_decrypt":"0", "process_pending_decryption":"0", "process_success":"137", "total":"137"}}
{"logTime": "0626/002939", "correlationVector":"mDXS5HtlRnzqmv1OmxYi9D.3","action":"ProcessGetUpdates", "result":"Done", "context":{"dataType":"Passwords", "deleted":"3", "process_failed_to_decrypt":"0", "process_pending_decryption":"0", "process_success":"92", "total":"92"}}
{"logTime": "0626/002939", "correlationVector":"mDXS5HtlRnzqmv1OmxYi9D.4","action":"ProcessGetUpdates", "result":"Done", "context":{"dataType":"Device Info", "deleted":"0", "process_failed_to_decrypt":"0", "process_pending_decryption":"0", "process_success":"21", "total":"21"}}
{"logTime": "0626/002939", "correlationVector":"mDXS5HtlRnzqmv1OmxYi9D.5","action":"GetUpdates Response", "result":"Success", "context":Received 250 update(s). cV=mDXS5HtlRnzqmv1OmxYi9D.0;server=akswtt00100002b;cloudType=Consumer;environment=Prod_southeastasia_prod-s01-064-apac-southeastasia;migrationStage=NotStarted Some updates remain.}
{"logTime": "0626/002939", "correlationVector":"7bEZ91O6dE5THx79f2Y3t9","action":"Initial GetUpdates", "result":"", "context":Reason: NEWLY_SUPPORTED_DATATYPE. cV=7bEZ91O6dE5THx79f2Y3t9}
{"logTime": "0626/002939", "correlationVector":"7bEZ91O6dE5THx79f2Y3t9.1","action":"SyncServerConnectionManagerRequest", "result":"SYNC_SERVER_OK", "context":{"environment":"Prod_southeastasia_prod-s01-064-apac-southeastasia", "migrationStage":"NotStarted", "server":"akswtt00100003e"}}
{"logTime": "0626/002939", "correlationVector":"7bEZ91O6dE5THx79f2Y3t9.2","action":"ProcessGetUpdates", "result":"Done", "context":{"dataType":"Preferences", "deleted":"0", "process_failed_to_decrypt":"0", "process_pending_decryption":"0", "process_success":"2", "total":"2"}}
{"logTime": "0626/002939", "correlationVector":"7bEZ91O6dE5THx79f2Y3t9.3","action":"ProcessGetUpdates", "result":"Done", "context":{"dataType":"Passwords", "deleted":"0", "process_failed_to_decrypt":"0", "process_pending_decryption":"0", "process_success":"248", "total":"248"}}
{"logTime": "0626/002939", "correlationVector":"7bEZ91O6dE5THx79f2Y3t9.4","action":"GetUpdates Response", "result":"Success", "context":Received 250 update(s). cV=7bEZ91O6dE5THx79f2Y3t9.0;server=akswtt00100003e;cloudType=Consumer;environment=Prod_southeastasia_prod-s01-064-apac-southeastasia;migrationStage=NotStarted Some updates remain.}
{"logTime": "0626/002939", "correlationVector":"+GwQZxCRRahBYs23A3MOtg","action":"Initial GetUpdates", "result":"", "context":Reason: NEWLY_SUPPORTED_DATATYPE. cV=+GwQZxCRRahBYs23A3MOtg}
{"logTime": "0626/002940", "correlationVector":"+GwQZxCRRahBYs23A3MOtg.1","action":"SyncServerConnectionManagerRequest", "result":"SYNC_SERVER_OK", "context":{"environment":"Prod_southeastasia_prod-s01-064-apac-southeastasia", "migrationStage":"NotStarted", "server":"akswtt00100004j"}}
{"logTime": "0626/002940", "correlationVector":"+GwQZxCRRahBYs23A3MOtg.2","action":"ProcessGetUpdates", "result":"Done", "context":{"dataType":"Preferences", "deleted":"0", "process_failed_to_decrypt":"0", "process_pending_decryption":"0", "process_success":"1", "total":"1"}}
{"logTime": "0626/002940", "correlationVector":"+GwQZxCRRahBYs23A3MOtg.3","action":"ProcessGetUpdates", "result":"Done", "context":{"dataType":"Passwords", "deleted":"0", "process_failed_to_decrypt":"0", "process_pending_decryption":"0", "process_success":"17", "total":"17"}}
{"logTime": "0626/002940", "correlationVector":"+GwQZxCRRahBYs23A3MOtg.4","action":"ProcessGetUpdates", "result":"Done", "context":{"dataType":"Device Info", "deleted":"0", "process_failed_to_decrypt":"0", "process_pending_decryption":"0", "process_success":"1", "total":"1"}}
{"logTime": "0626/002940", "correlationVector":"+GwQZxCRRahBYs23A3MOtg.5","action":"GetUpdates Response", "result":"Success", "context":Received 19 update(s). cV=+GwQZxCRRahBYs23A3MOtg.0;server=akswtt00100004j;cloudType=Consumer;environment=Prod_southeastasia_prod-s01-064-apac-southeastasia;migrationStage=NotStarted}
{"logTime": "0626/002940", "correlationVector":"8NovIvOH2TWQ3C46WXyXxi","action":"Initial GetUpdates", "result":"", "context":Reason: NEWLY_SUPPORTED_DATATYPE. cV=8NovIvOH2TWQ3C46WXyXxi}
{"logTime": "0626/002940", "correlationVector":"8NovIvOH2TWQ3C46WXyXxi.1","action":"SyncServerConnectionManagerRequest", "result":"SYNC_SERVER_OK", "context":{"environment":"Prod_southeastasia_prod-s01-064-apac-southeastasia", "migrationStage":"NotStarted", "server":"akswtt00100002r"}}
{"logTime": "0626/002940", "correlationVector":"8NovIvOH2TWQ3C46WXyXxi.2","action":"ProcessGetUpdates", "result":"Done", "context":{"dataType":"Bookmarks", "deleted":"0", "process_failed_to_decrypt":"0", "process_pending_decryption":"0", "process_success":"250", "total":"250"}}
{"logTime": "0626/002940", "correlationVector":"8NovIvOH2TWQ3C46WXyXxi.3","action":"GetUpdates Response", "result":"Success", "context":Received 250 update(s). cV=8NovIvOH2TWQ3C46WXyXxi.0;server=akswtt00100002r;cloudType=Consumer;environment=Prod_southeastasia_prod-s01-064-apac-southeastasia;migrationStage=NotStarted Some updates remain.}
{"logTime": "0626/002940", "correlationVector":"evNTjdAdOGT30/Qe52qTn1","action":"Initial GetUpdates", "result":"", "context":Reason: NEWLY_SUPPORTED_DATATYPE. cV=evNTjdAdOGT30/Qe52qTn1}
{"logTime": "0626/002941", "correlationVector":"evNTjdAdOGT30/Qe52qTn1.1","action":"SyncServerConnectionManagerRequest", "result":"SYNC_SERVER_OK", "context":{"environment":"Prod_southeastasia_prod-s01-064-apac-southeastasia", "migrationStage":"NotStarted", "server":"akswtt00100003n"}}
{"logTime": "0626/002941", "correlationVector":"evNTjdAdOGT30/Qe52qTn1.2","action":"ProcessGetUpdates", "result":"Done", "context":{"dataType":"Bookmarks", "deleted":"3", "process_failed_to_decrypt":"0", "process_pending_decryption":"0", "process_success":"250", "total":"250"}}
{"logTime": "0626/002941", "correlationVector":"evNTjdAdOGT30/Qe52qTn1.3","action":"GetUpdates Response", "result":"Success", "context":Received 250 update(s). cV=evNTjdAdOGT30/Qe52qTn1.0;server=akswtt00100003n;cloudType=Consumer;environment=Prod_southeastasia_prod-s01-064-apac-southeastasia;migrationStage=NotStarted Some updates remain.}
{"logTime": "0626/002941", "correlationVector":"L6R9Nl7oLMIgYGtv7tHKSx","action":"Initial GetUpdates", "result":"", "context":Reason: NEWLY_SUPPORTED_DATATYPE. cV=L6R9Nl7oLMIgYGtv7tHKSx}
{"logTime": "0626/002941", "correlationVector":"L6R9Nl7oLMIgYGtv7tHKSx.1","action":"SyncServerConnectionManagerRequest", "result":"SYNC_SERVER_OK", "context":{"environment":"Prod_southeastasia_prod-s01-064-apac-southeastasia", "migrationStage":"NotStarted", "server":"akswtt00100002u"}}
{"logTime": "0626/002941", "correlationVector":"L6R9Nl7oLMIgYGtv7tHKSx.2","action":"ProcessGetUpdates", "result":"Done", "context":{"dataType":"Bookmarks", "deleted":"10", "process_failed_to_decrypt":"0", "process_pending_decryption":"0", "process_success":"109", "total":"109"}}
{"logTime": "0626/002941", "correlationVector":"L6R9Nl7oLMIgYGtv7tHKSx.3","action":"GetUpdates Response", "result":"Success", "context":Received 109 update(s). cV=L6R9Nl7oLMIgYGtv7tHKSx.0;server=akswtt00100002u;cloudType=Consumer;environment=Prod_southeastasia_prod-s01-064-apac-southeastasia;migrationStage=NotStarted}
{"logTime": "0626/002941", "correlationVector":"xZJbDOVB6lkZIvNlcwv57u","action":"Initial GetUpdates", "result":"", "context":Reason: NEWLY_SUPPORTED_DATATYPE. cV=xZJbDOVB6lkZIvNlcwv57u}
{"logTime": "0626/002942", "correlationVector":"xZJbDOVB6lkZIvNlcwv57u.1","action":"SyncServerConnectionManagerRequest", "result":"SYNC_SERVER_OK", "context":{"environment":"Prod_southeastasia_prod-s01-064-apac-southeastasia", "migrationStage":"NotStarted", "server":"akswtt00100004j"}}
{"logTime": "0626/002942", "correlationVector":"xZJbDOVB6lkZIvNlcwv57u.2","action":"ProcessGetUpdates", "result":"Done", "context":{"dataType":"Autofill Profiles", "deleted":"0", "process_failed_to_decrypt":"0", "process_pending_decryption":"0", "process_success":"1", "total":"1"}}
{"logTime": "0626/002942", "correlationVector":"xZJbDOVB6lkZIvNlcwv57u.3","action":"ProcessGetUpdates", "result":"Done", "context":{"dataType":"Autofill", "deleted":"0", "process_failed_to_decrypt":"0", "process_pending_decryption":"0", "process_success":"5", "total":"5"}}
{"logTime": "0626/002942", "correlationVector":"xZJbDOVB6lkZIvNlcwv57u.4","action":"ProcessGetUpdates", "result":"Done", "context":{"dataType":"Extensions", "deleted":"0", "process_failed_to_decrypt":"0", "process_pending_decryption":"0", "process_success":"1", "total":"1"}}
{"logTime": "0626/002942", "correlationVector":"xZJbDOVB6lkZIvNlcwv57u.5","action":"ProcessGetUpdates", "result":"Done", "context":{"dataType":"Sessions", "deleted":"238", "process_failed_to_decrypt":"0", "process_pending_decryption":"0", "process_success":"238", "total":"238"}}
{"logTime": "0626/002942", "correlationVector":"xZJbDOVB6lkZIvNlcwv57u.6","action":"ProcessGetUpdates", "result":"Done", "context":{"dataType":"Saved Tab Group", "deleted":"2", "process_failed_to_decrypt":"0", "process_pending_decryption":"0", "process_success":"4", "total":"4"}}
{"logTime": "0626/002942", "correlationVector":"xZJbDOVB6lkZIvNlcwv57u.7","action":"ProcessGetUpdates", "result":"Done", "context":{"dataType":"Edge Hub App Usage", "deleted":"0", "process_failed_to_decrypt":"0", "process_pending_decryption":"0", "process_success":"1", "total":"1"}}
{"logTime": "0626/002942", "correlationVector":"xZJbDOVB6lkZIvNlcwv57u.8","action":"GetUpdates Response", "result":"Success", "context":Received 250 update(s). cV=xZJbDOVB6lkZIvNlcwv57u.0;server=akswtt00100004j;cloudType=Consumer;environment=Prod_southeastasia_prod-s01-064-apac-southeastasia;migrationStage=NotStarted Some updates remain.}
{"logTime": "0626/002942", "correlationVector":"7G+6pTAd3CGsPcG0Wtx2Ok","action":"Initial GetUpdates", "result":"", "context":Reason: NEWLY_SUPPORTED_DATATYPE. cV=7G+6pTAd3CGsPcG0Wtx2Ok}
{"logTime": "0626/002943", "correlationVector":"7G+6pTAd3CGsPcG0Wtx2Ok.1","action":"SyncServerConnectionManagerRequest", "result":"SYNC_SERVER_OK", "context":{"environment":"Prod_southeastasia_prod-s01-064-apac-southeastasia", "migrationStage":"NotStarted", "server":"akswtt00100003h"}}
{"logTime": "0626/002943", "correlationVector":"7G+6pTAd3CGsPcG0Wtx2Ok.2","action":"ProcessGetUpdates", "result":"Done", "context":{"dataType":"Sessions", "deleted":"249", "process_failed_to_decrypt":"0", "process_pending_decryption":"0", "process_success":"249", "total":"249"}}
{"logTime": "0626/002943", "correlationVector":"7G+6pTAd3CGsPcG0Wtx2Ok.3","action":"ProcessGetUpdates", "result":"Done", "context":{"dataType":"Edge Hub App Usage", "deleted":"1", "process_failed_to_decrypt":"0", "process_pending_decryption":"0", "process_success":"1", "total":"1"}}
{"logTime": "0626/002943", "correlationVector":"7G+6pTAd3CGsPcG0Wtx2Ok.4","action":"GetUpdates Response", "result":"Success", "context":Received 250 update(s). cV=7G+6pTAd3CGsPcG0Wtx2Ok.0;server=akswtt00100003h;cloudType=Consumer;environment=Prod_southeastasia_prod-s01-064-apac-southeastasia;migrationStage=NotStarted Some updates remain.}
{"logTime": "0626/002943", "correlationVector":"zwdk8VExH9kdzVamIatGnk","action":"Initial GetUpdates", "result":"", "context":Reason: NEWLY_SUPPORTED_DATATYPE. cV=zwdk8VExH9kdzVamIatGnk}
{"logTime": "0626/002943", "correlationVector":"zwdk8VExH9kdzVamIatGnk.1","action":"SyncServerConnectionManagerRequest", "result":"SYNC_SERVER_OK", "context":{"environment":"Prod_southeastasia_prod-s01-064-apac-southeastasia", "migrationStage":"NotStarted", "server":"akswtt00100003d"}}
{"logTime": "0626/002943", "correlationVector":"zwdk8VExH9kdzVamIatGnk.2","action":"ProcessGetUpdates", "result":"Done", "context":{"dataType":"Sessions", "deleted":"250", "process_failed_to_decrypt":"0", "process_pending_decryption":"0", "process_success":"250", "total":"250"}}
{"logTime": "0626/002943", "correlationVector":"zwdk8VExH9kdzVamIatGnk.3","action":"GetUpdates Response", "result":"Success", "context":Received 250 update(s). cV=zwdk8VExH9kdzVamIatGnk.0;server=akswtt00100003d;cloudType=Consumer;environment=Prod_southeastasia_prod-s01-064-apac-southeastasia;migrationStage=NotStarted Some updates remain.}
{"logTime": "0626/002943", "correlationVector":"nEYbsfs2KPqXaO74efxVRd","action":"Initial GetUpdates", "result":"", "context":Reason: NEWLY_SUPPORTED_DATATYPE. cV=nEYbsfs2KPqXaO74efxVRd}
{"logTime": "0626/002944", "correlationVector":"nEYbsfs2KPqXaO74efxVRd.1","action":"SyncServerConnectionManagerRequest", "result":"SYNC_SERVER_OK", "context":{"environment":"Prod_southeastasia_prod-s01-064-apac-southeastasia", "migrationStage":"NotStarted", "server":"akswtt00100004j"}}
{"logTime": "0626/002944", "correlationVector":"nEYbsfs2KPqXaO74efxVRd.2","action":"ProcessGetUpdates", "result":"Done", "context":{"dataType":"Sessions", "deleted":"250", "process_failed_to_decrypt":"0", "process_pending_decryption":"0", "process_success":"250", "total":"250"}}
{"logTime": "0626/002944", "correlationVector":"nEYbsfs2KPqXaO74efxVRd.3","action":"GetUpdates Response", "result":"Success", "context":Received 250 update(s). cV=nEYbsfs2KPqXaO74efxVRd.0;server=akswtt00100004j;cloudType=Consumer;environment=Prod_southeastasia_prod-s01-064-apac-southeastasia;migrationStage=NotStarted Some updates remain.}
{"logTime": "0626/002944", "correlationVector":"1o/F3lPujboUqmuOvJy7n8","action":"Initial GetUpdates", "result":"", "context":Reason: NEWLY_SUPPORTED_DATATYPE. cV=1o/F3lPujboUqmuOvJy7n8}
{"logTime": "0626/002944", "correlationVector":"1o/F3lPujboUqmuOvJy7n8.1","action":"SyncServerConnectionManagerRequest", "result":"SYNC_SERVER_OK", "context":{"environment":"Prod_southeastasia_prod-s01-064-apac-southeastasia", "migrationStage":"NotStarted", "server":"akswtt00100003n"}}
{"logTime": "0626/002944", "correlationVector":"1o/F3lPujboUqmuOvJy7n8.2","action":"ProcessGetUpdates", "result":"Done", "context":{"dataType":"Sessions", "deleted":"250", "process_failed_to_decrypt":"0", "process_pending_decryption":"0", "process_success":"250", "total":"250"}}
{"logTime": "0626/002944", "correlationVector":"1o/F3lPujboUqmuOvJy7n8.3","action":"GetUpdates Response", "result":"Success", "context":Received 250 update(s). cV=1o/F3lPujboUqmuOvJy7n8.0;server=akswtt00100003n;cloudType=Consumer;environment=Prod_southeastasia_prod-s01-064-apac-southeastasia;migrationStage=NotStarted Some updates remain.}
{"logTime": "0626/002944", "correlationVector":"4VSCTD82cUJ0Ax+5nxuy9w","action":"Initial GetUpdates", "result":"", "context":Reason: NEWLY_SUPPORTED_DATATYPE. cV=4VSCTD82cUJ0Ax+5nxuy9w}
{"logTime": "0626/002945", "correlationVector":"4VSCTD82cUJ0Ax+5nxuy9w.1","action":"SyncServerConnectionManagerRequest", "result":"SYNC_SERVER_OK", "context":{"environment":"Prod_southeastasia_prod-s01-064-apac-southeastasia", "migrationStage":"NotStarted", "server":"akswtt001000042"}}
{"logTime": "0626/002945", "correlationVector":"4VSCTD82cUJ0Ax+5nxuy9w.2","action":"ProcessGetUpdates", "result":"Done", "context":{"dataType":"Sessions", "deleted":"248", "process_failed_to_decrypt":"0", "process_pending_decryption":"0", "process_success":"248", "total":"248"}}
{"logTime": "0626/002945", "correlationVector":"4VSCTD82cUJ0Ax+5nxuy9w.3","action":"ProcessGetUpdates", "result":"Done", "context":{"dataType":"Edge Hub App Usage", "deleted":"1", "process_failed_to_decrypt":"0", "process_pending_decryption":"0", "process_success":"2", "total":"2"}}
{"logTime": "0626/002945", "correlationVector":"4VSCTD82cUJ0Ax+5nxuy9w.4","action":"GetUpdates Response", "result":"Success", "context":Received 250 update(s). cV=4VSCTD82cUJ0Ax+5nxuy9w.0;server=akswtt001000042;cloudType=Consumer;environment=Prod_southeastasia_prod-s01-064-apac-southeastasia;migrationStage=NotStarted Some updates remain.}
{"logTime": "0626/002945", "correlationVector":"j7DzWxYWaVjjllItKUhoyf","action":"Initial GetUpdates", "result":"", "context":Reason: NEWLY_SUPPORTED_DATATYPE. cV=j7DzWxYWaVjjllItKUhoyf}
{"logTime": "0626/002945", "correlationVector":"j7DzWxYWaVjjllItKUhoyf.1","action":"SyncServerConnectionManagerRequest", "result":"SYNC_SERVER_OK", "context":{"environment":"Prod_southeastasia_prod-s01-064-apac-southeastasia", "migrationStage":"NotStarted", "server":"akswtt00100003p"}}
{"logTime": "0626/002945", "correlationVector":"j7DzWxYWaVjjllItKUhoyf.2","action":"ProcessGetUpdates", "result":"Done", "context":{"dataType":"Sessions", "deleted":"250", "process_failed_to_decrypt":"0", "process_pending_decryption":"0", "process_success":"250", "total":"250"}}
{"logTime": "0626/002945", "correlationVector":"j7DzWxYWaVjjllItKUhoyf.3","action":"GetUpdates Response", "result":"Success", "context":Received 250 update(s). cV=j7DzWxYWaVjjllItKUhoyf.0;server=akswtt00100003p;cloudType=Consumer;environment=Prod_southeastasia_prod-s01-064-apac-southeastasia;migrationStage=NotStarted Some updates remain.}
{"logTime": "0626/002945", "correlationVector":"Xg6xP4HpaGDbgTT++2B2rH","action":"Initial GetUpdates", "result":"", "context":Reason: NEWLY_SUPPORTED_DATATYPE. cV=Xg6xP4HpaGDbgTT++2B2rH}
{"logTime": "0626/002946", "correlationVector":"Xg6xP4HpaGDbgTT++2B2rH.1","action":"SyncServerConnectionManagerRequest", "result":"SYNC_SERVER_OK", "context":{"environment":"Prod_southeastasia_prod-s01-064-apac-southeastasia", "migrationStage":"NotStarted", "server":"akswtt00100003u"}}
{"logTime": "0626/002946", "correlationVector":"Xg6xP4HpaGDbgTT++2B2rH.2","action":"ProcessGetUpdates", "result":"Done", "context":{"dataType":"Sessions", "deleted":"218", "process_failed_to_decrypt":"0", "process_pending_decryption":"0", "process_success":"225", "total":"225"}}
{"logTime": "0626/002946", "correlationVector":"Xg6xP4HpaGDbgTT++2B2rH.3","action":"ProcessGetUpdates", "result":"Done", "context":{"dataType":"Saved Tab Group", "deleted":"0", "process_failed_to_decrypt":"0", "process_pending_decryption":"0", "process_success":"2", "total":"2"}}
{"logTime": "0626/002946", "correlationVector":"Xg6xP4HpaGDbgTT++2B2rH.4","action":"ProcessGetUpdates", "result":"Done", "context":{"dataType":"Edge Hub App Usage", "deleted":"0", "process_failed_to_decrypt":"0", "process_pending_decryption":"0", "process_success":"1", "total":"1"}}
{"logTime": "0626/002946", "correlationVector":"Xg6xP4HpaGDbgTT++2B2rH.5","action":"GetUpdates Response", "result":"Success", "context":Received 228 update(s). cV=Xg6xP4HpaGDbgTT++2B2rH.0;server=akswtt00100003u;cloudType=Consumer;environment=Prod_southeastasia_prod-s01-064-apac-southeastasia;migrationStage=NotStarted}
{"logTime": "0626/002946", "correlationVector":"aWha9HSxXtgni5W8OY/QX6","action":"Initial GetUpdates", "result":"", "context":Reason: NEWLY_SUPPORTED_DATATYPE. cV=aWha9HSxXtgni5W8OY/QX6}
{"logTime": "0626/002947", "correlationVector":"aWha9HSxXtgni5W8OY/QX6.1","action":"SyncServerConnectionManagerRequest", "result":"SYNC_SERVER_OK", "context":{"environment":"Prod_southeastasia_prod-s01-064-apac-southeastasia", "migrationStage":"NotStarted", "server":"akswtt001000047"}}
{"logTime": "0626/002947", "correlationVector":"aWha9HSxXtgni5W8OY/QX6.2","action":"ProcessGetUpdates", "result":"Done", "context":{"dataType":"History", "deleted":"0", "process_failed_to_decrypt":"0", "process_pending_decryption":"0", "process_success":"250", "total":"250"}}
{"logTime": "0626/002947", "correlationVector":"aWha9HSxXtgni5W8OY/QX6.3","action":"GetUpdates Response", "result":"Success", "context":Received 250 update(s). cV=aWha9HSxXtgni5W8OY/QX6.0;server=akswtt001000047;cloudType=Consumer;environment=Prod_southeastasia_prod-s01-064-apac-southeastasia;migrationStage=NotStarted Some updates remain.}
{"logTime": "0626/002947", "correlationVector":"Qe7idcvWNwfpJ6dw5EYIB7","action":"Initial GetUpdates", "result":"", "context":Reason: NEWLY_SUPPORTED_DATATYPE. cV=Qe7idcvWNwfpJ6dw5EYIB7}
{"logTime": "0626/002947", "correlationVector":"Qe7idcvWNwfpJ6dw5EYIB7.1","action":"SyncServerConnectionManagerRequest", "result":"SYNC_SERVER_OK", "context":{"environment":"Prod_southeastasia_prod-s01-064-apac-southeastasia", "migrationStage":"NotStarted", "server":"akswtt00100003e"}}
{"logTime": "0626/002947", "correlationVector":"Qe7idcvWNwfpJ6dw5EYIB7.2","action":"ProcessGetUpdates", "result":"Done", "context":{"dataType":"History", "deleted":"0", "process_failed_to_decrypt":"0", "process_pending_decryption":"0", "process_success":"250", "total":"250"}}
{"logTime": "0626/002947", "correlationVector":"Qe7idcvWNwfpJ6dw5EYIB7.3","action":"GetUpdates Response", "result":"Success", "context":Received 250 update(s). cV=Qe7idcvWNwfpJ6dw5EYIB7.0;server=akswtt00100003e;cloudType=Consumer;environment=Prod_southeastasia_prod-s01-064-apac-southeastasia;migrationStage=NotStarted Some updates remain.}
{"logTime": "0626/002947", "correlationVector":"LZNrmCIj6oUiyRfbg1F9kX","action":"Initial GetUpdates", "result":"", "context":Reason: NEWLY_SUPPORTED_DATATYPE. cV=LZNrmCIj6oUiyRfbg1F9kX}
{"logTime": "0626/002948", "correlationVector":"LZNrmCIj6oUiyRfbg1F9kX.1","action":"SyncServerConnectionManagerRequest", "result":"SYNC_SERVER_OK", "context":{"environment":"Prod_southeastasia_prod-s01-064-apac-southeastasia", "migrationStage":"NotStarted", "server":"akswtt001000044"}}
{"logTime": "0626/002948", "correlationVector":"LZNrmCIj6oUiyRfbg1F9kX.2","action":"ProcessGetUpdates", "result":"Done", "context":{"dataType":"History", "deleted":"0", "process_failed_to_decrypt":"0", "process_pending_decryption":"0", "process_success":"250", "total":"250"}}
{"logTime": "0626/002948", "correlationVector":"LZNrmCIj6oUiyRfbg1F9kX.3","action":"GetUpdates Response", "result":"Success", "context":Received 250 update(s). cV=LZNrmCIj6oUiyRfbg1F9kX.0;server=akswtt001000044;cloudType=Consumer;environment=Prod_southeastasia_prod-s01-064-apac-southeastasia;migrationStage=NotStarted Some updates remain.}
{"logTime": "0626/002948", "correlationVector":"4Vl9liUJvezO/5IXvL9/iT","action":"Initial GetUpdates", "result":"", "context":Reason: NEWLY_SUPPORTED_DATATYPE. cV=4Vl9liUJvezO/5IXvL9/iT}
{"logTime": "0626/002948", "correlationVector":"4Vl9liUJvezO/5IXvL9/iT.1","action":"SyncServerConnectionManagerRequest", "result":"SYNC_SERVER_OK", "context":{"environment":"Prod_southeastasia_prod-s01-064-apac-southeastasia", "migrationStage":"NotStarted", "server":"akswtt00100003d"}}
{"logTime": "0626/002948", "correlationVector":"4Vl9liUJvezO/5IXvL9/iT.2","action":"ProcessGetUpdates", "result":"Done", "context":{"dataType":"History", "deleted":"0", "process_failed_to_decrypt":"0", "process_pending_decryption":"0", "process_success":"250", "total":"250"}}
{"logTime": "0626/002948", "correlationVector":"4Vl9liUJvezO/5IXvL9/iT.3","action":"GetUpdates Response", "result":"Success", "context":Received 250 update(s). cV=4Vl9liUJvezO/5IXvL9/iT.0;server=akswtt00100003d;cloudType=Consumer;environment=Prod_southeastasia_prod-s01-064-apac-southeastasia;migrationStage=NotStarted Some updates remain.}
{"logTime": "0626/002948", "correlationVector":"EP2KmeizovgZB5s2huOUns","action":"Initial GetUpdates", "result":"", "context":Reason: NEWLY_SUPPORTED_DATATYPE. cV=EP2KmeizovgZB5s2huOUns}
{"logTime": "0626/002949", "correlationVector":"EP2KmeizovgZB5s2huOUns.1","action":"SyncServerConnectionManagerRequest", "result":"SYNC_SERVER_OK", "context":{"environment":"Prod_southeastasia_prod-s01-064-apac-southeastasia", "migrationStage":"NotStarted", "server":"akswtt001000041"}}
{"logTime": "0626/002949", "correlationVector":"EP2KmeizovgZB5s2huOUns.2","action":"ProcessGetUpdates", "result":"Done", "context":{"dataType":"History", "deleted":"0", "process_failed_to_decrypt":"0", "process_pending_decryption":"0", "process_success":"250", "total":"250"}}
{"logTime": "0626/002949", "correlationVector":"EP2KmeizovgZB5s2huOUns.3","action":"GetUpdates Response", "result":"Success", "context":Received 250 update(s). cV=EP2KmeizovgZB5s2huOUns.0;server=akswtt001000041;cloudType=Consumer;environment=Prod_southeastasia_prod-s01-064-apac-southeastasia;migrationStage=NotStarted Some updates remain.}
{"logTime": "0626/002949", "correlationVector":"WJRsaYQtXu05okBPDZTQIU","action":"Initial GetUpdates", "result":"", "context":Reason: NEWLY_SUPPORTED_DATATYPE. cV=WJRsaYQtXu05okBPDZTQIU}
{"logTime": "0626/002950", "correlationVector":"WJRsaYQtXu05okBPDZTQIU.1","action":"SyncServerConnectionManagerRequest", "result":"SYNC_SERVER_OK", "context":{"environment":"Prod_southeastasia_prod-s01-064-apac-southeastasia", "migrationStage":"NotStarted", "server":"akswtt001000044"}}
{"logTime": "0626/002950", "correlationVector":"WJRsaYQtXu05okBPDZTQIU.2","action":"ProcessGetUpdates", "result":"Done", "context":{"dataType":"History", "deleted":"0", "process_failed_to_decrypt":"0", "process_pending_decryption":"0", "process_success":"250", "total":"250"}}
{"logTime": "0626/002950", "correlationVector":"WJRsaYQtXu05okBPDZTQIU.3","action":"GetUpdates Response", "result":"Success", "context":Received 250 update(s). cV=WJRsaYQtXu05okBPDZTQIU.0;server=akswtt001000044;cloudType=Consumer;environment=Prod_southeastasia_prod-s01-064-apac-southeastasia;migrationStage=NotStarted Some updates remain.}
{"logTime": "0626/002950", "correlationVector":"EhjU9WcJ7c4yJhDvxjuveE","action":"Initial GetUpdates", "result":"", "context":Reason: NEWLY_SUPPORTED_DATATYPE. cV=EhjU9WcJ7c4yJhDvxjuveE}
{"logTime": "0626/002951", "correlationVector":"EhjU9WcJ7c4yJhDvxjuveE.1","action":"SyncServerConnectionManagerRequest", "result":"SYNC_SERVER_OK", "context":{"environment":"Prod_southeastasia_prod-s01-064-apac-southeastasia", "migrationStage":"NotStarted", "server":"akswtt00100004l"}}
{"logTime": "0626/002951", "correlationVector":"EhjU9WcJ7c4yJhDvxjuveE.2","action":"ProcessGetUpdates", "result":"Done", "context":{"dataType":"History", "deleted":"0", "process_failed_to_decrypt":"0", "process_pending_decryption":"0", "process_success":"250", "total":"250"}}
{"logTime": "0626/002951", "correlationVector":"EhjU9WcJ7c4yJhDvxjuveE.3","action":"GetUpdates Response", "result":"Success", "context":Received 250 update(s). cV=EhjU9WcJ7c4yJhDvxjuveE.0;server=akswtt00100004l;cloudType=Consumer;environment=Prod_southeastasia_prod-s01-064-apac-southeastasia;migrationStage=NotStarted Some updates remain.}
{"logTime": "0626/002951", "correlationVector":"9M/nJIwU4w4DKSajQ6k4LT","action":"Initial GetUpdates", "result":"", "context":Reason: NEWLY_SUPPORTED_DATATYPE. cV=9M/nJIwU4w4DKSajQ6k4LT}
{"logTime": "0626/002951", "correlationVector":"9M/nJIwU4w4DKSajQ6k4LT.1","action":"SyncServerConnectionManagerRequest", "result":"SYNC_SERVER_OK", "context":{"environment":"Prod_southeastasia_prod-s01-064-apac-southeastasia", "migrationStage":"NotStarted", "server":"akswtt00100003n"}}
{"logTime": "0626/002951", "correlationVector":"9M/nJIwU4w4DKSajQ6k4LT.2","action":"ProcessGetUpdates", "result":"Done", "context":{"dataType":"History", "deleted":"0", "process_failed_to_decrypt":"0", "process_pending_decryption":"0", "process_success":"250", "total":"250"}}
{"logTime": "0626/002951", "correlationVector":"9M/nJIwU4w4DKSajQ6k4LT.3","action":"GetUpdates Response", "result":"Success", "context":Received 250 update(s). cV=9M/nJIwU4w4DKSajQ6k4LT.0;server=akswtt00100003n;cloudType=Consumer;environment=Prod_southeastasia_prod-s01-064-apac-southeastasia;migrationStage=NotStarted Some updates remain.}
{"logTime": "0626/002951", "correlationVector":"7sff2KR6VHacKaolOzNoNS","action":"Initial GetUpdates", "result":"", "context":Reason: NEWLY_SUPPORTED_DATATYPE. cV=7sff2KR6VHacKaolOzNoNS}
{"logTime": "0626/002952", "correlationVector":"7sff2KR6VHacKaolOzNoNS.1","action":"SyncServerConnectionManagerRequest", "result":"SYNC_SERVER_OK", "context":{"environment":"Prod_southeastasia_prod-s01-064-apac-southeastasia", "migrationStage":"NotStarted", "server":"akswtt00100002b"}}
{"logTime": "0626/002952", "correlationVector":"7sff2KR6VHacKaolOzNoNS.2","action":"ProcessGetUpdates", "result":"Done", "context":{"dataType":"History", "deleted":"0", "process_failed_to_decrypt":"0", "process_pending_decryption":"0", "process_success":"250", "total":"250"}}
{"logTime": "0626/002952", "correlationVector":"7sff2KR6VHacKaolOzNoNS.3","action":"GetUpdates Response", "result":"Success", "context":Received 250 update(s). cV=7sff2KR6VHacKaolOzNoNS.0;server=akswtt00100002b;cloudType=Consumer;environment=Prod_southeastasia_prod-s01-064-apac-southeastasia;migrationStage=NotStarted Some updates remain.}
{"logTime": "0626/002952", "correlationVector":"4GCxzaA+aF6F6FoHXZwlhJ","action":"Initial GetUpdates", "result":"", "context":Reason: NEWLY_SUPPORTED_DATATYPE. cV=4GCxzaA+aF6F6FoHXZwlhJ}
{"logTime": "0626/002952", "correlationVector":"4GCxzaA+aF6F6FoHXZwlhJ.1","action":"SyncServerConnectionManagerRequest", "result":"SYNC_SERVER_OK", "context":{"environment":"Prod_southeastasia_prod-s01-064-apac-southeastasia", "migrationStage":"NotStarted", "server":"akswtt00100003u"}}
{"logTime": "0626/002952", "correlationVector":"4GCxzaA+aF6F6FoHXZwlhJ.2","action":"ProcessGetUpdates", "result":"Done", "context":{"dataType":"History", "deleted":"0", "process_failed_to_decrypt":"0", "process_pending_decryption":"0", "process_success":"250", "total":"250"}}
{"logTime": "0626/002952", "correlationVector":"4GCxzaA+aF6F6FoHXZwlhJ.3","action":"GetUpdates Response", "result":"Success", "context":Received 250 update(s). cV=4GCxzaA+aF6F6FoHXZwlhJ.0;server=akswtt00100003u;cloudType=Consumer;environment=Prod_southeastasia_prod-s01-064-apac-southeastasia;migrationStage=NotStarted Some updates remain.}
{"logTime": "0626/002952", "correlationVector":"GGwkM6OhuvGelgMhri86Q8","action":"Initial GetUpdates", "result":"", "context":Reason: NEWLY_SUPPORTED_DATATYPE. cV=GGwkM6OhuvGelgMhri86Q8}
{"logTime": "0626/002953", "correlationVector":"GGwkM6OhuvGelgMhri86Q8.1","action":"SyncServerConnectionManagerRequest", "result":"SYNC_SERVER_OK", "context":{"environment":"Prod_southeastasia_prod-s01-064-apac-southeastasia", "migrationStage":"NotStarted", "server":"akswtt00100000a"}}
{"logTime": "0626/002953", "correlationVector":"GGwkM6OhuvGelgMhri86Q8.2","action":"ProcessGetUpdates", "result":"Done", "context":{"dataType":"History", "deleted":"0", "process_failed_to_decrypt":"0", "process_pending_decryption":"0", "process_success":"250", "total":"250"}}
{"logTime": "0626/002953", "correlationVector":"GGwkM6OhuvGelgMhri86Q8.3","action":"GetUpdates Response", "result":"Success", "context":Received 250 update(s). cV=GGwkM6OhuvGelgMhri86Q8.0;server=akswtt00100000a;cloudType=Consumer;environment=Prod_southeastasia_prod-s01-064-apac-southeastasia;migrationStage=NotStarted Some updates remain.}
{"logTime": "0626/002953", "correlationVector":"N9fmpBQZnWJkidGOWLO9Qk","action":"Initial GetUpdates", "result":"", "context":Reason: NEWLY_SUPPORTED_DATATYPE. cV=N9fmpBQZnWJkidGOWLO9Qk}
{"logTime": "0626/002954", "correlationVector":"N9fmpBQZnWJkidGOWLO9Qk.1","action":"SyncServerConnectionManagerRequest", "result":"SYNC_SERVER_OK", "context":{"environment":"Prod_southeastasia_prod-s01-064-apac-southeastasia", "migrationStage":"NotStarted", "server":"akswtt00100002r"}}
{"logTime": "0626/002954", "correlationVector":"N9fmpBQZnWJkidGOWLO9Qk.2","action":"ProcessGetUpdates", "result":"Done", "context":{"dataType":"History", "deleted":"0", "process_failed_to_decrypt":"0", "process_pending_decryption":"0", "process_success":"250", "total":"250"}}
{"logTime": "0626/002954", "correlationVector":"N9fmpBQZnWJkidGOWLO9Qk.3","action":"GetUpdates Response", "result":"Success", "context":Received 250 update(s). cV=N9fmpBQZnWJkidGOWLO9Qk.0;server=akswtt00100002r;cloudType=Consumer;environment=Prod_southeastasia_prod-s01-064-apac-southeastasia;migrationStage=NotStarted Some updates remain.}
{"logTime": "0626/002954", "correlationVector":"pVo75CxuVqUUh27i3FClYh","action":"Initial GetUpdates", "result":"", "context":Reason: NEWLY_SUPPORTED_DATATYPE. cV=pVo75CxuVqUUh27i3FClYh}
{"logTime": "0626/002954", "correlationVector":"pVo75CxuVqUUh27i3FClYh.1","action":"SyncServerConnectionManagerRequest", "result":"SYNC_SERVER_OK", "context":{"environment":"Prod_southeastasia_prod-s01-064-apac-southeastasia", "migrationStage":"NotStarted", "server":"akswtt00100002b"}}
{"logTime": "0626/002954", "correlationVector":"pVo75CxuVqUUh27i3FClYh.2","action":"ProcessGetUpdates", "result":"Done", "context":{"dataType":"History", "deleted":"0", "process_failed_to_decrypt":"0", "process_pending_decryption":"0", "process_success":"250", "total":"250"}}
{"logTime": "0626/002954", "correlationVector":"pVo75CxuVqUUh27i3FClYh.3","action":"GetUpdates Response", "result":"Success", "context":Received 250 update(s). cV=pVo75CxuVqUUh27i3FClYh.0;server=akswtt00100002b;cloudType=Consumer;environment=Prod_southeastasia_prod-s01-064-apac-southeastasia;migrationStage=NotStarted Some updates remain.}
{"logTime": "0626/002954", "correlationVector":"RDJ3AMCBBFjyjHxSiXv26b","action":"Initial GetUpdates", "result":"", "context":Reason: NEWLY_SUPPORTED_DATATYPE. cV=RDJ3AMCBBFjyjHxSiXv26b}
{"logTime": "0626/002955", "correlationVector":"RDJ3AMCBBFjyjHxSiXv26b.1","action":"SyncServerConnectionManagerRequest", "result":"SYNC_SERVER_OK", "context":{"environment":"Prod_southeastasia_prod-s01-064-apac-southeastasia", "migrationStage":"NotStarted", "server":"akswtt00100004j"}}
{"logTime": "0626/002955", "correlationVector":"RDJ3AMCBBFjyjHxSiXv26b.2","action":"ProcessGetUpdates", "result":"Done", "context":{"dataType":"History", "deleted":"0", "process_failed_to_decrypt":"0", "process_pending_decryption":"0", "process_success":"250", "total":"250"}}
{"logTime": "0626/002955", "correlationVector":"RDJ3AMCBBFjyjHxSiXv26b.3","action":"GetUpdates Response", "result":"Success", "context":Received 250 update(s). cV=RDJ3AMCBBFjyjHxSiXv26b.0;server=akswtt00100004j;cloudType=Consumer;environment=Prod_southeastasia_prod-s01-064-apac-southeastasia;migrationStage=NotStarted Some updates remain.}
{"logTime": "0626/002955", "correlationVector":"ARgwuyMc1ra/S0onHttyru","action":"Initial GetUpdates", "result":"", "context":Reason: NEWLY_SUPPORTED_DATATYPE. cV=ARgwuyMc1ra/S0onHttyru}
{"logTime": "0626/002955", "correlationVector":"ARgwuyMc1ra/S0onHttyru.1","action":"SyncServerConnectionManagerRequest", "result":"SYNC_SERVER_OK", "context":{"environment":"Prod_southeastasia_prod-s01-064-apac-southeastasia", "migrationStage":"NotStarted", "server":"akswtt00100002v"}}
{"logTime": "0626/002955", "correlationVector":"ARgwuyMc1ra/S0onHttyru.2","action":"ProcessGetUpdates", "result":"Done", "context":{"dataType":"History", "deleted":"0", "process_failed_to_decrypt":"0", "process_pending_decryption":"0", "process_success":"197", "total":"197"}}
{"logTime": "0626/002955", "correlationVector":"ARgwuyMc1ra/S0onHttyru.3","action":"GetUpdates Response", "result":"Success", "context":Received 197 update(s). cV=ARgwuyMc1ra/S0onHttyru.0;server=akswtt00100002v;cloudType=Consumer;environment=Prod_southeastasia_prod-s01-064-apac-southeastasia;migrationStage=NotStarted}
{"logTime": "0626/002955", "correlationVector":"4rdzxuJYIonUEjoD4V+a72","action":"Normal GetUpdate request", "result":"", "context":cV=4rdzxuJYIonUEjoD4V+a72
Nudged types: Preferences, Sessions, Device Info, User Consents, Edge Hub App Usage
Refresh requested types: Bookmarks, Preferences, Passwords, Autofill Profiles, Autofill, Extensions, Sessions, Extension settings, History Delete Directives, Device Info, User Consents, Send Tab To Self, Web Apps, History, Saved Tab Group, WebAuthn Credentials, Edge E Drop, Edge Hub App Usage, Edge Wallet, Edge Workspace, Encryption Keys}
{"logTime": "0626/002956", "correlationVector":"4rdzxuJYIonUEjoD4V+a72.1","action":"SyncServerConnectionManagerRequest", "result":"SYNC_SERVER_OK", "context":{"environment":"Prod_southeastasia_prod-s01-064-apac-southeastasia", "migrationStage":"NotStarted", "server":"akswtt00100004m"}}
{"logTime": "0626/002956", "correlationVector":"4rdzxuJYIonUEjoD4V+a72.2","action":"GetUpdates Response", "result":"Success", "context":Received 0 update(s). cV=4rdzxuJYIonUEjoD4V+a72.0;server=akswtt00100004m;cloudType=Consumer;environment=Prod_southeastasia_prod-s01-064-apac-southeastasia;migrationStage=NotStarted}
{"logTime": "0626/002956", "correlationVector":"MAA9Q1T2+JAgijuefQUUMc","action":"Commit Request", "result":"", "context":Item count: 6
Contributing types: Preferences, Sessions, Device Info, User Consents, Edge Hub App Usage}
{"logTime": "0626/002957", "correlationVector":"MAA9Q1T2+JAgijuefQUUMc.1","action":"SyncServerConnectionManagerRequest", "result":"SYNC_SERVER_OK", "context":{"environment":"Prod_southeastasia_prod-s01-064-apac-southeastasia", "migrationStage":"NotStarted", "server":"akswtt00100000s"}}
{"logTime": "0626/002957", "correlationVector":"MAA9Q1T2+JAgijuefQUUMc.2","action":"Commit Response", "result":"Success", "context":Result: Success. cV=MAA9Q1T2+JAgijuefQUUMc.0;server=akswtt00100000s;cloudType=Consumer;environment=Prod_southeastasia_prod-s01-064-apac-southeastasia;migrationStage=NotStarted}
{"logTime": "0626/003006", "correlationVector":"gYZraiy39mlcpIjV/gWMpy","action":"Commit Request", "result":"", "context":Item count: 40
Contributing types: Passwords}
{"logTime": "0626/003011", "correlationVector":"gYZraiy39mlcpIjV/gWMpy.1","action":"SyncServerConnectionManagerRequest", "result":"SYNC_SERVER_OK", "context":{"environment":"Prod_southeastasia_prod-s01-064-apac-southeastasia", "migrationStage":"NotStarted", "server":"akswtt00100003l"}}
{"logTime": "0626/003011", "correlationVector":"gYZraiy39mlcpIjV/gWMpy.2","action":"Commit Response", "result":"Success", "context":Result: Success. cV=gYZraiy39mlcpIjV/gWMpy.0;server=akswtt00100003l;cloudType=Consumer;environment=Prod_southeastasia_prod-s01-064-apac-southeastasia;migrationStage=NotStarted}
{"logTime": "0626/003011", "correlationVector":"yElWOOpfThFXQ9r+xJQ2pL","action":"Commit Request", "result":"", "context":Item count: 40
Contributing types: Passwords}
{"logTime": "0626/003016", "correlationVector":"yElWOOpfThFXQ9r+xJQ2pL.1","action":"SyncServerConnectionManagerRequest", "result":"SYNC_SERVER_OK", "context":{"environment":"Prod_southeastasia_prod-s01-064-apac-southeastasia", "migrationStage":"NotStarted", "server":"akswtt00100003m"}}
{"logTime": "0626/003016", "correlationVector":"yElWOOpfThFXQ9r+xJQ2pL.2","action":"Commit Response", "result":"Success", "context":Result: Success. cV=yElWOOpfThFXQ9r+xJQ2pL.0;server=akswtt00100003m;cloudType=Consumer;environment=Prod_southeastasia_prod-s01-064-apac-southeastasia;migrationStage=NotStarted}
{"logTime": "0626/003016", "correlationVector":"thCPMze4qkdiLMzHrFgcin","action":"Commit Request", "result":"", "context":Item count: 40
Contributing types: Passwords}
{"logTime": "0626/003022", "correlationVector":"thCPMze4qkdiLMzHrFgcin.1","action":"SyncServerConnectionManagerRequest", "result":"SYNC_SERVER_OK", "context":{"environment":"Prod_southeastasia_prod-s01-064-apac-southeastasia", "migrationStage":"NotStarted", "server":"akswtt001000040"}}
{"logTime": "0626/003022", "correlationVector":"thCPMze4qkdiLMzHrFgcin.2","action":"Commit Response", "result":"Success", "context":Result: Success. cV=thCPMze4qkdiLMzHrFgcin.0;server=akswtt001000040;cloudType=Consumer;environment=Prod_southeastasia_prod-s01-064-apac-southeastasia;migrationStage=NotStarted}
{"logTime": "0626/003022", "correlationVector":"vEU/T715kPOaXb2TaSEBLQ","action":"Commit Request", "result":"", "context":Item count: 40
Contributing types: Passwords}
