2026-06-26 00:26:10.134: [INFO] VisibilityChanged: 0
2026-06-26 00:26:10.144: [INFO] RecordSyncInitDuration has_sync_been_enabled: 0 state: 0
2026-06-26 00:26:10.144: [INFO] RecordSyncInitDuration has_sync_been_enabled: 0 state: 0
2026-06-26 00:26:10.145: [INFO] RecordSyncInitDuration has_sync_been_enabled: 0 state: 0
2026-06-26 00:26:10.145: [INFO] RecordSyncInitDuration has_sync_been_enabled: 0 state: 0
2026-06-26 00:26:10.145: [INFO] RecordSyncInitDuration has_sync_been_enabled: 0 state: 0
2026-06-26 00:26:10.146: [INFO] RecordSyncInitDuration has_sync_been_enabled: 0 state: 0
2026-06-26 00:26:10.146: [INFO] RecordSyncInitDuration has_sync_been_enabled: 0 state: 0
2026-06-26 00:26:10.146: [INFO] RecordSyncInitDuration has_sync_been_enabled: 0 state: 0
2026-06-26 00:26:10.147: [INFO] RecordSyncInitDuration has_sync_been_enabled: 0 state: 0
2026-06-26 00:26:10.147: [INFO] RecordSyncInitDuration has_sync_been_enabled: 0 state: 0
2026-06-26 00:26:10.147: [INFO] RecordSyncInitDuration has_sync_been_enabled: 0 state: 0
2026-06-26 00:26:10.155: [INFO] BookmarkModelLoaded, ids_reassigned: 0
2026-06-26 00:26:10.155: [INFO] OnDoneLoading sync enabled: 0
2026-06-26 00:26:11.228: [INFO] RecordSyncInitDuration has_sync_been_enabled: 0 state: 0
2026-06-26 00:26:12.543: [INFO] RecordSyncInitDuration has_sync_been_enabled: 0 state: 0
2026-06-26 00:26:12.545: [INFO] RecordSyncInitDuration has_sync_been_enabled: 0 state: 3
2026-06-26 00:26:12.546: [INFO] Primary account changed.
2026-06-26 00:26:12.546: [INFO] OnPrimaryAccountChanged PrimaryAccountChangeEvent::Type::kSet
2026-06-26 00:26:12.547: [INFO] RecordSyncInitDuration has_sync_been_enabled: 0 state: 3
2026-06-26 00:26:13.590: [INFO] RecordSyncInitDuration has_sync_been_enabled: 0 state: 3
2026-06-26 00:26:17.954: [INFO] VisibilityChanged: 1
2026-06-26 00:26:21.019: [INFO] BookmarkNodeAdded, ABU: 0
2026-06-26 00:26:21.020: [INFO] BookmarkNodeAdded, ABU: 0
2026-06-26 00:26:21.021: [INFO] BookmarkNodeAdded, ABU: 0
2026-06-26 00:26:21.021: [INFO] BookmarkNodeAdded, ABU: 0
2026-06-26 00:26:21.021: [INFO] BookmarkNodeAdded, ABU: 0
2026-06-26 00:26:21.022: [INFO] BookmarkNodeAdded, ABU: 0
2026-06-26 00:26:21.022: [INFO] BookmarkNodeAdded, ABU: 0
2026-06-26 00:26:21.023: [INFO] BookmarkNodeAdded, ABU: 0
2026-06-26 00:26:21.023: [INFO] BookmarkNodeAdded, ABU: 0
2026-06-26 00:26:21.023: [INFO] BookmarkNodeAdded, ABU: 0
2026-06-26 00:26:21.024: [INFO] BookmarkNodeAdded, ABU: 0
2026-06-26 00:26:21.024: [INFO] BookmarkNodeAdded, ABU: 0
2026-06-26 00:26:21.025: [INFO] BookmarkNodeAdded, ABU: 0
2026-06-26 00:26:21.025: [INFO] BookmarkNodeAdded, ABU: 0
2026-06-26 00:26:21.026: [INFO] BookmarkNodeAdded, ABU: 0
2026-06-26 00:26:21.026: [INFO] BookmarkNodeAdded, ABU: 0
2026-06-26 00:26:21.026: [INFO] BookmarkNodeAdded, ABU: 0
2026-06-26 00:26:21.027: [INFO] BookmarkNodeAdded, ABU: 0
2026-06-26 00:26:21.027: [INFO] BookmarkNodeAdded, ABU: 0
2026-06-26 00:26:21.027: [INFO] BookmarkNodeAdded, ABU: 0
2026-06-26 00:26:21.028: [INFO] BookmarkNodeAdded, ABU: 0
2026-06-26 00:26:21.028: [INFO] BookmarkNodeAdded, ABU: 0
2026-06-26 00:26:21.028: [INFO] BookmarkNodeAdded, ABU: 0
2026-06-26 00:26:21.029: [INFO] BookmarkNodeAdded, ABU: 0
2026-06-26 00:26:21.029: [INFO] BookmarkNodeAdded, ABU: 0
2026-06-26 00:26:21.030: [INFO] BookmarkNodeAdded, ABU: 0
2026-06-26 00:26:21.030: [INFO] BookmarkNodeAdded, ABU: 0
2026-06-26 00:26:21.031: [INFO] BookmarkNodeAdded, ABU: 0
2026-06-26 00:26:21.031: [INFO] BookmarkNodeAdded, ABU: 0
2026-06-26 00:26:21.032: [INFO] BookmarkNodeAdded, ABU: 0
2026-06-26 00:26:21.032: [INFO] BookmarkNodeAdded, ABU: 0
2026-06-26 00:26:21.032: [INFO] BookmarkNodeAdded, ABU: 0
2026-06-26 00:26:21.033: [INFO] BookmarkNodeAdded, ABU: 0
2026-06-26 00:26:21.034: [INFO] BookmarkNodeAdded, ABU: 0
2026-06-26 00:26:21.034: [INFO] BookmarkNodeAdded, ABU: 0
2026-06-26 00:26:21.035: [INFO] BookmarkNodeAdded, ABU: 0
2026-06-26 00:26:21.035: [INFO] BookmarkNodeAdded, ABU: 0
2026-06-26 00:26:21.036: [INFO] BookmarkNodeAdded, ABU: 0
2026-06-26 00:26:21.036: [INFO] BookmarkNodeAdded, ABU: 0
2026-06-26 00:26:21.037: [INFO] BookmarkNodeAdded, ABU: 0
2026-06-26 00:26:21.037: [INFO] BookmarkNodeAdded, ABU: 0
2026-06-26 00:26:21.038: [INFO] BookmarkNodeAdded, ABU: 0
2026-06-26 00:26:21.038: [INFO] BookmarkNodeAdded, ABU: 0
2026-06-26 00:26:21.039: [INFO] BookmarkNodeAdded, ABU: 0
2026-06-26 00:26:21.039: [INFO] BookmarkNodeAdded, ABU: 0
2026-06-26 00:26:21.039: [INFO] BookmarkNodeAdded, ABU: 0
2026-06-26 00:26:21.040: [INFO] BookmarkNodeAdded, ABU: 0
2026-06-26 00:26:21.040: [INFO] BookmarkNodeAdded, ABU: 0
2026-06-26 00:26:21.040: [INFO] BookmarkNodeAdded, ABU: 0
2026-06-26 00:26:21.041: [INFO] BookmarkNodeAdded, ABU: 0
2026-06-26 00:26:21.041: [INFO] BookmarkNodeAdded, ABU: 0
2026-06-26 00:26:21.042: [INFO] BookmarkNodeAdded, ABU: 0
2026-06-26 00:26:21.042: [INFO] BookmarkNodeAdded, ABU: 0
2026-06-26 00:26:21.042: [INFO] BookmarkNodeAdded, ABU: 0
2026-06-26 00:26:21.043: [INFO] BookmarkNodeAdded, ABU: 0
2026-06-26 00:26:21.043: [INFO] BookmarkNodeAdded, ABU: 0
2026-06-26 00:26:21.044: [INFO] BookmarkNodeAdded, ABU: 0
2026-06-26 00:26:21.044: [INFO] BookmarkNodeAdded, ABU: 0
2026-06-26 00:26:21.044: [INFO] BookmarkNodeAdded, ABU: 0
2026-06-26 00:26:21.045: [INFO] BookmarkNodeAdded, ABU: 0
2026-06-26 00:26:21.045: [INFO] BookmarkNodeAdded, ABU: 0
2026-06-26 00:26:21.045: [INFO] BookmarkNodeAdded, ABU: 0
2026-06-26 00:26:21.046: [INFO] BookmarkNodeAdded, ABU: 0
2026-06-26 00:26:21.046: [INFO] BookmarkNodeAdded, ABU: 0
2026-06-26 00:26:21.047: [INFO] BookmarkNodeAdded, ABU: 0
2026-06-26 00:26:21.047: [INFO] BookmarkNodeAdded, ABU: 0
2026-06-26 00:26:21.047: [INFO] BookmarkNodeAdded, ABU: 0
2026-06-26 00:26:21.048: [INFO] BookmarkNodeAdded, ABU: 0
2026-06-26 00:26:21.048: [INFO] BookmarkNodeAdded, ABU: 0
2026-06-26 00:26:21.048: [INFO] BookmarkNodeAdded, ABU: 0
2026-06-26 00:26:21.049: [INFO] BookmarkNodeAdded, ABU: 0
2026-06-26 00:26:21.049: [INFO] BookmarkNodeAdded, ABU: 0
2026-06-26 00:26:21.049: [INFO] BookmarkNodeAdded, ABU: 0
2026-06-26 00:26:21.050: [INFO] BookmarkNodeAdded, ABU: 0
2026-06-26 00:26:21.050: [INFO] BookmarkNodeAdded, ABU: 0
2026-06-26 00:26:21.050: [INFO] BookmarkNodeAdded, ABU: 0
2026-06-26 00:26:21.051: [INFO] BookmarkNodeAdded, ABU: 0
2026-06-26 00:26:21.051: [INFO] BookmarkNodeAdded, ABU: 0
2026-06-26 00:26:21.052: [INFO] BookmarkNodeAdded, ABU: 0
2026-06-26 00:26:21.052: [INFO] BookmarkNodeAdded, ABU: 0
2026-06-26 00:26:21.052: [INFO] BookmarkNodeAdded, ABU: 0
2026-06-26 00:26:21.053: [INFO] BookmarkNodeAdded, ABU: 0
2026-06-26 00:26:21.053: [INFO] BookmarkNodeAdded, ABU: 0
2026-06-26 00:26:21.053: [INFO] BookmarkNodeAdded, ABU: 0
2026-06-26 00:26:21.054: [INFO] BookmarkNodeAdded, ABU: 0
2026-06-26 00:26:21.054: [INFO] BookmarkNodeAdded, ABU: 0
2026-06-26 00:26:21.055: [INFO] BookmarkNodeAdded, ABU: 0
2026-06-26 00:26:21.056: [INFO] BookmarkNodeAdded, ABU: 0
2026-06-26 00:26:21.056: [INFO] BookmarkNodeAdded, ABU: 0
2026-06-26 00:26:21.056: [INFO] BookmarkNodeAdded, ABU: 0
2026-06-26 00:26:21.057: [INFO] BookmarkNodeAdded, ABU: 0
2026-06-26 00:26:21.057: [INFO] BookmarkNodeAdded, ABU: 0
2026-06-26 00:26:21.058: [INFO] BookmarkNodeAdded, ABU: 0
2026-06-26 00:26:21.058: [INFO] BookmarkNodeAdded, ABU: 0
2026-06-26 00:26:21.059: [INFO] BookmarkNodeAdded, ABU: 0
2026-06-26 00:26:21.059: [INFO] BookmarkNodeAdded, ABU: 0
2026-06-26 00:26:21.059: [INFO] BookmarkNodeAdded, ABU: 0
2026-06-26 00:26:21.059: [INFO] BookmarkNodeAdded, ABU: 0
2026-06-26 00:26:21.060: [INFO] BookmarkNodeAdded, ABU: 0
2026-06-26 00:26:21.060: [INFO] BookmarkNodeAdded, ABU: 0
2026-06-26 00:26:21.060: [INFO] BookmarkNodeAdded, ABU: 0
2026-06-26 00:26:21.061: [INFO] BookmarkNodeAdded, ABU: 0
2026-06-26 00:26:21.061: [INFO] BookmarkNodeAdded, ABU: 0
2026-06-26 00:26:21.061: [INFO] BookmarkNodeAdded, ABU: 0
2026-06-26 00:26:21.061: [INFO] BookmarkNodeAdded, ABU: 0
2026-06-26 00:26:21.062: [INFO] BookmarkNodeAdded, ABU: 0
2026-06-26 00:26:21.062: [INFO] BookmarkNodeAdded, ABU: 0
2026-06-26 00:26:21.062: [INFO] BookmarkNodeAdded, ABU: 0
2026-06-26 00:26:21.063: [INFO] BookmarkNodeAdded, ABU: 0
2026-06-26 00:26:21.063: [INFO] BookmarkNodeAdded, ABU: 0
2026-06-26 00:26:21.063: [INFO] BookmarkNodeAdded, ABU: 0
2026-06-26 00:26:21.063: [INFO] BookmarkNodeAdded, ABU: 0
2026-06-26 00:26:21.063: [INFO] BookmarkNodeAdded, ABU: 0
2026-06-26 00:26:21.064: [INFO] BookmarkNodeAdded, ABU: 0
2026-06-26 00:26:21.064: [INFO] BookmarkNodeAdded, ABU: 0
2026-06-26 00:26:21.064: [INFO] BookmarkNodeAdded, ABU: 0
2026-06-26 00:26:21.065: [INFO] BookmarkNodeAdded, ABU: 0
2026-06-26 00:26:21.065: [INFO] BookmarkNodeAdded, ABU: 0
2026-06-26 00:26:21.066: [INFO] BookmarkNodeAdded, ABU: 0
2026-06-26 00:26:21.066: [INFO] BookmarkNodeAdded, ABU: 0
2026-06-26 00:26:21.066: [INFO] BookmarkNodeAdded, ABU: 0
2026-06-26 00:26:21.067: [INFO] BookmarkNodeAdded, ABU: 0
2026-06-26 00:26:21.067: [INFO] BookmarkNodeAdded, ABU: 0
2026-06-26 00:26:21.068: [INFO] BookmarkNodeAdded, ABU: 0
2026-06-26 00:26:21.068: [INFO] BookmarkNodeAdded, ABU: 0
2026-06-26 00:26:21.069: [INFO] BookmarkNodeAdded, ABU: 0
2026-06-26 00:26:21.069: [INFO] BookmarkNodeAdded, ABU: 0
2026-06-26 00:26:21.070: [INFO] BookmarkNodeAdded, ABU: 0
2026-06-26 00:26:21.070: [INFO] BookmarkNodeAdded, ABU: 0
2026-06-26 00:26:21.071: [INFO] BookmarkNodeAdded, ABU: 0
2026-06-26 00:26:21.071: [INFO] BookmarkNodeAdded, ABU: 0
2026-06-26 00:26:21.072: [INFO] BookmarkNodeAdded, ABU: 0
2026-06-26 00:26:21.073: [INFO] BookmarkNodeAdded, ABU: 0
2026-06-26 00:26:21.073: [INFO] BookmarkNodeAdded, ABU: 0
2026-06-26 00:26:21.074: [INFO] BookmarkNodeAdded, ABU: 0
2026-06-26 00:26:21.074: [INFO] BookmarkNodeAdded, ABU: 0
2026-06-26 00:26:21.074: [INFO] BookmarkNodeAdded, ABU: 0
2026-06-26 00:26:21.075: [INFO] BookmarkNodeAdded, ABU: 0
2026-06-26 00:26:21.075: [INFO] BookmarkNodeAdded, ABU: 0
2026-06-26 00:26:21.076: [INFO] BookmarkNodeAdded, ABU: 0
2026-06-26 00:26:21.076: [INFO] BookmarkNodeAdded, ABU: 0
2026-06-26 00:26:21.077: [INFO] BookmarkNodeAdded, ABU: 0
2026-06-26 00:26:21.077: [INFO] BookmarkNodeAdded, ABU: 0
2026-06-26 00:26:21.077: [INFO] BookmarkNodeAdded, ABU: 0
2026-06-26 00:26:21.078: [INFO] BookmarkNodeAdded, ABU: 0
2026-06-26 00:26:21.078: [INFO] BookmarkNodeAdded, ABU: 0
2026-06-26 00:26:21.079: [INFO] BookmarkNodeAdded, ABU: 0
2026-06-26 00:26:21.079: [INFO] BookmarkNodeAdded, ABU: 0
2026-06-26 00:26:21.079: [INFO] BookmarkNodeAdded, ABU: 0
2026-06-26 00:26:21.080: [INFO] BookmarkNodeAdded, ABU: 0
2026-06-26 00:26:21.080: [INFO] BookmarkNodeAdded, ABU: 0
2026-06-26 00:26:21.081: [INFO] BookmarkNodeAdded, ABU: 0
2026-06-26 00:26:21.081: [INFO] BookmarkNodeAdded, ABU: 0
2026-06-26 00:26:21.081: [INFO] BookmarkNodeAdded, ABU: 0
2026-06-26 00:26:21.081: [INFO] BookmarkNodeAdded, ABU: 0
2026-06-26 00:26:21.082: [INFO] BookmarkNodeAdded, ABU: 0
2026-06-26 00:26:21.082: [INFO] BookmarkNodeAdded, ABU: 0
2026-06-26 00:26:21.082: [INFO] BookmarkNodeAdded, ABU: 0
2026-06-26 00:26:21.083: [INFO] BookmarkNodeAdded, ABU: 0
2026-06-26 00:26:21.084: [INFO] BookmarkNodeAdded, ABU: 0
2026-06-26 00:26:21.085: [INFO] BookmarkNodeAdded, ABU: 0
2026-06-26 00:26:21.085: [INFO] BookmarkNodeAdded, ABU: 0
2026-06-26 00:26:21.086: [INFO] BookmarkNodeAdded, ABU: 0
2026-06-26 00:26:21.087: [INFO] BookmarkNodeAdded, ABU: 0
2026-06-26 00:26:21.087: [INFO] BookmarkNodeAdded, ABU: 0
2026-06-26 00:26:21.087: [INFO] BookmarkNodeAdded, ABU: 0
2026-06-26 00:26:21.088: [INFO] BookmarkNodeAdded, ABU: 0
2026-06-26 00:26:21.088: [INFO] BookmarkNodeAdded, ABU: 0
2026-06-26 00:26:21.089: [INFO] BookmarkNodeAdded, ABU: 0
2026-06-26 00:26:21.089: [INFO] BookmarkNodeAdded, ABU: 0
2026-06-26 00:26:21.090: [INFO] BookmarkNodeAdded, ABU: 0
2026-06-26 00:26:21.090: [INFO] BookmarkNodeAdded, ABU: 0
2026-06-26 00:26:21.091: [INFO] BookmarkNodeAdded, ABU: 0
2026-06-26 00:26:21.091: [INFO] BookmarkNodeAdded, ABU: 0
2026-06-26 00:26:21.091: [INFO] BookmarkNodeAdded, ABU: 0
2026-06-26 00:26:21.092: [INFO] BookmarkNodeAdded, ABU: 0
2026-06-26 00:26:21.092: [INFO] BookmarkNodeAdded, ABU: 0
2026-06-26 00:26:21.092: [INFO] BookmarkNodeAdded, ABU: 0
2026-06-26 00:26:21.093: [INFO] BookmarkNodeAdded, ABU: 0
2026-06-26 00:26:21.093: [INFO] BookmarkNodeAdded, ABU: 0
2026-06-26 00:26:21.093: [INFO] BookmarkNodeAdded, ABU: 0
2026-06-26 00:26:21.094: [INFO] BookmarkNodeAdded, ABU: 0
2026-06-26 00:26:21.094: [INFO] BookmarkNodeAdded, ABU: 0
2026-06-26 00:26:21.095: [INFO] BookmarkNodeAdded, ABU: 0
2026-06-26 00:26:21.095: [INFO] BookmarkNodeAdded, ABU: 0
2026-06-26 00:26:21.095: [INFO] BookmarkNodeAdded, ABU: 0
2026-06-26 00:26:21.096: [INFO] BookmarkNodeAdded, ABU: 0
2026-06-26 00:26:21.096: [INFO] BookmarkNodeAdded, ABU: 0
2026-06-26 00:26:21.097: [INFO] BookmarkNodeAdded, ABU: 0
2026-06-26 00:26:21.097: [INFO] BookmarkNodeAdded, ABU: 0
2026-06-26 00:26:21.098: [INFO] BookmarkNodeAdded, ABU: 0
2026-06-26 00:26:21.098: [INFO] BookmarkNodeAdded, ABU: 0
2026-06-26 00:26:21.099: [INFO] BookmarkNodeAdded, ABU: 0
2026-06-26 00:26:21.099: [INFO] BookmarkNodeAdded, ABU: 0
2026-06-26 00:26:21.100: [INFO] BookmarkNodeAdded, ABU: 0
2026-06-26 00:26:21.100: [INFO] BookmarkNodeAdded, ABU: 0
2026-06-26 00:26:21.101: [INFO] BookmarkNodeAdded, ABU: 0
2026-06-26 00:26:21.101: [INFO] BookmarkNodeAdded, ABU: 0
2026-06-26 00:26:21.102: [INFO] BookmarkNodeAdded, ABU: 0
2026-06-26 00:26:21.102: [INFO] BookmarkNodeAdded, ABU: 0
2026-06-26 00:26:21.103: [INFO] BookmarkNodeAdded, ABU: 0
2026-06-26 00:26:21.103: [INFO] BookmarkNodeAdded, ABU: 0
2026-06-26 00:26:21.103: [INFO] BookmarkNodeAdded, ABU: 0
2026-06-26 00:26:21.103: [INFO] BookmarkNodeAdded, ABU: 0
2026-06-26 00:26:21.103: [INFO] BookmarkNodeAdded, ABU: 0
2026-06-26 00:26:21.104: [INFO] BookmarkNodeAdded, ABU: 0
2026-06-26 00:26:21.104: [INFO] BookmarkNodeAdded, ABU: 0
2026-06-26 00:26:21.104: [INFO] BookmarkNodeAdded, ABU: 0
2026-06-26 00:26:21.104: [INFO] BookmarkNodeAdded, ABU: 0
2026-06-26 00:26:21.104: [INFO] BookmarkNodeAdded, ABU: 0
2026-06-26 00:26:21.105: [INFO] BookmarkNodeAdded, ABU: 0
2026-06-26 00:26:21.105: [INFO] BookmarkNodeAdded, ABU: 0
2026-06-26 00:26:21.105: [INFO] BookmarkNodeAdded, ABU: 0
2026-06-26 00:26:21.106: [INFO] BookmarkNodeAdded, ABU: 0
2026-06-26 00:26:21.106: [INFO] BookmarkNodeAdded, ABU: 0
2026-06-26 00:26:21.106: [INFO] BookmarkNodeAdded, ABU: 0
2026-06-26 00:26:21.106: [INFO] BookmarkNodeAdded, ABU: 0
2026-06-26 00:26:21.107: [INFO] BookmarkNodeAdded, ABU: 0
2026-06-26 00:26:21.107: [INFO] BookmarkNodeAdded, ABU: 0
2026-06-26 00:26:21.107: [INFO] BookmarkNodeAdded, ABU: 0
2026-06-26 00:26:21.108: [INFO] BookmarkNodeAdded, ABU: 0
2026-06-26 00:26:21.108: [INFO] BookmarkNodeAdded, ABU: 0
2026-06-26 00:26:21.109: [INFO] BookmarkNodeAdded, ABU: 0
2026-06-26 00:26:21.109: [INFO] BookmarkNodeAdded, ABU: 0
2026-06-26 00:26:21.109: [INFO] BookmarkNodeAdded, ABU: 0
2026-06-26 00:26:21.110: [INFO] BookmarkNodeAdded, ABU: 0
2026-06-26 00:26:21.110: [INFO] BookmarkNodeAdded, ABU: 0
2026-06-26 00:26:21.111: [INFO] BookmarkNodeAdded, ABU: 0
2026-06-26 00:26:21.111: [INFO] BookmarkNodeAdded, ABU: 0
2026-06-26 00:26:21.112: [INFO] BookmarkNodeAdded, ABU: 0
2026-06-26 00:26:21.112: [INFO] BookmarkNodeAdded, ABU: 0
2026-06-26 00:26:21.112: [INFO] BookmarkNodeAdded, ABU: 0
2026-06-26 00:26:21.113: [INFO] BookmarkNodeAdded, ABU: 0
2026-06-26 00:26:21.113: [INFO] BookmarkNodeAdded, ABU: 0
2026-06-26 00:26:21.113: [INFO] BookmarkNodeAdded, ABU: 0
2026-06-26 00:26:21.114: [INFO] BookmarkNodeAdded, ABU: 0
2026-06-26 00:26:21.114: [INFO] BookmarkNodeAdded, ABU: 0
2026-06-26 00:26:21.115: [INFO] BookmarkNodeAdded, ABU: 0
2026-06-26 00:26:21.116: [INFO] BookmarkNodeAdded, ABU: 0
2026-06-26 00:26:21.116: [INFO] BookmarkNodeAdded, ABU: 0
2026-06-26 00:26:21.117: [INFO] BookmarkNodeAdded, ABU: 0
2026-06-26 00:26:21.118: [INFO] BookmarkNodeAdded, ABU: 0
2026-06-26 00:26:21.118: [INFO] BookmarkNodeAdded, ABU: 0
2026-06-26 00:26:21.119: [INFO] BookmarkNodeAdded, ABU: 0
2026-06-26 00:26:21.119: [INFO] BookmarkNodeAdded, ABU: 0
2026-06-26 00:26:21.119: [INFO] BookmarkNodeAdded, ABU: 0
2026-06-26 00:26:21.120: [INFO] BookmarkNodeAdded, ABU: 0
2026-06-26 00:26:21.121: [INFO] BookmarkNodeAdded, ABU: 0
2026-06-26 00:26:21.121: [INFO] BookmarkNodeAdded, ABU: 0
2026-06-26 00:26:21.121: [INFO] BookmarkNodeAdded, ABU: 0
2026-06-26 00:26:21.121: [INFO] BookmarkNodeAdded, ABU: 0
2026-06-26 00:26:21.122: [INFO] BookmarkNodeAdded, ABU: 0
2026-06-26 00:26:21.123: [INFO] BookmarkNodeAdded, ABU: 0
2026-06-26 00:26:21.123: [INFO] BookmarkNodeAdded, ABU: 0
2026-06-26 00:26:21.123: [INFO] BookmarkNodeAdded, ABU: 0
2026-06-26 00:26:21.124: [INFO] BookmarkNodeAdded, ABU: 0
2026-06-26 00:26:21.124: [INFO] BookmarkNodeAdded, ABU: 0
2026-06-26 00:26:21.124: [INFO] BookmarkNodeAdded, ABU: 0
2026-06-26 00:26:21.125: [INFO] BookmarkNodeAdded, ABU: 0
2026-06-26 00:26:21.125: [INFO] BookmarkNodeAdded, ABU: 0
2026-06-26 00:26:21.125: [INFO] BookmarkNodeAdded, ABU: 0
2026-06-26 00:26:21.126: [INFO] BookmarkNodeAdded, ABU: 0
2026-06-26 00:26:21.126: [INFO] BookmarkNodeAdded, ABU: 0
2026-06-26 00:26:21.126: [INFO] BookmarkNodeAdded, ABU: 0
2026-06-26 00:26:21.127: [INFO] BookmarkNodeAdded, ABU: 0
2026-06-26 00:26:21.127: [INFO] BookmarkNodeAdded, ABU: 0
2026-06-26 00:26:21.128: [INFO] BookmarkNodeAdded, ABU: 0
2026-06-26 00:26:21.128: [INFO] BookmarkNodeAdded, ABU: 0
2026-06-26 00:26:21.128: [INFO] BookmarkNodeAdded, ABU: 0
2026-06-26 00:26:21.129: [INFO] BookmarkNodeAdded, ABU: 0
2026-06-26 00:26:21.130: [INFO] BookmarkNodeAdded, ABU: 0
2026-06-26 00:26:21.131: [INFO] BookmarkNodeAdded, ABU: 0
2026-06-26 00:26:21.131: [INFO] BookmarkNodeAdded, ABU: 0
2026-06-26 00:26:21.132: [INFO] BookmarkNodeAdded, ABU: 0
2026-06-26 00:26:21.132: [INFO] BookmarkNodeAdded, ABU: 0
2026-06-26 00:26:21.133: [INFO] BookmarkNodeAdded, ABU: 0
2026-06-26 00:26:21.133: [INFO] BookmarkNodeAdded, ABU: 0
2026-06-26 00:26:21.134: [INFO] BookmarkNodeAdded, ABU: 0
2026-06-26 00:26:21.134: [INFO] BookmarkNodeAdded, ABU: 0
2026-06-26 00:26:21.134: [INFO] BookmarkNodeAdded, ABU: 0
2026-06-26 00:26:21.134: [INFO] BookmarkNodeAdded, ABU: 0
2026-06-26 00:26:21.135: [INFO] BookmarkNodeAdded, ABU: 0
2026-06-26 00:26:21.135: [INFO] BookmarkNodeAdded, ABU: 0
2026-06-26 00:26:21.136: [INFO] BookmarkNodeAdded, ABU: 0
2026-06-26 00:26:21.136: [INFO] BookmarkNodeAdded, ABU: 0
2026-06-26 00:26:21.136: [INFO] BookmarkNodeAdded, ABU: 0
2026-06-26 00:26:21.137: [INFO] BookmarkNodeAdded, ABU: 0
2026-06-26 00:26:21.137: [INFO] BookmarkNodeAdded, ABU: 0
2026-06-26 00:26:21.137: [INFO] BookmarkNodeAdded, ABU: 0
2026-06-26 00:26:21.137: [INFO] BookmarkNodeAdded, ABU: 0
2026-06-26 00:26:21.138: [INFO] BookmarkNodeAdded, ABU: 0
2026-06-26 00:26:21.138: [INFO] BookmarkNodeAdded, ABU: 0
2026-06-26 00:26:21.138: [INFO] BookmarkNodeAdded, ABU: 0
2026-06-26 00:26:21.138: [INFO] BookmarkNodeAdded, ABU: 0
2026-06-26 00:26:21.139: [INFO] BookmarkNodeAdded, ABU: 0
2026-06-26 00:26:21.139: [INFO] BookmarkNodeAdded, ABU: 0
2026-06-26 00:26:21.139: [INFO] BookmarkNodeAdded, ABU: 0
2026-06-26 00:26:21.140: [INFO] BookmarkNodeAdded, ABU: 0
2026-06-26 00:26:21.140: [INFO] BookmarkNodeAdded, ABU: 0
2026-06-26 00:26:21.140: [INFO] BookmarkNodeAdded, ABU: 0
2026-06-26 00:26:21.140: [INFO] BookmarkNodeAdded, ABU: 0
2026-06-26 00:26:21.141: [INFO] BookmarkNodeAdded, ABU: 0
2026-06-26 00:26:21.141: [INFO] BookmarkNodeAdded, ABU: 0
2026-06-26 00:26:21.142: [INFO] BookmarkNodeAdded, ABU: 0
2026-06-26 00:26:21.142: [INFO] BookmarkNodeAdded, ABU: 0
2026-06-26 00:26:21.143: [INFO] BookmarkNodeAdded, ABU: 0
2026-06-26 00:26:21.144: [INFO] BookmarkNodeAdded, ABU: 0
2026-06-26 00:26:21.145: [INFO] BookmarkNodeAdded, ABU: 0
2026-06-26 00:26:21.146: [INFO] BookmarkNodeAdded, ABU: 0
2026-06-26 00:26:21.147: [INFO] BookmarkNodeAdded, ABU: 0
2026-06-26 00:26:21.147: [INFO] BookmarkNodeAdded, ABU: 0
2026-06-26 00:26:21.147: [INFO] BookmarkNodeAdded, ABU: 0
2026-06-26 00:26:21.148: [INFO] BookmarkNodeAdded, ABU: 0
2026-06-26 00:26:21.148: [INFO] BookmarkNodeAdded, ABU: 0
2026-06-26 00:26:21.149: [INFO] BookmarkNodeAdded, ABU: 0
2026-06-26 00:26:21.150: [INFO] BookmarkNodeAdded, ABU: 0
2026-06-26 00:26:21.152: [INFO] BookmarkNodeAdded, ABU: 0
2026-06-26 00:26:21.152: [INFO] BookmarkNodeAdded, ABU: 0
2026-06-26 00:26:21.153: [INFO] BookmarkNodeAdded, ABU: 0
2026-06-26 00:26:21.153: [INFO] BookmarkNodeAdded, ABU: 0
2026-06-26 00:26:21.154: [INFO] BookmarkNodeAdded, ABU: 0
2026-06-26 00:26:21.154: [INFO] BookmarkNodeAdded, ABU: 0
2026-06-26 00:26:21.155: [INFO] BookmarkNodeAdded, ABU: 0
2026-06-26 00:26:21.155: [INFO] BookmarkNodeAdded, ABU: 0
2026-06-26 00:26:21.155: [INFO] BookmarkNodeAdded, ABU: 0
2026-06-26 00:26:21.156: [INFO] BookmarkNodeAdded, ABU: 0
2026-06-26 00:26:21.157: [INFO] BookmarkNodeAdded, ABU: 0
2026-06-26 00:26:21.157: [INFO] BookmarkNodeAdded, ABU: 0
2026-06-26 00:26:21.158: [INFO] BookmarkNodeAdded, ABU: 0
2026-06-26 00:26:21.158: [INFO] BookmarkNodeAdded, ABU: 0
2026-06-26 00:26:21.159: [INFO] BookmarkNodeAdded, ABU: 0
2026-06-26 00:26:21.159: [INFO] BookmarkNodeAdded, ABU: 0
2026-06-26 00:26:21.160: [INFO] BookmarkNodeAdded, ABU: 0
2026-06-26 00:26:21.160: [INFO] BookmarkNodeAdded, ABU: 0
2026-06-26 00:26:21.160: [INFO] BookmarkNodeAdded, ABU: 0
2026-06-26 00:26:21.161: [INFO] BookmarkNodeAdded, ABU: 0
2026-06-26 00:26:21.161: [INFO] BookmarkNodeAdded, ABU: 0
2026-06-26 00:26:21.162: [INFO] BookmarkNodeAdded, ABU: 0
2026-06-26 00:26:21.162: [INFO] BookmarkNodeAdded, ABU: 0
2026-06-26 00:26:21.162: [INFO] BookmarkNodeAdded, ABU: 0
2026-06-26 00:26:21.163: [INFO] BookmarkNodeAdded, ABU: 0
2026-06-26 00:26:21.164: [INFO] BookmarkNodeAdded, ABU: 0
2026-06-26 00:26:21.164: [INFO] BookmarkNodeAdded, ABU: 0
2026-06-26 00:26:21.164: [INFO] BookmarkNodeAdded, ABU: 0
2026-06-26 00:26:21.165: [INFO] BookmarkNodeAdded, ABU: 0
2026-06-26 00:26:21.165: [INFO] BookmarkNodeAdded, ABU: 0
2026-06-26 00:26:21.166: [INFO] BookmarkNodeAdded, ABU: 0
2026-06-26 00:26:21.166: [INFO] BookmarkNodeAdded, ABU: 0
2026-06-26 00:26:21.166: [INFO] BookmarkNodeAdded, ABU: 0
2026-06-26 00:26:21.167: [INFO] BookmarkNodeAdded, ABU: 0
2026-06-26 00:26:21.167: [INFO] BookmarkNodeAdded, ABU: 0
2026-06-26 00:26:21.168: [INFO] BookmarkNodeAdded, ABU: 0
2026-06-26 00:26:21.168: [INFO] BookmarkNodeAdded, ABU: 0
2026-06-26 00:26:21.169: [INFO] BookmarkNodeAdded, ABU: 0
2026-06-26 00:26:21.169: [INFO] BookmarkNodeAdded, ABU: 0
2026-06-26 00:26:21.170: [INFO] BookmarkNodeAdded, ABU: 0
2026-06-26 00:26:21.170: [INFO] BookmarkNodeAdded, ABU: 0
2026-06-26 00:26:21.171: [INFO] BookmarkNodeAdded, ABU: 0
2026-06-26 00:26:21.171: [INFO] BookmarkNodeAdded, ABU: 0
2026-06-26 00:26:21.172: [INFO] BookmarkNodeAdded, ABU: 0
2026-06-26 00:26:21.172: [INFO] BookmarkNodeAdded, ABU: 0
2026-06-26 00:26:21.173: [INFO] BookmarkNodeAdded, ABU: 0
2026-06-26 00:26:21.173: [INFO] BookmarkNodeAdded, ABU: 0
2026-06-26 00:26:21.174: [INFO] BookmarkNodeAdded, ABU: 0
2026-06-26 00:26:21.174: [INFO] BookmarkNodeAdded, ABU: 0
2026-06-26 00:26:21.174: [INFO] BookmarkNodeAdded, ABU: 0
2026-06-26 00:26:21.175: [INFO] BookmarkNodeAdded, ABU: 0
2026-06-26 00:26:21.175: [INFO] BookmarkNodeAdded, ABU: 0
2026-06-26 00:26:21.176: [INFO] BookmarkNodeAdded, ABU: 0
2026-06-26 00:26:21.176: [INFO] BookmarkNodeAdded, ABU: 0
2026-06-26 00:26:21.176: [INFO] BookmarkNodeAdded, ABU: 0
2026-06-26 00:26:21.177: [INFO] BookmarkNodeAdded, ABU: 0
2026-06-26 00:26:21.177: [INFO] BookmarkNodeAdded, ABU: 0
2026-06-26 00:26:21.178: [INFO] BookmarkNodeAdded, ABU: 0
2026-06-26 00:26:21.179: [INFO] BookmarkNodeAdded, ABU: 0
2026-06-26 00:26:21.179: [INFO] BookmarkNodeAdded, ABU: 0
2026-06-26 00:26:21.179: [INFO] BookmarkNodeAdded, ABU: 0
2026-06-26 00:26:21.180: [INFO] BookmarkNodeAdded, ABU: 0
2026-06-26 00:26:21.180: [INFO] BookmarkNodeAdded, ABU: 0
2026-06-26 00:26:21.180: [INFO] BookmarkNodeAdded, ABU: 0
2026-06-26 00:26:21.180: [INFO] BookmarkNodeAdded, ABU: 0
2026-06-26 00:26:21.181: [INFO] BookmarkNodeAdded, ABU: 0
2026-06-26 00:26:21.181: [INFO] BookmarkNodeAdded, ABU: 0
2026-06-26 00:26:21.182: [INFO] BookmarkNodeAdded, ABU: 0
2026-06-26 00:26:21.182: [INFO] BookmarkNodeAdded, ABU: 0
2026-06-26 00:26:21.182: [INFO] BookmarkNodeAdded, ABU: 0
2026-06-26 00:26:21.183: [INFO] BookmarkNodeAdded, ABU: 0
2026-06-26 00:26:21.184: [INFO] BookmarkNodeAdded, ABU: 0
2026-06-26 00:26:21.184: [INFO] BookmarkNodeAdded, ABU: 0
2026-06-26 00:26:21.185: [INFO] BookmarkNodeAdded, ABU: 0
2026-06-26 00:26:21.185: [INFO] BookmarkNodeAdded, ABU: 0
2026-06-26 00:26:21.185: [INFO] BookmarkNodeAdded, ABU: 0
2026-06-26 00:26:21.186: [INFO] BookmarkNodeAdded, ABU: 0
2026-06-26 00:26:21.186: [INFO] BookmarkNodeAdded, ABU: 0
2026-06-26 00:26:21.186: [INFO] BookmarkNodeAdded, ABU: 0
2026-06-26 00:26:21.187: [INFO] BookmarkNodeAdded, ABU: 0
2026-06-26 00:26:21.187: [INFO] BookmarkNodeAdded, ABU: 0
2026-06-26 00:26:21.188: [INFO] BookmarkNodeAdded, ABU: 0
2026-06-26 00:26:21.188: [INFO] BookmarkNodeAdded, ABU: 0
2026-06-26 00:26:21.188: [INFO] BookmarkNodeAdded, ABU: 0
2026-06-26 00:26:21.189: [INFO] BookmarkNodeAdded, ABU: 0
2026-06-26 00:26:21.190: [INFO] BookmarkNodeAdded, ABU: 0
2026-06-26 00:26:21.190: [INFO] BookmarkNodeAdded, ABU: 0
2026-06-26 00:26:21.191: [INFO] BookmarkNodeAdded, ABU: 0
2026-06-26 00:26:21.191: [INFO] BookmarkNodeAdded, ABU: 0
2026-06-26 00:26:21.192: [INFO] BookmarkNodeAdded, ABU: 0
2026-06-26 00:26:21.192: [INFO] BookmarkNodeAdded, ABU: 0
2026-06-26 00:26:21.193: [INFO] BookmarkNodeAdded, ABU: 0
2026-06-26 00:26:21.193: [INFO] BookmarkNodeAdded, ABU: 0
2026-06-26 00:26:21.193: [INFO] BookmarkNodeAdded, ABU: 0
2026-06-26 00:26:21.194: [INFO] BookmarkNodeAdded, ABU: 0
2026-06-26 00:26:21.194: [INFO] BookmarkNodeAdded, ABU: 0
2026-06-26 00:26:21.194: [INFO] BookmarkNodeAdded, ABU: 0
2026-06-26 00:26:21.195: [INFO] BookmarkNodeAdded, ABU: 0
2026-06-26 00:26:21.196: [INFO] BookmarkNodeAdded, ABU: 0
2026-06-26 00:26:21.196: [INFO] BookmarkNodeAdded, ABU: 0
2026-06-26 00:26:21.197: [INFO] BookmarkNodeAdded, ABU: 0
2026-06-26 00:26:21.197: [INFO] BookmarkNodeAdded, ABU: 0
2026-06-26 00:26:21.198: [INFO] BookmarkNodeAdded, ABU: 0
2026-06-26 00:26:21.198: [INFO] BookmarkNodeAdded, ABU: 0
2026-06-26 00:26:21.199: [INFO] BookmarkNodeAdded, ABU: 0
2026-06-26 00:26:21.199: [INFO] BookmarkNodeAdded, ABU: 0
2026-06-26 00:26:21.200: [INFO] BookmarkNodeAdded, ABU: 0
2026-06-26 00:26:21.200: [INFO] BookmarkNodeAdded, ABU: 0
2026-06-26 00:26:21.200: [INFO] BookmarkNodeAdded, ABU: 0
2026-06-26 00:26:21.201: [INFO] BookmarkNodeAdded, ABU: 0
2026-06-26 00:26:21.201: [INFO] BookmarkNodeAdded, ABU: 0
2026-06-26 00:26:21.201: [INFO] BookmarkNodeAdded, ABU: 0
2026-06-26 00:26:21.202: [INFO] BookmarkNodeAdded, ABU: 0
2026-06-26 00:26:21.202: [INFO] BookmarkNodeAdded, ABU: 0
2026-06-26 00:26:21.202: [INFO] BookmarkNodeAdded, ABU: 0
2026-06-26 00:26:21.202: [INFO] BookmarkNodeAdded, ABU: 0
2026-06-26 00:26:21.203: [INFO] BookmarkNodeAdded, ABU: 0
2026-06-26 00:26:21.203: [INFO] BookmarkNodeAdded, ABU: 0
2026-06-26 00:26:21.203: [INFO] BookmarkNodeAdded, ABU: 0
2026-06-26 00:26:21.204: [INFO] BookmarkNodeAdded, ABU: 0
2026-06-26 00:26:21.204: [INFO] BookmarkNodeAdded, ABU: 0
2026-06-26 00:26:21.204: [INFO] BookmarkNodeAdded, ABU: 0
2026-06-26 00:26:21.204: [INFO] BookmarkNodeAdded, ABU: 0
2026-06-26 00:26:21.205: [INFO] BookmarkNodeAdded, ABU: 0
2026-06-26 00:26:21.205: [INFO] BookmarkNodeAdded, ABU: 0
2026-06-26 00:26:21.205: [INFO] BookmarkNodeAdded, ABU: 0
2026-06-26 00:26:21.206: [INFO] BookmarkNodeAdded, ABU: 0
2026-06-26 00:26:21.207: [INFO] BookmarkNodeAdded, ABU: 0
2026-06-26 00:26:21.207: [INFO] BookmarkNodeAdded, ABU: 0
2026-06-26 00:26:21.208: [INFO] BookmarkNodeAdded, ABU: 0
2026-06-26 00:26:21.208: [INFO] BookmarkNodeAdded, ABU: 0
2026-06-26 00:26:21.209: [INFO] BookmarkNodeAdded, ABU: 0
2026-06-26 00:26:21.209: [INFO] BookmarkNodeAdded, ABU: 0
2026-06-26 00:26:21.209: [INFO] BookmarkNodeAdded, ABU: 0
2026-06-26 00:26:21.210: [INFO] BookmarkNodeAdded, ABU: 0
2026-06-26 00:26:21.210: [INFO] BookmarkNodeAdded, ABU: 0
2026-06-26 00:26:21.210: [INFO] BookmarkNodeAdded, ABU: 0
2026-06-26 00:26:21.211: [INFO] BookmarkNodeAdded, ABU: 0
2026-06-26 00:26:21.211: [INFO] BookmarkNodeAdded, ABU: 0
2026-06-26 00:26:21.212: [INFO] BookmarkNodeAdded, ABU: 0
2026-06-26 00:26:21.212: [INFO] BookmarkNodeAdded, ABU: 0
2026-06-26 00:26:21.213: [INFO] BookmarkNodeAdded, ABU: 0
2026-06-26 00:26:21.213: [INFO] BookmarkNodeAdded, ABU: 0
2026-06-26 00:26:21.213: [INFO] BookmarkNodeAdded, ABU: 0
2026-06-26 00:26:21.214: [INFO] BookmarkNodeAdded, ABU: 0
2026-06-26 00:26:21.214: [INFO] BookmarkNodeAdded, ABU: 0
2026-06-26 00:26:21.215: [INFO] BookmarkNodeAdded, ABU: 0
2026-06-26 00:26:21.215: [INFO] BookmarkNodeAdded, ABU: 0
2026-06-26 00:26:21.215: [INFO] BookmarkNodeAdded, ABU: 0
2026-06-26 00:26:21.216: [INFO] BookmarkNodeAdded, ABU: 0
2026-06-26 00:26:21.217: [INFO] BookmarkNodeAdded, ABU: 0
2026-06-26 00:26:21.217: [INFO] BookmarkNodeAdded, ABU: 0
2026-06-26 00:26:21.218: [INFO] BookmarkNodeAdded, ABU: 0
2026-06-26 00:26:21.219: [INFO] BookmarkNodeAdded, ABU: 0
2026-06-26 00:26:21.219: [INFO] BookmarkNodeAdded, ABU: 0
2026-06-26 00:26:21.220: [INFO] BookmarkNodeAdded, ABU: 0
2026-06-26 00:26:21.220: [INFO] BookmarkNodeAdded, ABU: 0
2026-06-26 00:26:21.221: [INFO] BookmarkNodeAdded, ABU: 0
2026-06-26 00:26:21.221: [INFO] BookmarkNodeAdded, ABU: 0
2026-06-26 00:26:21.222: [INFO] BookmarkNodeAdded, ABU: 0
2026-06-26 00:26:21.223: [INFO] BookmarkNodeAdded, ABU: 0
2026-06-26 00:26:21.224: [INFO] BookmarkNodeAdded, ABU: 0
2026-06-26 00:26:21.225: [INFO] BookmarkNodeAdded, ABU: 0
2026-06-26 00:26:21.225: [INFO] BookmarkNodeAdded, ABU: 0
2026-06-26 00:26:21.226: [INFO] BookmarkNodeAdded, ABU: 0
2026-06-26 00:26:21.226: [INFO] BookmarkNodeAdded, ABU: 0
2026-06-26 00:26:21.227: [INFO] BookmarkNodeAdded, ABU: 0
2026-06-26 00:26:21.227: [INFO] BookmarkNodeAdded, ABU: 0
2026-06-26 00:26:21.227: [INFO] BookmarkNodeAdded, ABU: 0
2026-06-26 00:26:21.228: [INFO] BookmarkNodeAdded, ABU: 0
2026-06-26 00:26:21.228: [INFO] BookmarkNodeAdded, ABU: 0
2026-06-26 00:26:21.229: [INFO] BookmarkNodeAdded, ABU: 0
2026-06-26 00:26:21.230: [INFO] BookmarkNodeAdded, ABU: 0
2026-06-26 00:26:21.230: [INFO] BookmarkNodeAdded, ABU: 0
2026-06-26 00:26:21.230: [INFO] BookmarkNodeAdded, ABU: 0
2026-06-26 00:26:21.230: [INFO] BookmarkNodeAdded, ABU: 0
2026-06-26 00:26:21.231: [INFO] BookmarkNodeAdded, ABU: 0
2026-06-26 00:26:21.231: [INFO] BookmarkNodeAdded, ABU: 0
2026-06-26 00:26:21.232: [INFO] BookmarkNodeAdded, ABU: 0
2026-06-26 00:26:21.232: [INFO] BookmarkNodeAdded, ABU: 0
2026-06-26 00:26:21.232: [INFO] BookmarkNodeAdded, ABU: 0
2026-06-26 00:26:21.233: [INFO] BookmarkNodeAdded, ABU: 0
2026-06-26 00:26:21.233: [INFO] BookmarkNodeAdded, ABU: 0
2026-06-26 00:26:21.233: [INFO] BookmarkNodeAdded, ABU: 0
2026-06-26 00:26:21.233: [INFO] BookmarkNodeAdded, ABU: 0
2026-06-26 00:26:21.234: [INFO] BookmarkNodeAdded, ABU: 0
2026-06-26 00:26:21.234: [INFO] BookmarkNodeAdded, ABU: 0
2026-06-26 00:26:21.235: [INFO] BookmarkNodeAdded, ABU: 0
2026-06-26 00:26:21.235: [INFO] BookmarkNodeAdded, ABU: 0
2026-06-26 00:26:21.235: [INFO] BookmarkNodeAdded, ABU: 0
2026-06-26 00:26:21.235: [INFO] BookmarkNodeAdded, ABU: 0
2026-06-26 00:26:21.236: [INFO] BookmarkNodeAdded, ABU: 0
2026-06-26 00:26:21.236: [INFO] BookmarkNodeAdded, ABU: 0
2026-06-26 00:26:21.237: [INFO] BookmarkNodeAdded, ABU: 0
2026-06-26 00:26:21.237: [INFO] BookmarkNodeAdded, ABU: 0
2026-06-26 00:26:21.237: [INFO] BookmarkNodeAdded, ABU: 0
2026-06-26 00:26:21.238: [INFO] BookmarkNodeAdded, ABU: 0
2026-06-26 00:26:21.238: [INFO] BookmarkNodeAdded, ABU: 0
2026-06-26 00:26:21.238: [INFO] BookmarkNodeAdded, ABU: 0
2026-06-26 00:26:21.238: [INFO] BookmarkNodeAdded, ABU: 0
2026-06-26 00:26:21.239: [INFO] BookmarkNodeAdded, ABU: 0
2026-06-26 00:26:21.239: [INFO] BookmarkNodeAdded, ABU: 0
2026-06-26 00:26:21.240: [INFO] BookmarkNodeAdded, ABU: 0
2026-06-26 00:26:21.240: [INFO] BookmarkNodeAdded, ABU: 0
2026-06-26 00:26:21.241: [INFO] BookmarkNodeAdded, ABU: 0
2026-06-26 00:26:21.241: [INFO] BookmarkNodeAdded, ABU: 0
2026-06-26 00:26:21.241: [INFO] BookmarkNodeAdded, ABU: 0
2026-06-26 00:26:21.242: [INFO] BookmarkNodeAdded, ABU: 0
2026-06-26 00:26:21.242: [INFO] BookmarkNodeAdded, ABU: 0
2026-06-26 00:26:21.243: [INFO] BookmarkNodeAdded, ABU: 0
2026-06-26 00:26:21.243: [INFO] BookmarkNodeAdded, ABU: 0
2026-06-26 00:26:21.243: [INFO] BookmarkNodeAdded, ABU: 0
2026-06-26 00:26:21.243: [INFO] BookmarkNodeAdded, ABU: 0
2026-06-26 00:26:21.244: [INFO] BookmarkNodeAdded, ABU: 0
2026-06-26 00:26:21.244: [INFO] BookmarkNodeAdded, ABU: 0
2026-06-26 00:26:21.244: [INFO] BookmarkNodeAdded, ABU: 0
2026-06-26 00:26:21.245: [INFO] BookmarkNodeAdded, ABU: 0
2026-06-26 00:26:21.245: [INFO] BookmarkNodeAdded, ABU: 0
2026-06-26 00:26:21.245: [INFO] BookmarkNodeAdded, ABU: 0
2026-06-26 00:26:21.246: [INFO] BookmarkNodeAdded, ABU: 0
2026-06-26 00:26:21.246: [INFO] BookmarkNodeAdded, ABU: 0
2026-06-26 00:26:21.246: [INFO] BookmarkNodeAdded, ABU: 0
2026-06-26 00:26:21.247: [INFO] BookmarkNodeAdded, ABU: 0
2026-06-26 00:26:21.247: [INFO] BookmarkNodeAdded, ABU: 0
2026-06-26 00:26:21.247: [INFO] BookmarkNodeAdded, ABU: 0
2026-06-26 00:26:21.248: [INFO] BookmarkNodeAdded, ABU: 0
2026-06-26 00:26:21.248: [INFO] BookmarkNodeAdded, ABU: 0
2026-06-26 00:26:21.248: [INFO] BookmarkNodeAdded, ABU: 0
2026-06-26 00:26:21.248: [INFO] BookmarkNodeAdded, ABU: 0
2026-06-26 00:26:21.249: [INFO] BookmarkNodeAdded, ABU: 0
2026-06-26 00:26:21.249: [INFO] BookmarkNodeAdded, ABU: 0
2026-06-26 00:26:21.250: [INFO] BookmarkNodeAdded, ABU: 0
2026-06-26 00:26:21.250: [INFO] BookmarkNodeAdded, ABU: 0
2026-06-26 00:26:21.250: [INFO] BookmarkNodeAdded, ABU: 0
2026-06-26 00:26:21.251: [INFO] BookmarkNodeAdded, ABU: 0
2026-06-26 00:26:21.251: [INFO] BookmarkNodeAdded, ABU: 0
2026-06-26 00:26:21.251: [INFO] BookmarkNodeAdded, ABU: 0
2026-06-26 00:26:21.252: [INFO] BookmarkNodeAdded, ABU: 0
2026-06-26 00:26:21.252: [INFO] BookmarkNodeAdded, ABU: 0
2026-06-26 00:26:21.252: [INFO] BookmarkNodeAdded, ABU: 0
2026-06-26 00:26:21.253: [INFO] BookmarkNodeAdded, ABU: 0
2026-06-26 00:26:21.253: [INFO] BookmarkNodeAdded, ABU: 0
2026-06-26 00:26:21.254: [INFO] BookmarkNodeAdded, ABU: 0
2026-06-26 00:26:21.254: [INFO] BookmarkNodeAdded, ABU: 0
2026-06-26 00:26:21.255: [INFO] BookmarkNodeAdded, ABU: 0
2026-06-26 00:26:21.256: [INFO] BookmarkNodeAdded, ABU: 0
2026-06-26 00:26:21.256: [INFO] BookmarkNodeAdded, ABU: 0
2026-06-26 00:26:21.257: [INFO] BookmarkNodeAdded, ABU: 0
2026-06-26 00:26:21.257: [INFO] BookmarkNodeAdded, ABU: 0
2026-06-26 00:26:21.258: [INFO] BookmarkNodeAdded, ABU: 0
2026-06-26 00:26:21.258: [INFO] BookmarkNodeAdded, ABU: 0
2026-06-26 00:26:21.259: [INFO] BookmarkNodeAdded, ABU: 0
2026-06-26 00:26:21.259: [INFO] BookmarkNodeAdded, ABU: 0
2026-06-26 00:26:21.259: [INFO] BookmarkNodeAdded, ABU: 0
2026-06-26 00:26:21.260: [INFO] BookmarkNodeAdded, ABU: 0
2026-06-26 00:26:21.260: [INFO] BookmarkNodeAdded, ABU: 0
2026-06-26 00:26:21.261: [INFO] BookmarkNodeAdded, ABU: 0
2026-06-26 00:26:21.261: [INFO] BookmarkNodeAdded, ABU: 0
2026-06-26 00:26:21.261: [INFO] BookmarkNodeAdded, ABU: 0
2026-06-26 00:26:21.262: [INFO] BookmarkNodeAdded, ABU: 0
2026-06-26 00:26:21.262: [INFO] BookmarkNodeAdded, ABU: 0
2026-06-26 00:26:21.263: [INFO] BookmarkNodeAdded, ABU: 0
2026-06-26 00:26:21.263: [INFO] BookmarkNodeAdded, ABU: 0
2026-06-26 00:26:21.263: [INFO] BookmarkNodeAdded, ABU: 0
2026-06-26 00:26:21.264: [INFO] BookmarkNodeAdded, ABU: 0
2026-06-26 00:26:21.264: [INFO] BookmarkNodeAdded, ABU: 0
2026-06-26 00:26:21.265: [INFO] BookmarkNodeAdded, ABU: 0
2026-06-26 00:26:21.265: [INFO] BookmarkNodeAdded, ABU: 0
2026-06-26 00:26:21.265: [INFO] BookmarkNodeAdded, ABU: 0
2026-06-26 00:26:21.265: [INFO] BookmarkNodeAdded, ABU: 0
2026-06-26 00:26:21.266: [INFO] BookmarkNodeAdded, ABU: 0
2026-06-26 00:26:21.266: [INFO] BookmarkNodeAdded, ABU: 0
2026-06-26 00:26:21.266: [INFO] BookmarkNodeAdded, ABU: 0
2026-06-26 00:26:21.267: [INFO] BookmarkNodeAdded, ABU: 0
2026-06-26 00:26:28.475: [INFO] Sync initialization duration: 14764ms
