2026-06-26 00:30:48.936: [INFO] VisibilityChanged: 0
2026-06-26 00:30:48.946: [INFO] RecordSyncInitDuration has_sync_been_enabled: 0 state: 0
2026-06-26 00:30:48.946: [INFO] RecordSyncInitDuration has_sync_been_enabled: 0 state: 0
2026-06-26 00:30:48.947: [INFO] RecordSyncInitDuration has_sync_been_enabled: 0 state: 0
2026-06-26 00:30:48.947: [INFO] RecordSyncInitDuration has_sync_been_enabled: 0 state: 0
2026-06-26 00:30:48.948: [INFO] RecordSyncInitDuration has_sync_been_enabled: 0 state: 0
2026-06-26 00:30:48.948: [INFO] RecordSyncInitDuration has_sync_been_enabled: 0 state: 0
2026-06-26 00:30:48.948: [INFO] RecordSyncInitDuration has_sync_been_enabled: 0 state: 0
2026-06-26 00:30:48.949: [INFO] RecordSyncInitDuration has_sync_been_enabled: 0 state: 0
2026-06-26 00:30:48.949: [INFO] RecordSyncInitDuration has_sync_been_enabled: 0 state: 0
2026-06-26 00:30:48.949: [INFO] RecordSyncInitDuration has_sync_been_enabled: 0 state: 0
2026-06-26 00:30:48.950: [INFO] RecordSyncInitDuration has_sync_been_enabled: 0 state: 0
2026-06-26 00:30:48.956: [INFO] BookmarkModelLoaded, ids_reassigned: 0
2026-06-26 00:30:48.956: [INFO] OnDoneLoading sync enabled: 0
2026-06-26 00:30:50.022: [INFO] RecordSyncInitDuration has_sync_been_enabled: 0 state: 0
2026-06-26 00:30:51.891: [INFO] RecordSyncInitDuration has_sync_been_enabled: 0 state: 0
2026-06-26 00:30:51.893: [INFO] RecordSyncInitDuration has_sync_been_enabled: 0 state: 3
2026-06-26 00:30:51.894: [INFO] Primary account changed.
2026-06-26 00:30:51.894: [INFO] OnPrimaryAccountChanged PrimaryAccountChangeEvent::Type::kSet
2026-06-26 00:30:51.897: [INFO] RecordSyncInitDuration has_sync_been_enabled: 0 state: 3
2026-06-26 00:30:51.904: [INFO] RecordSyncInitDuration has_sync_been_enabled: 0 state: 3
2026-06-26 00:30:55.360: [INFO] VisibilityChanged: 1
2026-06-26 00:30:57.948: [INFO] BookmarkNodeAdded, ABU: 0
2026-06-26 00:30:57.948: [INFO] BookmarkNodeAdded, ABU: 0
2026-06-26 00:30:57.949: [INFO] BookmarkNodeAdded, ABU: 0
2026-06-26 00:30:57.949: [INFO] BookmarkNodeAdded, ABU: 0
2026-06-26 00:30:57.950: [INFO] BookmarkNodeAdded, ABU: 0
2026-06-26 00:30:57.950: [INFO] BookmarkNodeAdded, ABU: 0
2026-06-26 00:30:57.951: [INFO] BookmarkNodeAdded, ABU: 0
2026-06-26 00:30:57.951: [INFO] BookmarkNodeAdded, ABU: 0
2026-06-26 00:30:57.951: [INFO] BookmarkNodeAdded, ABU: 0
2026-06-26 00:30:57.952: [INFO] BookmarkNodeAdded, ABU: 0
2026-06-26 00:30:57.952: [INFO] BookmarkNodeAdded, ABU: 0
2026-06-26 00:30:57.953: [INFO] BookmarkNodeAdded, ABU: 0
2026-06-26 00:30:57.953: [INFO] BookmarkNodeAdded, ABU: 0
2026-06-26 00:30:57.953: [INFO] BookmarkNodeAdded, ABU: 0
2026-06-26 00:30:57.954: [INFO] BookmarkNodeAdded, ABU: 0
2026-06-26 00:30:57.954: [INFO] BookmarkNodeAdded, ABU: 0
2026-06-26 00:30:57.954: [INFO] BookmarkNodeAdded, ABU: 0
2026-06-26 00:30:57.955: [INFO] BookmarkNodeAdded, ABU: 0
2026-06-26 00:30:57.955: [INFO] BookmarkNodeAdded, ABU: 0
2026-06-26 00:30:57.955: [INFO] BookmarkNodeAdded, ABU: 0
2026-06-26 00:30:57.956: [INFO] BookmarkNodeAdded, ABU: 0
2026-06-26 00:30:57.956: [INFO] BookmarkNodeAdded, ABU: 0
2026-06-26 00:30:57.957: [INFO] BookmarkNodeAdded, ABU: 0
2026-06-26 00:30:57.957: [INFO] BookmarkNodeAdded, ABU: 0
2026-06-26 00:30:57.958: [INFO] BookmarkNodeAdded, ABU: 0
2026-06-26 00:30:57.958: [INFO] BookmarkNodeAdded, ABU: 0
2026-06-26 00:30:57.958: [INFO] BookmarkNodeAdded, ABU: 0
2026-06-26 00:30:57.959: [INFO] BookmarkNodeAdded, ABU: 0
2026-06-26 00:30:57.959: [INFO] BookmarkNodeAdded, ABU: 0
2026-06-26 00:30:57.960: [INFO] BookmarkNodeAdded, ABU: 0
2026-06-26 00:30:57.960: [INFO] BookmarkNodeAdded, ABU: 0
2026-06-26 00:30:57.960: [INFO] BookmarkNodeAdded, ABU: 0
2026-06-26 00:30:57.961: [INFO] BookmarkNodeAdded, ABU: 0
2026-06-26 00:30:57.961: [INFO] BookmarkNodeAdded, ABU: 0
2026-06-26 00:30:57.961: [INFO] BookmarkNodeAdded, ABU: 0
2026-06-26 00:30:57.962: [INFO] BookmarkNodeAdded, ABU: 0
2026-06-26 00:30:57.962: [INFO] BookmarkNodeAdded, ABU: 0
2026-06-26 00:30:57.962: [INFO] BookmarkNodeAdded, ABU: 0
2026-06-26 00:30:57.963: [INFO] BookmarkNodeAdded, ABU: 0
2026-06-26 00:30:57.963: [INFO] BookmarkNodeAdded, ABU: 0
2026-06-26 00:30:57.964: [INFO] BookmarkNodeAdded, ABU: 0
2026-06-26 00:30:57.964: [INFO] BookmarkNodeAdded, ABU: 0
2026-06-26 00:30:57.964: [INFO] BookmarkNodeAdded, ABU: 0
2026-06-26 00:30:57.964: [INFO] BookmarkNodeAdded, ABU: 0
2026-06-26 00:30:57.965: [INFO] BookmarkNodeAdded, ABU: 0
2026-06-26 00:30:57.965: [INFO] BookmarkNodeAdded, ABU: 0
2026-06-26 00:30:57.965: [INFO] BookmarkNodeAdded, ABU: 0
2026-06-26 00:30:57.966: [INFO] BookmarkNodeAdded, ABU: 0
2026-06-26 00:30:57.966: [INFO] BookmarkNodeAdded, ABU: 0
2026-06-26 00:30:57.966: [INFO] BookmarkNodeAdded, ABU: 0
2026-06-26 00:30:57.966: [INFO] BookmarkNodeAdded, ABU: 0
2026-06-26 00:30:57.967: [INFO] BookmarkNodeAdded, ABU: 0
2026-06-26 00:30:57.967: [INFO] BookmarkNodeAdded, ABU: 0
2026-06-26 00:30:57.967: [INFO] BookmarkNodeAdded, ABU: 0
2026-06-26 00:30:57.968: [INFO] BookmarkNodeAdded, ABU: 0
2026-06-26 00:30:57.968: [INFO] BookmarkNodeAdded, ABU: 0
2026-06-26 00:30:57.968: [INFO] BookmarkNodeAdded, ABU: 0
2026-06-26 00:30:57.969: [INFO] BookmarkNodeAdded, ABU: 0
2026-06-26 00:30:57.969: [INFO] BookmarkNodeAdded, ABU: 0
2026-06-26 00:30:57.969: [INFO] BookmarkNodeAdded, ABU: 0
2026-06-26 00:30:57.970: [INFO] BookmarkNodeAdded, ABU: 0
2026-06-26 00:30:57.970: [INFO] BookmarkNodeAdded, ABU: 0
2026-06-26 00:30:57.971: [INFO] BookmarkNodeAdded, ABU: 0
2026-06-26 00:30:57.971: [INFO] BookmarkNodeAdded, ABU: 0
2026-06-26 00:30:57.971: [INFO] BookmarkNodeAdded, ABU: 0
2026-06-26 00:30:57.972: [INFO] BookmarkNodeAdded, ABU: 0
2026-06-26 00:30:57.972: [INFO] BookmarkNodeAdded, ABU: 0
2026-06-26 00:30:57.972: [INFO] BookmarkNodeAdded, ABU: 0
2026-06-26 00:30:57.973: [INFO] BookmarkNodeAdded, ABU: 0
2026-06-26 00:30:57.973: [INFO] BookmarkNodeAdded, ABU: 0
2026-06-26 00:30:57.973: [INFO] BookmarkNodeAdded, ABU: 0
2026-06-26 00:30:57.973: [INFO] BookmarkNodeAdded, ABU: 0
2026-06-26 00:30:57.974: [INFO] BookmarkNodeAdded, ABU: 0
2026-06-26 00:30:57.974: [INFO] BookmarkNodeAdded, ABU: 0
2026-06-26 00:30:57.974: [INFO] BookmarkNodeAdded, ABU: 0
2026-06-26 00:30:57.975: [INFO] BookmarkNodeAdded, ABU: 0
2026-06-26 00:30:57.975: [INFO] BookmarkNodeAdded, ABU: 0
2026-06-26 00:30:57.976: [INFO] BookmarkNodeAdded, ABU: 0
2026-06-26 00:30:57.976: [INFO] BookmarkNodeAdded, ABU: 0
2026-06-26 00:30:57.976: [INFO] BookmarkNodeAdded, ABU: 0
2026-06-26 00:30:57.977: [INFO] BookmarkNodeAdded, ABU: 0
2026-06-26 00:30:57.977: [INFO] BookmarkNodeAdded, ABU: 0
2026-06-26 00:30:57.977: [INFO] BookmarkNodeAdded, ABU: 0
2026-06-26 00:30:57.978: [INFO] BookmarkNodeAdded, ABU: 0
2026-06-26 00:30:57.978: [INFO] BookmarkNodeAdded, ABU: 0
2026-06-26 00:30:57.978: [INFO] BookmarkNodeAdded, ABU: 0
2026-06-26 00:30:57.979: [INFO] BookmarkNodeAdded, ABU: 0
2026-06-26 00:30:57.979: [INFO] BookmarkNodeAdded, ABU: 0
2026-06-26 00:30:57.980: [INFO] BookmarkNodeAdded, ABU: 0
2026-06-26 00:30:57.980: [INFO] BookmarkNodeAdded, ABU: 0
2026-06-26 00:30:57.980: [INFO] BookmarkNodeAdded, ABU: 0
2026-06-26 00:30:57.981: [INFO] BookmarkNodeAdded, ABU: 0
2026-06-26 00:30:57.981: [INFO] BookmarkNodeAdded, ABU: 0
2026-06-26 00:30:57.982: [INFO] BookmarkNodeAdded, ABU: 0
2026-06-26 00:30:57.982: [INFO] BookmarkNodeAdded, ABU: 0
2026-06-26 00:30:57.982: [INFO] BookmarkNodeAdded, ABU: 0
2026-06-26 00:30:57.983: [INFO] BookmarkNodeAdded, ABU: 0
2026-06-26 00:30:57.983: [INFO] BookmarkNodeAdded, ABU: 0
2026-06-26 00:30:57.983: [INFO] BookmarkNodeAdded, ABU: 0
2026-06-26 00:30:57.984: [INFO] BookmarkNodeAdded, ABU: 0
2026-06-26 00:30:57.984: [INFO] BookmarkNodeAdded, ABU: 0
2026-06-26 00:30:57.985: [INFO] BookmarkNodeAdded, ABU: 0
2026-06-26 00:30:57.985: [INFO] BookmarkNodeAdded, ABU: 0
2026-06-26 00:30:57.985: [INFO] BookmarkNodeAdded, ABU: 0
2026-06-26 00:30:57.986: [INFO] BookmarkNodeAdded, ABU: 0
2026-06-26 00:30:57.986: [INFO] BookmarkNodeAdded, ABU: 0
2026-06-26 00:30:57.986: [INFO] BookmarkNodeAdded, ABU: 0
2026-06-26 00:30:57.987: [INFO] BookmarkNodeAdded, ABU: 0
2026-06-26 00:30:57.987: [INFO] BookmarkNodeAdded, ABU: 0
2026-06-26 00:30:57.987: [INFO] BookmarkNodeAdded, ABU: 0
2026-06-26 00:30:57.988: [INFO] BookmarkNodeAdded, ABU: 0
2026-06-26 00:30:57.988: [INFO] BookmarkNodeAdded, ABU: 0
2026-06-26 00:30:57.989: [INFO] BookmarkNodeAdded, ABU: 0
2026-06-26 00:30:57.989: [INFO] BookmarkNodeAdded, ABU: 0
2026-06-26 00:30:57.989: [INFO] BookmarkNodeAdded, ABU: 0
2026-06-26 00:30:57.990: [INFO] BookmarkNodeAdded, ABU: 0
2026-06-26 00:30:57.990: [INFO] BookmarkNodeAdded, ABU: 0
2026-06-26 00:30:57.990: [INFO] BookmarkNodeAdded, ABU: 0
2026-06-26 00:30:57.991: [INFO] BookmarkNodeAdded, ABU: 0
2026-06-26 00:30:57.991: [INFO] BookmarkNodeAdded, ABU: 0
2026-06-26 00:30:57.991: [INFO] BookmarkNodeAdded, ABU: 0
2026-06-26 00:30:57.992: [INFO] BookmarkNodeAdded, ABU: 0
2026-06-26 00:30:57.992: [INFO] BookmarkNodeAdded, ABU: 0
2026-06-26 00:30:57.992: [INFO] BookmarkNodeAdded, ABU: 0
2026-06-26 00:30:57.993: [INFO] BookmarkNodeAdded, ABU: 0
2026-06-26 00:30:57.993: [INFO] BookmarkNodeAdded, ABU: 0
2026-06-26 00:30:57.993: [INFO] BookmarkNodeAdded, ABU: 0
2026-06-26 00:30:57.994: [INFO] BookmarkNodeAdded, ABU: 0
2026-06-26 00:30:57.994: [INFO] BookmarkNodeAdded, ABU: 0
2026-06-26 00:30:57.995: [INFO] BookmarkNodeAdded, ABU: 0
2026-06-26 00:30:57.995: [INFO] BookmarkNodeAdded, ABU: 0
2026-06-26 00:30:57.995: [INFO] BookmarkNodeAdded, ABU: 0
2026-06-26 00:30:57.996: [INFO] BookmarkNodeAdded, ABU: 0
2026-06-26 00:30:57.996: [INFO] BookmarkNodeAdded, ABU: 0
2026-06-26 00:30:57.996: [INFO] BookmarkNodeAdded, ABU: 0
2026-06-26 00:30:57.997: [INFO] BookmarkNodeAdded, ABU: 0
2026-06-26 00:30:57.997: [INFO] BookmarkNodeAdded, ABU: 0
2026-06-26 00:30:57.997: [INFO] BookmarkNodeAdded, ABU: 0
2026-06-26 00:30:57.997: [INFO] BookmarkNodeAdded, ABU: 0
2026-06-26 00:30:57.998: [INFO] BookmarkNodeAdded, ABU: 0
2026-06-26 00:30:57.998: [INFO] BookmarkNodeAdded, ABU: 0
2026-06-26 00:30:57.998: [INFO] BookmarkNodeAdded, ABU: 0
2026-06-26 00:30:57.999: [INFO] BookmarkNodeAdded, ABU: 0
2026-06-26 00:30:57.999: [INFO] BookmarkNodeAdded, ABU: 0
2026-06-26 00:30:58.000: [INFO] BookmarkNodeAdded, ABU: 0
2026-06-26 00:30:58.000: [INFO] BookmarkNodeAdded, ABU: 0
2026-06-26 00:30:58.000: [INFO] BookmarkNodeAdded, ABU: 0
2026-06-26 00:30:58.000: [INFO] BookmarkNodeAdded, ABU: 0
2026-06-26 00:30:58.001: [INFO] BookmarkNodeAdded, ABU: 0
2026-06-26 00:30:58.001: [INFO] BookmarkNodeAdded, ABU: 0
2026-06-26 00:30:58.001: [INFO] BookmarkNodeAdded, ABU: 0
2026-06-26 00:30:58.001: [INFO] BookmarkNodeAdded, ABU: 0
2026-06-26 00:30:58.002: [INFO] BookmarkNodeAdded, ABU: 0
2026-06-26 00:30:58.002: [INFO] BookmarkNodeAdded, ABU: 0
2026-06-26 00:30:58.002: [INFO] BookmarkNodeAdded, ABU: 0
2026-06-26 00:30:58.003: [INFO] BookmarkNodeAdded, ABU: 0
2026-06-26 00:30:58.003: [INFO] BookmarkNodeAdded, ABU: 0
2026-06-26 00:30:58.003: [INFO] BookmarkNodeAdded, ABU: 0
2026-06-26 00:30:58.003: [INFO] BookmarkNodeAdded, ABU: 0
2026-06-26 00:30:58.004: [INFO] BookmarkNodeAdded, ABU: 0
2026-06-26 00:30:58.004: [INFO] BookmarkNodeAdded, ABU: 0
2026-06-26 00:30:58.004: [INFO] BookmarkNodeAdded, ABU: 0
2026-06-26 00:30:58.005: [INFO] BookmarkNodeAdded, ABU: 0
2026-06-26 00:30:58.005: [INFO] BookmarkNodeAdded, ABU: 0
2026-06-26 00:30:58.005: [INFO] BookmarkNodeAdded, ABU: 0
2026-06-26 00:30:58.005: [INFO] BookmarkNodeAdded, ABU: 0
2026-06-26 00:30:58.006: [INFO] BookmarkNodeAdded, ABU: 0
2026-06-26 00:30:58.006: [INFO] BookmarkNodeAdded, ABU: 0
2026-06-26 00:30:58.006: [INFO] BookmarkNodeAdded, ABU: 0
2026-06-26 00:30:58.007: [INFO] BookmarkNodeAdded, ABU: 0
2026-06-26 00:30:58.007: [INFO] BookmarkNodeAdded, ABU: 0
2026-06-26 00:30:58.007: [INFO] BookmarkNodeAdded, ABU: 0
2026-06-26 00:30:58.008: [INFO] BookmarkNodeAdded, ABU: 0
2026-06-26 00:30:58.008: [INFO] BookmarkNodeAdded, ABU: 0
2026-06-26 00:30:58.009: [INFO] BookmarkNodeAdded, ABU: 0
2026-06-26 00:30:58.009: [INFO] BookmarkNodeAdded, ABU: 0
2026-06-26 00:30:58.009: [INFO] BookmarkNodeAdded, ABU: 0
2026-06-26 00:30:58.010: [INFO] BookmarkNodeAdded, ABU: 0
2026-06-26 00:30:58.010: [INFO] BookmarkNodeAdded, ABU: 0
2026-06-26 00:30:58.010: [INFO] BookmarkNodeAdded, ABU: 0
2026-06-26 00:30:58.011: [INFO] BookmarkNodeAdded, ABU: 0
2026-06-26 00:30:58.011: [INFO] BookmarkNodeAdded, ABU: 0
2026-06-26 00:30:58.011: [INFO] BookmarkNodeAdded, ABU: 0
2026-06-26 00:30:58.012: [INFO] BookmarkNodeAdded, ABU: 0
2026-06-26 00:30:58.012: [INFO] BookmarkNodeAdded, ABU: 0
2026-06-26 00:30:58.012: [INFO] BookmarkNodeAdded, ABU: 0
2026-06-26 00:30:58.013: [INFO] BookmarkNodeAdded, ABU: 0
2026-06-26 00:30:58.013: [INFO] BookmarkNodeAdded, ABU: 0
2026-06-26 00:30:58.014: [INFO] BookmarkNodeAdded, ABU: 0
2026-06-26 00:30:58.014: [INFO] BookmarkNodeAdded, ABU: 0
2026-06-26 00:30:58.014: [INFO] BookmarkNodeAdded, ABU: 0
2026-06-26 00:30:58.014: [INFO] BookmarkNodeAdded, ABU: 0
2026-06-26 00:30:58.015: [INFO] BookmarkNodeAdded, ABU: 0
2026-06-26 00:30:58.015: [INFO] BookmarkNodeAdded, ABU: 0
2026-06-26 00:30:58.016: [INFO] BookmarkNodeAdded, ABU: 0
2026-06-26 00:30:58.016: [INFO] BookmarkNodeAdded, ABU: 0
2026-06-26 00:30:58.016: [INFO] BookmarkNodeAdded, ABU: 0
2026-06-26 00:30:58.017: [INFO] BookmarkNodeAdded, ABU: 0
2026-06-26 00:30:58.017: [INFO] BookmarkNodeAdded, ABU: 0
2026-06-26 00:30:58.018: [INFO] BookmarkNodeAdded, ABU: 0
2026-06-26 00:30:58.018: [INFO] BookmarkNodeAdded, ABU: 0
2026-06-26 00:30:58.018: [INFO] BookmarkNodeAdded, ABU: 0
2026-06-26 00:30:58.018: [INFO] BookmarkNodeAdded, ABU: 0
2026-06-26 00:30:58.019: [INFO] BookmarkNodeAdded, ABU: 0
2026-06-26 00:30:58.019: [INFO] BookmarkNodeAdded, ABU: 0
2026-06-26 00:30:58.019: [INFO] BookmarkNodeAdded, ABU: 0
2026-06-26 00:30:58.019: [INFO] BookmarkNodeAdded, ABU: 0
2026-06-26 00:30:58.019: [INFO] BookmarkNodeAdded, ABU: 0
2026-06-26 00:30:58.020: [INFO] BookmarkNodeAdded, ABU: 0
2026-06-26 00:30:58.020: [INFO] BookmarkNodeAdded, ABU: 0
2026-06-26 00:30:58.020: [INFO] BookmarkNodeAdded, ABU: 0
2026-06-26 00:30:58.021: [INFO] BookmarkNodeAdded, ABU: 0
2026-06-26 00:30:58.021: [INFO] BookmarkNodeAdded, ABU: 0
2026-06-26 00:30:58.022: [INFO] BookmarkNodeAdded, ABU: 0
2026-06-26 00:30:58.022: [INFO] BookmarkNodeAdded, ABU: 0
2026-06-26 00:30:58.022: [INFO] BookmarkNodeAdded, ABU: 0
2026-06-26 00:30:58.022: [INFO] BookmarkNodeAdded, ABU: 0
2026-06-26 00:30:58.022: [INFO] BookmarkNodeAdded, ABU: 0
2026-06-26 00:30:58.023: [INFO] BookmarkNodeAdded, ABU: 0
2026-06-26 00:30:58.023: [INFO] BookmarkNodeAdded, ABU: 0
2026-06-26 00:30:58.024: [INFO] BookmarkNodeAdded, ABU: 0
2026-06-26 00:30:58.024: [INFO] BookmarkNodeAdded, ABU: 0
2026-06-26 00:30:58.025: [INFO] BookmarkNodeAdded, ABU: 0
2026-06-26 00:30:58.025: [INFO] BookmarkNodeAdded, ABU: 0
2026-06-26 00:30:58.025: [INFO] BookmarkNodeAdded, ABU: 0
2026-06-26 00:30:58.026: [INFO] BookmarkNodeAdded, ABU: 0
2026-06-26 00:30:58.026: [INFO] BookmarkNodeAdded, ABU: 0
2026-06-26 00:30:58.027: [INFO] BookmarkNodeAdded, ABU: 0
2026-06-26 00:30:58.027: [INFO] BookmarkNodeAdded, ABU: 0
2026-06-26 00:30:58.027: [INFO] BookmarkNodeAdded, ABU: 0
2026-06-26 00:30:58.028: [INFO] BookmarkNodeAdded, ABU: 0
2026-06-26 00:30:58.028: [INFO] BookmarkNodeAdded, ABU: 0
2026-06-26 00:30:58.028: [INFO] BookmarkNodeAdded, ABU: 0
2026-06-26 00:30:58.029: [INFO] BookmarkNodeAdded, ABU: 0
2026-06-26 00:30:58.029: [INFO] BookmarkNodeAdded, ABU: 0
2026-06-26 00:30:58.029: [INFO] BookmarkNodeAdded, ABU: 0
2026-06-26 00:30:58.030: [INFO] BookmarkNodeAdded, ABU: 0
2026-06-26 00:30:58.030: [INFO] BookmarkNodeAdded, ABU: 0
2026-06-26 00:30:58.030: [INFO] BookmarkNodeAdded, ABU: 0
2026-06-26 00:30:58.031: [INFO] BookmarkNodeAdded, ABU: 0
2026-06-26 00:30:58.031: [INFO] BookmarkNodeAdded, ABU: 0
2026-06-26 00:30:58.031: [INFO] BookmarkNodeAdded, ABU: 0
2026-06-26 00:30:58.031: [INFO] BookmarkNodeAdded, ABU: 0
2026-06-26 00:30:58.032: [INFO] BookmarkNodeAdded, ABU: 0
2026-06-26 00:30:58.032: [INFO] BookmarkNodeAdded, ABU: 0
2026-06-26 00:30:58.032: [INFO] BookmarkNodeAdded, ABU: 0
2026-06-26 00:30:58.033: [INFO] BookmarkNodeAdded, ABU: 0
2026-06-26 00:30:58.033: [INFO] BookmarkNodeAdded, ABU: 0
2026-06-26 00:30:58.033: [INFO] BookmarkNodeAdded, ABU: 0
2026-06-26 00:30:58.034: [INFO] BookmarkNodeAdded, ABU: 0
2026-06-26 00:30:58.034: [INFO] BookmarkNodeAdded, ABU: 0
2026-06-26 00:30:58.034: [INFO] BookmarkNodeAdded, ABU: 0
2026-06-26 00:30:58.034: [INFO] BookmarkNodeAdded, ABU: 0
2026-06-26 00:30:58.034: [INFO] BookmarkNodeAdded, ABU: 0
2026-06-26 00:30:58.035: [INFO] BookmarkNodeAdded, ABU: 0
2026-06-26 00:30:58.035: [INFO] BookmarkNodeAdded, ABU: 0
2026-06-26 00:30:58.036: [INFO] BookmarkNodeAdded, ABU: 0
2026-06-26 00:30:58.036: [INFO] BookmarkNodeAdded, ABU: 0
2026-06-26 00:30:58.036: [INFO] BookmarkNodeAdded, ABU: 0
2026-06-26 00:30:58.036: [INFO] BookmarkNodeAdded, ABU: 0
2026-06-26 00:30:58.036: [INFO] BookmarkNodeAdded, ABU: 0
2026-06-26 00:30:58.037: [INFO] BookmarkNodeAdded, ABU: 0
2026-06-26 00:30:58.037: [INFO] BookmarkNodeAdded, ABU: 0
2026-06-26 00:30:58.037: [INFO] BookmarkNodeAdded, ABU: 0
2026-06-26 00:30:58.038: [INFO] BookmarkNodeAdded, ABU: 0
2026-06-26 00:30:58.038: [INFO] BookmarkNodeAdded, ABU: 0
2026-06-26 00:30:58.038: [INFO] BookmarkNodeAdded, ABU: 0
2026-06-26 00:30:58.038: [INFO] BookmarkNodeAdded, ABU: 0
2026-06-26 00:30:58.039: [INFO] BookmarkNodeAdded, ABU: 0
2026-06-26 00:30:58.039: [INFO] BookmarkNodeAdded, ABU: 0
2026-06-26 00:30:58.039: [INFO] BookmarkNodeAdded, ABU: 0
2026-06-26 00:30:58.040: [INFO] BookmarkNodeAdded, ABU: 0
2026-06-26 00:30:58.040: [INFO] BookmarkNodeAdded, ABU: 0
2026-06-26 00:30:58.041: [INFO] BookmarkNodeAdded, ABU: 0
2026-06-26 00:30:58.041: [INFO] BookmarkNodeAdded, ABU: 0
2026-06-26 00:30:58.041: [INFO] BookmarkNodeAdded, ABU: 0
2026-06-26 00:30:58.042: [INFO] BookmarkNodeAdded, ABU: 0
2026-06-26 00:30:58.042: [INFO] BookmarkNodeAdded, ABU: 0
2026-06-26 00:30:58.042: [INFO] BookmarkNodeAdded, ABU: 0
2026-06-26 00:30:58.043: [INFO] BookmarkNodeAdded, ABU: 0
2026-06-26 00:30:58.043: [INFO] BookmarkNodeAdded, ABU: 0
2026-06-26 00:30:58.043: [INFO] BookmarkNodeAdded, ABU: 0
2026-06-26 00:30:58.044: [INFO] BookmarkNodeAdded, ABU: 0
2026-06-26 00:30:58.044: [INFO] BookmarkNodeAdded, ABU: 0
2026-06-26 00:30:58.044: [INFO] BookmarkNodeAdded, ABU: 0
2026-06-26 00:30:58.045: [INFO] BookmarkNodeAdded, ABU: 0
2026-06-26 00:30:58.045: [INFO] BookmarkNodeAdded, ABU: 0
2026-06-26 00:30:58.046: [INFO] BookmarkNodeAdded, ABU: 0
2026-06-26 00:30:58.046: [INFO] BookmarkNodeAdded, ABU: 0
2026-06-26 00:30:58.046: [INFO] BookmarkNodeAdded, ABU: 0
2026-06-26 00:30:58.046: [INFO] BookmarkNodeAdded, ABU: 0
2026-06-26 00:30:58.047: [INFO] BookmarkNodeAdded, ABU: 0
2026-06-26 00:30:58.047: [INFO] BookmarkNodeAdded, ABU: 0
2026-06-26 00:30:58.048: [INFO] BookmarkNodeAdded, ABU: 0
2026-06-26 00:30:58.048: [INFO] BookmarkNodeAdded, ABU: 0
2026-06-26 00:30:58.048: [INFO] BookmarkNodeAdded, ABU: 0
2026-06-26 00:30:58.048: [INFO] BookmarkNodeAdded, ABU: 0
2026-06-26 00:30:58.048: [INFO] BookmarkNodeAdded, ABU: 0
2026-06-26 00:30:58.049: [INFO] BookmarkNodeAdded, ABU: 0
2026-06-26 00:30:58.049: [INFO] BookmarkNodeAdded, ABU: 0
2026-06-26 00:30:58.049: [INFO] BookmarkNodeAdded, ABU: 0
2026-06-26 00:30:58.050: [INFO] BookmarkNodeAdded, ABU: 0
2026-06-26 00:30:58.050: [INFO] BookmarkNodeAdded, ABU: 0
2026-06-26 00:30:58.050: [INFO] BookmarkNodeAdded, ABU: 0
2026-06-26 00:30:58.051: [INFO] BookmarkNodeAdded, ABU: 0
2026-06-26 00:30:58.051: [INFO] BookmarkNodeAdded, ABU: 0
2026-06-26 00:30:58.051: [INFO] BookmarkNodeAdded, ABU: 0
2026-06-26 00:30:58.052: [INFO] BookmarkNodeAdded, ABU: 0
2026-06-26 00:30:58.052: [INFO] BookmarkNodeAdded, ABU: 0
2026-06-26 00:30:58.052: [INFO] BookmarkNodeAdded, ABU: 0
2026-06-26 00:30:58.053: [INFO] BookmarkNodeAdded, ABU: 0
2026-06-26 00:30:58.053: [INFO] BookmarkNodeAdded, ABU: 0
2026-06-26 00:30:58.054: [INFO] BookmarkNodeAdded, ABU: 0
2026-06-26 00:30:58.054: [INFO] BookmarkNodeAdded, ABU: 0
2026-06-26 00:30:58.054: [INFO] BookmarkNodeAdded, ABU: 0
2026-06-26 00:30:58.055: [INFO] BookmarkNodeAdded, ABU: 0
2026-06-26 00:30:58.055: [INFO] BookmarkNodeAdded, ABU: 0
2026-06-26 00:30:58.055: [INFO] BookmarkNodeAdded, ABU: 0
2026-06-26 00:30:58.056: [INFO] BookmarkNodeAdded, ABU: 0
2026-06-26 00:30:58.056: [INFO] BookmarkNodeAdded, ABU: 0
2026-06-26 00:30:58.056: [INFO] BookmarkNodeAdded, ABU: 0
2026-06-26 00:30:58.057: [INFO] BookmarkNodeAdded, ABU: 0
2026-06-26 00:30:58.057: [INFO] BookmarkNodeAdded, ABU: 0
2026-06-26 00:30:58.058: [INFO] BookmarkNodeAdded, ABU: 0
2026-06-26 00:30:58.058: [INFO] BookmarkNodeAdded, ABU: 0
2026-06-26 00:30:58.058: [INFO] BookmarkNodeAdded, ABU: 0
2026-06-26 00:30:58.059: [INFO] BookmarkNodeAdded, ABU: 0
2026-06-26 00:30:58.059: [INFO] BookmarkNodeAdded, ABU: 0
2026-06-26 00:30:58.059: [INFO] BookmarkNodeAdded, ABU: 0
2026-06-26 00:30:58.059: [INFO] BookmarkNodeAdded, ABU: 0
2026-06-26 00:30:58.060: [INFO] BookmarkNodeAdded, ABU: 0
2026-06-26 00:30:58.060: [INFO] BookmarkNodeAdded, ABU: 0
2026-06-26 00:30:58.060: [INFO] BookmarkNodeAdded, ABU: 0
2026-06-26 00:30:58.061: [INFO] BookmarkNodeAdded, ABU: 0
2026-06-26 00:30:58.061: [INFO] BookmarkNodeAdded, ABU: 0
2026-06-26 00:30:58.061: [INFO] BookmarkNodeAdded, ABU: 0
2026-06-26 00:30:58.062: [INFO] BookmarkNodeAdded, ABU: 0
2026-06-26 00:30:58.062: [INFO] BookmarkNodeAdded, ABU: 0
2026-06-26 00:30:58.062: [INFO] BookmarkNodeAdded, ABU: 0
2026-06-26 00:30:58.062: [INFO] BookmarkNodeAdded, ABU: 0
2026-06-26 00:30:58.062: [INFO] BookmarkNodeAdded, ABU: 0
2026-06-26 00:30:58.063: [INFO] BookmarkNodeAdded, ABU: 0
2026-06-26 00:30:58.063: [INFO] BookmarkNodeAdded, ABU: 0
2026-06-26 00:30:58.063: [INFO] BookmarkNodeAdded, ABU: 0
2026-06-26 00:30:58.064: [INFO] BookmarkNodeAdded, ABU: 0
2026-06-26 00:30:58.064: [INFO] BookmarkNodeAdded, ABU: 0
2026-06-26 00:30:58.065: [INFO] BookmarkNodeAdded, ABU: 0
2026-06-26 00:30:58.065: [INFO] BookmarkNodeAdded, ABU: 0
2026-06-26 00:30:58.065: [INFO] BookmarkNodeAdded, ABU: 0
2026-06-26 00:30:58.065: [INFO] BookmarkNodeAdded, ABU: 0
2026-06-26 00:30:58.065: [INFO] BookmarkNodeAdded, ABU: 0
2026-06-26 00:30:58.066: [INFO] BookmarkNodeAdded, ABU: 0
2026-06-26 00:30:58.066: [INFO] BookmarkNodeAdded, ABU: 0
2026-06-26 00:30:58.066: [INFO] BookmarkNodeAdded, ABU: 0
2026-06-26 00:30:58.067: [INFO] BookmarkNodeAdded, ABU: 0
2026-06-26 00:30:58.067: [INFO] BookmarkNodeAdded, ABU: 0
2026-06-26 00:30:58.067: [INFO] BookmarkNodeAdded, ABU: 0
2026-06-26 00:30:58.068: [INFO] BookmarkNodeAdded, ABU: 0
2026-06-26 00:30:58.068: [INFO] BookmarkNodeAdded, ABU: 0
2026-06-26 00:30:58.069: [INFO] BookmarkNodeAdded, ABU: 0
2026-06-26 00:30:58.069: [INFO] BookmarkNodeAdded, ABU: 0
2026-06-26 00:30:58.069: [INFO] BookmarkNodeAdded, ABU: 0
2026-06-26 00:30:58.069: [INFO] BookmarkNodeAdded, ABU: 0
2026-06-26 00:30:58.070: [INFO] BookmarkNodeAdded, ABU: 0
2026-06-26 00:30:58.070: [INFO] BookmarkNodeAdded, ABU: 0
2026-06-26 00:30:58.070: [INFO] BookmarkNodeAdded, ABU: 0
2026-06-26 00:30:58.071: [INFO] BookmarkNodeAdded, ABU: 0
2026-06-26 00:30:58.071: [INFO] BookmarkNodeAdded, ABU: 0
2026-06-26 00:30:58.071: [INFO] BookmarkNodeAdded, ABU: 0
2026-06-26 00:30:58.072: [INFO] BookmarkNodeAdded, ABU: 0
2026-06-26 00:30:58.072: [INFO] BookmarkNodeAdded, ABU: 0
2026-06-26 00:30:58.072: [INFO] BookmarkNodeAdded, ABU: 0
2026-06-26 00:30:58.073: [INFO] BookmarkNodeAdded, ABU: 0
2026-06-26 00:30:58.073: [INFO] BookmarkNodeAdded, ABU: 0
2026-06-26 00:30:58.073: [INFO] BookmarkNodeAdded, ABU: 0
2026-06-26 00:30:58.074: [INFO] BookmarkNodeAdded, ABU: 0
2026-06-26 00:30:58.074: [INFO] BookmarkNodeAdded, ABU: 0
2026-06-26 00:30:58.074: [INFO] BookmarkNodeAdded, ABU: 0
2026-06-26 00:30:58.075: [INFO] BookmarkNodeAdded, ABU: 0
2026-06-26 00:30:58.075: [INFO] BookmarkNodeAdded, ABU: 0
2026-06-26 00:30:58.075: [INFO] BookmarkNodeAdded, ABU: 0
2026-06-26 00:30:58.076: [INFO] BookmarkNodeAdded, ABU: 0
2026-06-26 00:30:58.076: [INFO] BookmarkNodeAdded, ABU: 0
2026-06-26 00:30:58.077: [INFO] BookmarkNodeAdded, ABU: 0
2026-06-26 00:30:58.078: [INFO] BookmarkNodeAdded, ABU: 0
2026-06-26 00:30:58.079: [INFO] BookmarkNodeAdded, ABU: 0
2026-06-26 00:30:58.079: [INFO] BookmarkNodeAdded, ABU: 0
2026-06-26 00:30:58.079: [INFO] BookmarkNodeAdded, ABU: 0
2026-06-26 00:30:58.080: [INFO] BookmarkNodeAdded, ABU: 0
2026-06-26 00:30:58.080: [INFO] BookmarkNodeAdded, ABU: 0
2026-06-26 00:30:58.080: [INFO] BookmarkNodeAdded, ABU: 0
2026-06-26 00:30:58.081: [INFO] BookmarkNodeAdded, ABU: 0
2026-06-26 00:30:58.081: [INFO] BookmarkNodeAdded, ABU: 0
2026-06-26 00:30:58.081: [INFO] BookmarkNodeAdded, ABU: 0
2026-06-26 00:30:58.082: [INFO] BookmarkNodeAdded, ABU: 0
2026-06-26 00:30:58.082: [INFO] BookmarkNodeAdded, ABU: 0
2026-06-26 00:30:58.082: [INFO] BookmarkNodeAdded, ABU: 0
2026-06-26 00:30:58.083: [INFO] BookmarkNodeAdded, ABU: 0
2026-06-26 00:30:58.083: [INFO] BookmarkNodeAdded, ABU: 0
2026-06-26 00:30:58.084: [INFO] BookmarkNodeAdded, ABU: 0
2026-06-26 00:30:58.084: [INFO] BookmarkNodeAdded, ABU: 0
2026-06-26 00:30:58.084: [INFO] BookmarkNodeAdded, ABU: 0
2026-06-26 00:30:58.085: [INFO] BookmarkNodeAdded, ABU: 0
2026-06-26 00:30:58.085: [INFO] BookmarkNodeAdded, ABU: 0
2026-06-26 00:30:58.085: [INFO] BookmarkNodeAdded, ABU: 0
2026-06-26 00:30:58.086: [INFO] BookmarkNodeAdded, ABU: 0
2026-06-26 00:30:58.086: [INFO] BookmarkNodeAdded, ABU: 0
2026-06-26 00:30:58.086: [INFO] BookmarkNodeAdded, ABU: 0
2026-06-26 00:30:58.087: [INFO] BookmarkNodeAdded, ABU: 0
2026-06-26 00:30:58.087: [INFO] BookmarkNodeAdded, ABU: 0
2026-06-26 00:30:58.087: [INFO] BookmarkNodeAdded, ABU: 0
2026-06-26 00:30:58.088: [INFO] BookmarkNodeAdded, ABU: 0
2026-06-26 00:30:58.088: [INFO] BookmarkNodeAdded, ABU: 0
2026-06-26 00:30:58.089: [INFO] BookmarkNodeAdded, ABU: 0
2026-06-26 00:30:58.089: [INFO] BookmarkNodeAdded, ABU: 0
2026-06-26 00:30:58.089: [INFO] BookmarkNodeAdded, ABU: 0
2026-06-26 00:30:58.090: [INFO] BookmarkNodeAdded, ABU: 0
2026-06-26 00:30:58.090: [INFO] BookmarkNodeAdded, ABU: 0
2026-06-26 00:30:58.090: [INFO] BookmarkNodeAdded, ABU: 0
2026-06-26 00:30:58.091: [INFO] BookmarkNodeAdded, ABU: 0
2026-06-26 00:30:58.091: [INFO] BookmarkNodeAdded, ABU: 0
2026-06-26 00:30:58.092: [INFO] BookmarkNodeAdded, ABU: 0
2026-06-26 00:30:58.092: [INFO] BookmarkNodeAdded, ABU: 0
2026-06-26 00:30:58.093: [INFO] BookmarkNodeAdded, ABU: 0
2026-06-26 00:30:58.093: [INFO] BookmarkNodeAdded, ABU: 0
2026-06-26 00:30:58.093: [INFO] BookmarkNodeAdded, ABU: 0
2026-06-26 00:30:58.094: [INFO] BookmarkNodeAdded, ABU: 0
2026-06-26 00:30:58.094: [INFO] BookmarkNodeAdded, ABU: 0
2026-06-26 00:30:58.094: [INFO] BookmarkNodeAdded, ABU: 0
2026-06-26 00:30:58.094: [INFO] BookmarkNodeAdded, ABU: 0
2026-06-26 00:30:58.095: [INFO] BookmarkNodeAdded, ABU: 0
2026-06-26 00:30:58.095: [INFO] BookmarkNodeAdded, ABU: 0
2026-06-26 00:30:58.095: [INFO] BookmarkNodeAdded, ABU: 0
2026-06-26 00:30:58.096: [INFO] BookmarkNodeAdded, ABU: 0
2026-06-26 00:30:58.096: [INFO] BookmarkNodeAdded, ABU: 0
2026-06-26 00:30:58.096: [INFO] BookmarkNodeAdded, ABU: 0
2026-06-26 00:30:58.097: [INFO] BookmarkNodeAdded, ABU: 0
2026-06-26 00:30:58.097: [INFO] BookmarkNodeAdded, ABU: 0
2026-06-26 00:30:58.097: [INFO] BookmarkNodeAdded, ABU: 0
2026-06-26 00:30:58.098: [INFO] BookmarkNodeAdded, ABU: 0
2026-06-26 00:30:58.098: [INFO] BookmarkNodeAdded, ABU: 0
2026-06-26 00:30:58.098: [INFO] BookmarkNodeAdded, ABU: 0
2026-06-26 00:30:58.098: [INFO] BookmarkNodeAdded, ABU: 0
2026-06-26 00:30:58.099: [INFO] BookmarkNodeAdded, ABU: 0
2026-06-26 00:30:58.099: [INFO] BookmarkNodeAdded, ABU: 0
2026-06-26 00:30:58.099: [INFO] BookmarkNodeAdded, ABU: 0
2026-06-26 00:30:58.100: [INFO] BookmarkNodeAdded, ABU: 0
2026-06-26 00:30:58.100: [INFO] BookmarkNodeAdded, ABU: 0
2026-06-26 00:30:58.100: [INFO] BookmarkNodeAdded, ABU: 0
2026-06-26 00:30:58.101: [INFO] BookmarkNodeAdded, ABU: 0
2026-06-26 00:30:58.101: [INFO] BookmarkNodeAdded, ABU: 0
2026-06-26 00:30:58.101: [INFO] BookmarkNodeAdded, ABU: 0
2026-06-26 00:30:58.102: [INFO] BookmarkNodeAdded, ABU: 0
2026-06-26 00:30:58.102: [INFO] BookmarkNodeAdded, ABU: 0
2026-06-26 00:30:58.103: [INFO] BookmarkNodeAdded, ABU: 0
2026-06-26 00:30:58.103: [INFO] BookmarkNodeAdded, ABU: 0
2026-06-26 00:30:58.103: [INFO] BookmarkNodeAdded, ABU: 0
2026-06-26 00:30:58.104: [INFO] BookmarkNodeAdded, ABU: 0
2026-06-26 00:30:58.104: [INFO] BookmarkNodeAdded, ABU: 0
2026-06-26 00:30:58.104: [INFO] BookmarkNodeAdded, ABU: 0
2026-06-26 00:30:58.105: [INFO] BookmarkNodeAdded, ABU: 0
2026-06-26 00:30:58.105: [INFO] BookmarkNodeAdded, ABU: 0
2026-06-26 00:30:58.105: [INFO] BookmarkNodeAdded, ABU: 0
2026-06-26 00:30:58.106: [INFO] BookmarkNodeAdded, ABU: 0
2026-06-26 00:30:58.106: [INFO] BookmarkNodeAdded, ABU: 0
2026-06-26 00:30:58.107: [INFO] BookmarkNodeAdded, ABU: 0
2026-06-26 00:30:58.107: [INFO] BookmarkNodeAdded, ABU: 0
2026-06-26 00:30:58.107: [INFO] BookmarkNodeAdded, ABU: 0
2026-06-26 00:30:58.108: [INFO] BookmarkNodeAdded, ABU: 0
2026-06-26 00:30:58.108: [INFO] BookmarkNodeAdded, ABU: 0
2026-06-26 00:30:58.109: [INFO] BookmarkNodeAdded, ABU: 0
2026-06-26 00:30:58.109: [INFO] BookmarkNodeAdded, ABU: 0
2026-06-26 00:30:58.109: [INFO] BookmarkNodeAdded, ABU: 0
2026-06-26 00:30:58.110: [INFO] BookmarkNodeAdded, ABU: 0
2026-06-26 00:30:58.110: [INFO] BookmarkNodeAdded, ABU: 0
2026-06-26 00:30:58.110: [INFO] BookmarkNodeAdded, ABU: 0
2026-06-26 00:30:58.111: [INFO] BookmarkNodeAdded, ABU: 0
2026-06-26 00:30:58.111: [INFO] BookmarkNodeAdded, ABU: 0
2026-06-26 00:30:58.111: [INFO] BookmarkNodeAdded, ABU: 0
2026-06-26 00:30:58.112: [INFO] BookmarkNodeAdded, ABU: 0
2026-06-26 00:30:58.112: [INFO] BookmarkNodeAdded, ABU: 0
2026-06-26 00:30:58.112: [INFO] BookmarkNodeAdded, ABU: 0
2026-06-26 00:30:58.112: [INFO] BookmarkNodeAdded, ABU: 0
2026-06-26 00:30:58.112: [INFO] BookmarkNodeAdded, ABU: 0
2026-06-26 00:30:58.113: [INFO] BookmarkNodeAdded, ABU: 0
2026-06-26 00:30:58.113: [INFO] BookmarkNodeAdded, ABU: 0
2026-06-26 00:30:58.114: [INFO] BookmarkNodeAdded, ABU: 0
2026-06-26 00:30:58.114: [INFO] BookmarkNodeAdded, ABU: 0
2026-06-26 00:30:58.114: [INFO] BookmarkNodeAdded, ABU: 0
2026-06-26 00:30:58.114: [INFO] BookmarkNodeAdded, ABU: 0
2026-06-26 00:30:58.115: [INFO] BookmarkNodeAdded, ABU: 0
2026-06-26 00:30:58.115: [INFO] BookmarkNodeAdded, ABU: 0
2026-06-26 00:30:58.116: [INFO] BookmarkNodeAdded, ABU: 0
2026-06-26 00:30:58.116: [INFO] BookmarkNodeAdded, ABU: 0
2026-06-26 00:30:58.116: [INFO] BookmarkNodeAdded, ABU: 0
2026-06-26 00:30:58.117: [INFO] BookmarkNodeAdded, ABU: 0
2026-06-26 00:30:58.117: [INFO] BookmarkNodeAdded, ABU: 0
2026-06-26 00:30:58.117: [INFO] BookmarkNodeAdded, ABU: 0
2026-06-26 00:30:58.117: [INFO] BookmarkNodeAdded, ABU: 0
2026-06-26 00:30:58.118: [INFO] BookmarkNodeAdded, ABU: 0
2026-06-26 00:30:58.118: [INFO] BookmarkNodeAdded, ABU: 0
2026-06-26 00:30:58.119: [INFO] BookmarkNodeAdded, ABU: 0
2026-06-26 00:30:58.119: [INFO] BookmarkNodeAdded, ABU: 0
2026-06-26 00:30:58.119: [INFO] BookmarkNodeAdded, ABU: 0
2026-06-26 00:30:58.120: [INFO] BookmarkNodeAdded, ABU: 0
2026-06-26 00:30:58.120: [INFO] BookmarkNodeAdded, ABU: 0
2026-06-26 00:30:58.120: [INFO] BookmarkNodeAdded, ABU: 0
2026-06-26 00:30:58.121: [INFO] BookmarkNodeAdded, ABU: 0
2026-06-26 00:30:58.121: [INFO] BookmarkNodeAdded, ABU: 0
2026-06-26 00:30:58.121: [INFO] BookmarkNodeAdded, ABU: 0
2026-06-26 00:30:58.122: [INFO] BookmarkNodeAdded, ABU: 0
2026-06-26 00:30:58.122: [INFO] BookmarkNodeAdded, ABU: 0
2026-06-26 00:30:58.122: [INFO] BookmarkNodeAdded, ABU: 0
2026-06-26 00:30:58.123: [INFO] BookmarkNodeAdded, ABU: 0
2026-06-26 00:30:58.123: [INFO] BookmarkNodeAdded, ABU: 0
2026-06-26 00:30:58.124: [INFO] BookmarkNodeAdded, ABU: 0
2026-06-26 00:30:58.124: [INFO] BookmarkNodeAdded, ABU: 0
2026-06-26 00:30:58.124: [INFO] BookmarkNodeAdded, ABU: 0
2026-06-26 00:30:58.125: [INFO] BookmarkNodeAdded, ABU: 0
2026-06-26 00:30:58.125: [INFO] BookmarkNodeAdded, ABU: 0
2026-06-26 00:30:58.125: [INFO] BookmarkNodeAdded, ABU: 0
2026-06-26 00:30:58.126: [INFO] BookmarkNodeAdded, ABU: 0
2026-06-26 00:30:58.126: [INFO] BookmarkNodeAdded, ABU: 0
2026-06-26 00:30:58.127: [INFO] BookmarkNodeAdded, ABU: 0
2026-06-26 00:30:58.127: [INFO] BookmarkNodeAdded, ABU: 0
2026-06-26 00:30:58.127: [INFO] BookmarkNodeAdded, ABU: 0
2026-06-26 00:30:58.128: [INFO] BookmarkNodeAdded, ABU: 0
2026-06-26 00:30:58.128: [INFO] BookmarkNodeAdded, ABU: 0
2026-06-26 00:30:58.128: [INFO] BookmarkNodeAdded, ABU: 0
2026-06-26 00:30:58.129: [INFO] BookmarkNodeAdded, ABU: 0
2026-06-26 00:30:58.129: [INFO] BookmarkNodeAdded, ABU: 0
2026-06-26 00:30:58.129: [INFO] BookmarkNodeAdded, ABU: 0
2026-06-26 00:30:58.130: [INFO] BookmarkNodeAdded, ABU: 0
2026-06-26 00:30:58.130: [INFO] BookmarkNodeAdded, ABU: 0
2026-06-26 00:30:58.131: [INFO] BookmarkNodeAdded, ABU: 0
2026-06-26 00:30:58.131: [INFO] BookmarkNodeAdded, ABU: 0
2026-06-26 00:30:58.131: [INFO] BookmarkNodeAdded, ABU: 0
2026-06-26 00:30:58.132: [INFO] BookmarkNodeAdded, ABU: 0
2026-06-26 00:30:58.132: [INFO] BookmarkNodeAdded, ABU: 0
2026-06-26 00:30:58.132: [INFO] BookmarkNodeAdded, ABU: 0
2026-06-26 00:30:58.132: [INFO] BookmarkNodeAdded, ABU: 0
2026-06-26 00:30:58.132: [INFO] BookmarkNodeAdded, ABU: 0
2026-06-26 00:30:58.133: [INFO] BookmarkNodeAdded, ABU: 0
2026-06-26 00:30:58.133: [INFO] BookmarkNodeAdded, ABU: 0
2026-06-26 00:30:58.134: [INFO] BookmarkNodeAdded, ABU: 0
2026-06-26 00:30:58.134: [INFO] BookmarkNodeAdded, ABU: 0
2026-06-26 00:30:58.134: [INFO] BookmarkNodeAdded, ABU: 0
2026-06-26 00:30:58.134: [INFO] BookmarkNodeAdded, ABU: 0
2026-06-26 00:30:58.135: [INFO] BookmarkNodeAdded, ABU: 0
2026-06-26 00:30:58.135: [INFO] BookmarkNodeAdded, ABU: 0
2026-06-26 00:30:58.135: [INFO] BookmarkNodeAdded, ABU: 0
2026-06-26 00:30:58.136: [INFO] BookmarkNodeAdded, ABU: 0
2026-06-26 00:30:58.136: [INFO] BookmarkNodeAdded, ABU: 0
2026-06-26 00:30:58.136: [INFO] BookmarkNodeAdded, ABU: 0
2026-06-26 00:30:58.137: [INFO] BookmarkNodeAdded, ABU: 0
2026-06-26 00:30:58.137: [INFO] BookmarkNodeAdded, ABU: 0
2026-06-26 00:30:58.137: [INFO] BookmarkNodeAdded, ABU: 0
2026-06-26 00:30:58.138: [INFO] BookmarkNodeAdded, ABU: 0
2026-06-26 00:30:58.138: [INFO] BookmarkNodeAdded, ABU: 0
2026-06-26 00:30:58.138: [INFO] BookmarkNodeAdded, ABU: 0
2026-06-26 00:30:58.138: [INFO] BookmarkNodeAdded, ABU: 0
2026-06-26 00:30:58.139: [INFO] BookmarkNodeAdded, ABU: 0
2026-06-26 00:30:58.139: [INFO] BookmarkNodeAdded, ABU: 0
2026-06-26 00:30:58.139: [INFO] BookmarkNodeAdded, ABU: 0
2026-06-26 00:30:58.139: [INFO] BookmarkNodeAdded, ABU: 0
2026-06-26 00:30:58.140: [INFO] BookmarkNodeAdded, ABU: 0
2026-06-26 00:30:58.140: [INFO] BookmarkNodeAdded, ABU: 0
2026-06-26 00:30:58.141: [INFO] BookmarkNodeAdded, ABU: 0
2026-06-26 00:30:58.141: [INFO] BookmarkNodeAdded, ABU: 0
2026-06-26 00:30:58.141: [INFO] BookmarkNodeAdded, ABU: 0
2026-06-26 00:30:58.142: [INFO] BookmarkNodeAdded, ABU: 0
2026-06-26 00:30:58.142: [INFO] BookmarkNodeAdded, ABU: 0
2026-06-26 00:30:58.142: [INFO] BookmarkNodeAdded, ABU: 0
2026-06-26 00:30:58.142: [INFO] BookmarkNodeAdded, ABU: 0
2026-06-26 00:30:58.143: [INFO] BookmarkNodeAdded, ABU: 0
2026-06-26 00:30:58.143: [INFO] BookmarkNodeAdded, ABU: 0
2026-06-26 00:30:58.143: [INFO] BookmarkNodeAdded, ABU: 0
2026-06-26 00:30:58.143: [INFO] BookmarkNodeAdded, ABU: 0
2026-06-26 00:30:58.144: [INFO] BookmarkNodeAdded, ABU: 0
2026-06-26 00:30:58.144: [INFO] BookmarkNodeAdded, ABU: 0
2026-06-26 00:30:58.145: [INFO] BookmarkNodeAdded, ABU: 0
2026-06-26 00:30:58.145: [INFO] BookmarkNodeAdded, ABU: 0
2026-06-26 00:30:58.146: [INFO] BookmarkNodeAdded, ABU: 0
2026-06-26 00:30:58.146: [INFO] BookmarkNodeAdded, ABU: 0
2026-06-26 00:30:58.146: [INFO] BookmarkNodeAdded, ABU: 0
2026-06-26 00:30:58.147: [INFO] BookmarkNodeAdded, ABU: 0
2026-06-26 00:30:58.147: [INFO] BookmarkNodeAdded, ABU: 0
2026-06-26 00:30:58.147: [INFO] BookmarkNodeAdded, ABU: 0
2026-06-26 00:30:58.148: [INFO] BookmarkNodeAdded, ABU: 0
2026-06-26 00:30:58.148: [INFO] BookmarkNodeAdded, ABU: 0
2026-06-26 00:31:02.740: [INFO] Sync initialization duration: 10599ms
