2026-06-26 00:29:32.353: [INFO] VisibilityChanged: 0
2026-06-26 00:29:32.360: [INFO] RecordSyncInitDuration has_sync_been_enabled: 0 state: 0
2026-06-26 00:29:32.361: [INFO] RecordSyncInitDuration has_sync_been_enabled: 0 state: 0
2026-06-26 00:29:32.361: [INFO] RecordSyncInitDuration has_sync_been_enabled: 0 state: 0
2026-06-26 00:29:32.361: [INFO] RecordSyncInitDuration has_sync_been_enabled: 0 state: 0
2026-06-26 00:29:32.362: [INFO] RecordSyncInitDuration has_sync_been_enabled: 0 state: 0
2026-06-26 00:29:32.362: [INFO] RecordSyncInitDuration has_sync_been_enabled: 0 state: 0
2026-06-26 00:29:32.362: [INFO] RecordSyncInitDuration has_sync_been_enabled: 0 state: 0
2026-06-26 00:29:32.363: [INFO] RecordSyncInitDuration has_sync_been_enabled: 0 state: 0
2026-06-26 00:29:32.363: [INFO] RecordSyncInitDuration has_sync_been_enabled: 0 state: 0
2026-06-26 00:29:32.363: [INFO] RecordSyncInitDuration has_sync_been_enabled: 0 state: 0
2026-06-26 00:29:32.364: [INFO] RecordSyncInitDuration has_sync_been_enabled: 0 state: 0
2026-06-26 00:29:32.371: [INFO] BookmarkModelLoaded, ids_reassigned: 0
2026-06-26 00:29:32.371: [INFO] OnDoneLoading sync enabled: 0
2026-06-26 00:29:33.516: [INFO] RecordSyncInitDuration has_sync_been_enabled: 0 state: 0
2026-06-26 00:29:34.916: [INFO] RecordSyncInitDuration has_sync_been_enabled: 0 state: 0
2026-06-26 00:29:34.921: [INFO] RecordSyncInitDuration has_sync_been_enabled: 0 state: 3
2026-06-26 00:29:34.923: [INFO] Primary account changed.
2026-06-26 00:29:34.923: [INFO] OnPrimaryAccountChanged PrimaryAccountChangeEvent::Type::kSet
2026-06-26 00:29:34.926: [INFO] RecordSyncInitDuration has_sync_been_enabled: 0 state: 3
2026-06-26 00:29:34.942: [INFO] RecordSyncInitDuration has_sync_been_enabled: 0 state: 3
2026-06-26 00:29:40.063: [INFO] VisibilityChanged: 1
2026-06-26 00:29:41.635: [INFO] BookmarkNodeAdded, ABU: 0
2026-06-26 00:29:41.636: [INFO] BookmarkNodeAdded, ABU: 0
2026-06-26 00:29:41.637: [INFO] BookmarkNodeAdded, ABU: 0
2026-06-26 00:29:41.637: [INFO] BookmarkNodeAdded, ABU: 0
2026-06-26 00:29:41.638: [INFO] BookmarkNodeAdded, ABU: 0
2026-06-26 00:29:41.638: [INFO] BookmarkNodeAdded, ABU: 0
2026-06-26 00:29:41.639: [INFO] BookmarkNodeAdded, ABU: 0
2026-06-26 00:29:41.639: [INFO] BookmarkNodeAdded, ABU: 0
2026-06-26 00:29:41.640: [INFO] BookmarkNodeAdded, ABU: 0
2026-06-26 00:29:41.640: [INFO] BookmarkNodeAdded, ABU: 0
2026-06-26 00:29:41.640: [INFO] BookmarkNodeAdded, ABU: 0
2026-06-26 00:29:41.641: [INFO] BookmarkNodeAdded, ABU: 0
2026-06-26 00:29:41.641: [INFO] BookmarkNodeAdded, ABU: 0
2026-06-26 00:29:41.642: [INFO] BookmarkNodeAdded, ABU: 0
2026-06-26 00:29:41.642: [INFO] BookmarkNodeAdded, ABU: 0
2026-06-26 00:29:41.642: [INFO] BookmarkNodeAdded, ABU: 0
2026-06-26 00:29:41.643: [INFO] BookmarkNodeAdded, ABU: 0
2026-06-26 00:29:41.643: [INFO] BookmarkNodeAdded, ABU: 0
2026-06-26 00:29:41.643: [INFO] BookmarkNodeAdded, ABU: 0
2026-06-26 00:29:41.644: [INFO] BookmarkNodeAdded, ABU: 0
2026-06-26 00:29:41.644: [INFO] BookmarkNodeAdded, ABU: 0
2026-06-26 00:29:41.644: [INFO] BookmarkNodeAdded, ABU: 0
2026-06-26 00:29:41.645: [INFO] BookmarkNodeAdded, ABU: 0
2026-06-26 00:29:41.645: [INFO] BookmarkNodeAdded, ABU: 0
2026-06-26 00:29:41.645: [INFO] BookmarkNodeAdded, ABU: 0
2026-06-26 00:29:41.646: [INFO] BookmarkNodeAdded, ABU: 0
2026-06-26 00:29:41.646: [INFO] BookmarkNodeAdded, ABU: 0
2026-06-26 00:29:41.647: [INFO] BookmarkNodeAdded, ABU: 0
2026-06-26 00:29:41.647: [INFO] BookmarkNodeAdded, ABU: 0
2026-06-26 00:29:41.647: [INFO] BookmarkNodeAdded, ABU: 0
2026-06-26 00:29:41.648: [INFO] BookmarkNodeAdded, ABU: 0
2026-06-26 00:29:41.648: [INFO] BookmarkNodeAdded, ABU: 0
2026-06-26 00:29:41.649: [INFO] BookmarkNodeAdded, ABU: 0
2026-06-26 00:29:41.649: [INFO] BookmarkNodeAdded, ABU: 0
2026-06-26 00:29:41.650: [INFO] BookmarkNodeAdded, ABU: 0
2026-06-26 00:29:41.650: [INFO] BookmarkNodeAdded, ABU: 0
2026-06-26 00:29:41.651: [INFO] BookmarkNodeAdded, ABU: 0
2026-06-26 00:29:41.652: [INFO] BookmarkNodeAdded, ABU: 0
2026-06-26 00:29:41.652: [INFO] BookmarkNodeAdded, ABU: 0
2026-06-26 00:29:41.653: [INFO] BookmarkNodeAdded, ABU: 0
2026-06-26 00:29:41.654: [INFO] BookmarkNodeAdded, ABU: 0
2026-06-26 00:29:41.654: [INFO] BookmarkNodeAdded, ABU: 0
2026-06-26 00:29:41.654: [INFO] BookmarkNodeAdded, ABU: 0
2026-06-26 00:29:41.655: [INFO] BookmarkNodeAdded, ABU: 0
2026-06-26 00:29:41.655: [INFO] BookmarkNodeAdded, ABU: 0
2026-06-26 00:29:41.656: [INFO] BookmarkNodeAdded, ABU: 0
2026-06-26 00:29:41.656: [INFO] BookmarkNodeAdded, ABU: 0
2026-06-26 00:29:41.656: [INFO] BookmarkNodeAdded, ABU: 0
2026-06-26 00:29:41.657: [INFO] BookmarkNodeAdded, ABU: 0
2026-06-26 00:29:41.657: [INFO] BookmarkNodeAdded, ABU: 0
2026-06-26 00:29:41.657: [INFO] BookmarkNodeAdded, ABU: 0
2026-06-26 00:29:41.658: [INFO] BookmarkNodeAdded, ABU: 0
2026-06-26 00:29:41.658: [INFO] BookmarkNodeAdded, ABU: 0
2026-06-26 00:29:41.659: [INFO] BookmarkNodeAdded, ABU: 0
2026-06-26 00:29:41.659: [INFO] BookmarkNodeAdded, ABU: 0
2026-06-26 00:29:41.659: [INFO] BookmarkNodeAdded, ABU: 0
2026-06-26 00:29:41.660: [INFO] BookmarkNodeAdded, ABU: 0
2026-06-26 00:29:41.660: [INFO] BookmarkNodeAdded, ABU: 0
2026-06-26 00:29:41.660: [INFO] BookmarkNodeAdded, ABU: 0
2026-06-26 00:29:41.661: [INFO] BookmarkNodeAdded, ABU: 0
2026-06-26 00:29:41.661: [INFO] BookmarkNodeAdded, ABU: 0
2026-06-26 00:29:41.662: [INFO] BookmarkNodeAdded, ABU: 0
2026-06-26 00:29:41.662: [INFO] BookmarkNodeAdded, ABU: 0
2026-06-26 00:29:41.663: [INFO] BookmarkNodeAdded, ABU: 0
2026-06-26 00:29:41.663: [INFO] BookmarkNodeAdded, ABU: 0
2026-06-26 00:29:41.664: [INFO] BookmarkNodeAdded, ABU: 0
2026-06-26 00:29:41.664: [INFO] BookmarkNodeAdded, ABU: 0
2026-06-26 00:29:41.664: [INFO] BookmarkNodeAdded, ABU: 0
2026-06-26 00:29:41.665: [INFO] BookmarkNodeAdded, ABU: 0
2026-06-26 00:29:41.665: [INFO] BookmarkNodeAdded, ABU: 0
2026-06-26 00:29:41.666: [INFO] BookmarkNodeAdded, ABU: 0
2026-06-26 00:29:41.666: [INFO] BookmarkNodeAdded, ABU: 0
2026-06-26 00:29:41.667: [INFO] BookmarkNodeAdded, ABU: 0
2026-06-26 00:29:41.667: [INFO] BookmarkNodeAdded, ABU: 0
2026-06-26 00:29:41.668: [INFO] BookmarkNodeAdded, ABU: 0
2026-06-26 00:29:41.668: [INFO] BookmarkNodeAdded, ABU: 0
2026-06-26 00:29:41.668: [INFO] BookmarkNodeAdded, ABU: 0
2026-06-26 00:29:41.669: [INFO] BookmarkNodeAdded, ABU: 0
2026-06-26 00:29:41.669: [INFO] BookmarkNodeAdded, ABU: 0
2026-06-26 00:29:41.670: [INFO] BookmarkNodeAdded, ABU: 0
2026-06-26 00:29:41.670: [INFO] BookmarkNodeAdded, ABU: 0
2026-06-26 00:29:41.670: [INFO] BookmarkNodeAdded, ABU: 0
2026-06-26 00:29:41.671: [INFO] BookmarkNodeAdded, ABU: 0
2026-06-26 00:29:41.671: [INFO] BookmarkNodeAdded, ABU: 0
2026-06-26 00:29:41.672: [INFO] BookmarkNodeAdded, ABU: 0
2026-06-26 00:29:41.672: [INFO] BookmarkNodeAdded, ABU: 0
2026-06-26 00:29:41.672: [INFO] BookmarkNodeAdded, ABU: 0
2026-06-26 00:29:41.673: [INFO] BookmarkNodeAdded, ABU: 0
2026-06-26 00:29:41.673: [INFO] BookmarkNodeAdded, ABU: 0
2026-06-26 00:29:41.673: [INFO] BookmarkNodeAdded, ABU: 0
2026-06-26 00:29:41.673: [INFO] BookmarkNodeAdded, ABU: 0
2026-06-26 00:29:41.674: [INFO] BookmarkNodeAdded, ABU: 0
2026-06-26 00:29:41.674: [INFO] BookmarkNodeAdded, ABU: 0
2026-06-26 00:29:41.675: [INFO] BookmarkNodeAdded, ABU: 0
2026-06-26 00:29:41.675: [INFO] BookmarkNodeAdded, ABU: 0
2026-06-26 00:29:41.676: [INFO] BookmarkNodeAdded, ABU: 0
2026-06-26 00:29:41.676: [INFO] BookmarkNodeAdded, ABU: 0
2026-06-26 00:29:41.676: [INFO] BookmarkNodeAdded, ABU: 0
2026-06-26 00:29:41.677: [INFO] BookmarkNodeAdded, ABU: 0
2026-06-26 00:29:41.678: [INFO] BookmarkNodeAdded, ABU: 0
2026-06-26 00:29:41.678: [INFO] BookmarkNodeAdded, ABU: 0
2026-06-26 00:29:41.678: [INFO] BookmarkNodeAdded, ABU: 0
2026-06-26 00:29:41.678: [INFO] BookmarkNodeAdded, ABU: 0
2026-06-26 00:29:41.679: [INFO] BookmarkNodeAdded, ABU: 0
2026-06-26 00:29:41.679: [INFO] BookmarkNodeAdded, ABU: 0
2026-06-26 00:29:41.680: [INFO] BookmarkNodeAdded, ABU: 0
2026-06-26 00:29:41.680: [INFO] BookmarkNodeAdded, ABU: 0
2026-06-26 00:29:41.681: [INFO] BookmarkNodeAdded, ABU: 0
2026-06-26 00:29:41.681: [INFO] BookmarkNodeAdded, ABU: 0
2026-06-26 00:29:41.681: [INFO] BookmarkNodeAdded, ABU: 0
2026-06-26 00:29:41.682: [INFO] BookmarkNodeAdded, ABU: 0
2026-06-26 00:29:41.682: [INFO] BookmarkNodeAdded, ABU: 0
2026-06-26 00:29:41.682: [INFO] BookmarkNodeAdded, ABU: 0
2026-06-26 00:29:41.683: [INFO] BookmarkNodeAdded, ABU: 0
2026-06-26 00:29:41.683: [INFO] BookmarkNodeAdded, ABU: 0
2026-06-26 00:29:41.683: [INFO] BookmarkNodeAdded, ABU: 0
2026-06-26 00:29:41.684: [INFO] BookmarkNodeAdded, ABU: 0
2026-06-26 00:29:41.684: [INFO] BookmarkNodeAdded, ABU: 0
2026-06-26 00:29:41.684: [INFO] BookmarkNodeAdded, ABU: 0
2026-06-26 00:29:41.685: [INFO] BookmarkNodeAdded, ABU: 0
2026-06-26 00:29:41.685: [INFO] BookmarkNodeAdded, ABU: 0
2026-06-26 00:29:41.685: [INFO] BookmarkNodeAdded, ABU: 0
2026-06-26 00:29:41.686: [INFO] BookmarkNodeAdded, ABU: 0
2026-06-26 00:29:41.686: [INFO] BookmarkNodeAdded, ABU: 0
2026-06-26 00:29:41.687: [INFO] BookmarkNodeAdded, ABU: 0
2026-06-26 00:29:41.687: [INFO] BookmarkNodeAdded, ABU: 0
2026-06-26 00:29:41.687: [INFO] BookmarkNodeAdded, ABU: 0
2026-06-26 00:29:41.688: [INFO] BookmarkNodeAdded, ABU: 0
2026-06-26 00:29:41.688: [INFO] BookmarkNodeAdded, ABU: 0
2026-06-26 00:29:41.689: [INFO] BookmarkNodeAdded, ABU: 0
2026-06-26 00:29:41.689: [INFO] BookmarkNodeAdded, ABU: 0
2026-06-26 00:29:41.689: [INFO] BookmarkNodeAdded, ABU: 0
2026-06-26 00:29:41.690: [INFO] BookmarkNodeAdded, ABU: 0
2026-06-26 00:29:41.690: [INFO] BookmarkNodeAdded, ABU: 0
2026-06-26 00:29:41.691: [INFO] BookmarkNodeAdded, ABU: 0
2026-06-26 00:29:41.691: [INFO] BookmarkNodeAdded, ABU: 0
2026-06-26 00:29:41.691: [INFO] BookmarkNodeAdded, ABU: 0
2026-06-26 00:29:41.691: [INFO] BookmarkNodeAdded, ABU: 0
2026-06-26 00:29:41.692: [INFO] BookmarkNodeAdded, ABU: 0
2026-06-26 00:29:41.692: [INFO] BookmarkNodeAdded, ABU: 0
2026-06-26 00:29:41.693: [INFO] BookmarkNodeAdded, ABU: 0
2026-06-26 00:29:41.693: [INFO] BookmarkNodeAdded, ABU: 0
2026-06-26 00:29:41.693: [INFO] BookmarkNodeAdded, ABU: 0
2026-06-26 00:29:41.693: [INFO] BookmarkNodeAdded, ABU: 0
2026-06-26 00:29:41.694: [INFO] BookmarkNodeAdded, ABU: 0
2026-06-26 00:29:41.694: [INFO] BookmarkNodeAdded, ABU: 0
2026-06-26 00:29:41.695: [INFO] BookmarkNodeAdded, ABU: 0
2026-06-26 00:29:41.695: [INFO] BookmarkNodeAdded, ABU: 0
2026-06-26 00:29:41.695: [INFO] BookmarkNodeAdded, ABU: 0
2026-06-26 00:29:41.696: [INFO] BookmarkNodeAdded, ABU: 0
2026-06-26 00:29:41.696: [INFO] BookmarkNodeAdded, ABU: 0
2026-06-26 00:29:41.697: [INFO] BookmarkNodeAdded, ABU: 0
2026-06-26 00:29:41.697: [INFO] BookmarkNodeAdded, ABU: 0
2026-06-26 00:29:41.697: [INFO] BookmarkNodeAdded, ABU: 0
2026-06-26 00:29:41.698: [INFO] BookmarkNodeAdded, ABU: 0
2026-06-26 00:29:41.698: [INFO] BookmarkNodeAdded, ABU: 0
2026-06-26 00:29:41.698: [INFO] BookmarkNodeAdded, ABU: 0
2026-06-26 00:29:41.698: [INFO] BookmarkNodeAdded, ABU: 0
2026-06-26 00:29:41.699: [INFO] BookmarkNodeAdded, ABU: 0
2026-06-26 00:29:41.699: [INFO] BookmarkNodeAdded, ABU: 0
2026-06-26 00:29:41.699: [INFO] BookmarkNodeAdded, ABU: 0
2026-06-26 00:29:41.700: [INFO] BookmarkNodeAdded, ABU: 0
2026-06-26 00:29:41.700: [INFO] BookmarkNodeAdded, ABU: 0
2026-06-26 00:29:41.700: [INFO] BookmarkNodeAdded, ABU: 0
2026-06-26 00:29:41.701: [INFO] BookmarkNodeAdded, ABU: 0
2026-06-26 00:29:41.701: [INFO] BookmarkNodeAdded, ABU: 0
2026-06-26 00:29:41.701: [INFO] BookmarkNodeAdded, ABU: 0
2026-06-26 00:29:41.701: [INFO] BookmarkNodeAdded, ABU: 0
2026-06-26 00:29:41.702: [INFO] BookmarkNodeAdded, ABU: 0
2026-06-26 00:29:41.702: [INFO] BookmarkNodeAdded, ABU: 0
2026-06-26 00:29:41.703: [INFO] BookmarkNodeAdded, ABU: 0
2026-06-26 00:29:41.703: [INFO] BookmarkNodeAdded, ABU: 0
2026-06-26 00:29:41.704: [INFO] BookmarkNodeAdded, ABU: 0
2026-06-26 00:29:41.704: [INFO] BookmarkNodeAdded, ABU: 0
2026-06-26 00:29:41.704: [INFO] BookmarkNodeAdded, ABU: 0
2026-06-26 00:29:41.705: [INFO] BookmarkNodeAdded, ABU: 0
2026-06-26 00:29:41.705: [INFO] BookmarkNodeAdded, ABU: 0
2026-06-26 00:29:41.705: [INFO] BookmarkNodeAdded, ABU: 0
2026-06-26 00:29:41.706: [INFO] BookmarkNodeAdded, ABU: 0
2026-06-26 00:29:41.706: [INFO] BookmarkNodeAdded, ABU: 0
2026-06-26 00:29:41.706: [INFO] BookmarkNodeAdded, ABU: 0
2026-06-26 00:29:41.707: [INFO] BookmarkNodeAdded, ABU: 0
2026-06-26 00:29:41.707: [INFO] BookmarkNodeAdded, ABU: 0
2026-06-26 00:29:41.708: [INFO] BookmarkNodeAdded, ABU: 0
2026-06-26 00:29:41.708: [INFO] BookmarkNodeAdded, ABU: 0
2026-06-26 00:29:41.708: [INFO] BookmarkNodeAdded, ABU: 0
2026-06-26 00:29:41.708: [INFO] BookmarkNodeAdded, ABU: 0
2026-06-26 00:29:41.709: [INFO] BookmarkNodeAdded, ABU: 0
2026-06-26 00:29:41.709: [INFO] BookmarkNodeAdded, ABU: 0
2026-06-26 00:29:41.710: [INFO] BookmarkNodeAdded, ABU: 0
2026-06-26 00:29:41.710: [INFO] BookmarkNodeAdded, ABU: 0
2026-06-26 00:29:41.710: [INFO] BookmarkNodeAdded, ABU: 0
2026-06-26 00:29:41.711: [INFO] BookmarkNodeAdded, ABU: 0
2026-06-26 00:29:41.711: [INFO] BookmarkNodeAdded, ABU: 0
2026-06-26 00:29:41.711: [INFO] BookmarkNodeAdded, ABU: 0
2026-06-26 00:29:41.712: [INFO] BookmarkNodeAdded, ABU: 0
2026-06-26 00:29:41.712: [INFO] BookmarkNodeAdded, ABU: 0
2026-06-26 00:29:41.713: [INFO] BookmarkNodeAdded, ABU: 0
2026-06-26 00:29:41.713: [INFO] BookmarkNodeAdded, ABU: 0
2026-06-26 00:29:41.713: [INFO] BookmarkNodeAdded, ABU: 0
2026-06-26 00:29:41.714: [INFO] BookmarkNodeAdded, ABU: 0
2026-06-26 00:29:41.715: [INFO] BookmarkNodeAdded, ABU: 0
2026-06-26 00:29:41.715: [INFO] BookmarkNodeAdded, ABU: 0
2026-06-26 00:29:41.716: [INFO] BookmarkNodeAdded, ABU: 0
2026-06-26 00:29:41.716: [INFO] BookmarkNodeAdded, ABU: 0
2026-06-26 00:29:41.717: [INFO] BookmarkNodeAdded, ABU: 0
2026-06-26 00:29:41.718: [INFO] BookmarkNodeAdded, ABU: 0
2026-06-26 00:29:41.718: [INFO] BookmarkNodeAdded, ABU: 0
2026-06-26 00:29:41.718: [INFO] BookmarkNodeAdded, ABU: 0
2026-06-26 00:29:41.718: [INFO] BookmarkNodeAdded, ABU: 0
2026-06-26 00:29:41.719: [INFO] BookmarkNodeAdded, ABU: 0
2026-06-26 00:29:41.720: [INFO] BookmarkNodeAdded, ABU: 0
2026-06-26 00:29:41.721: [INFO] BookmarkNodeAdded, ABU: 0
2026-06-26 00:29:41.721: [INFO] BookmarkNodeAdded, ABU: 0
2026-06-26 00:29:41.721: [INFO] BookmarkNodeAdded, ABU: 0
2026-06-26 00:29:41.722: [INFO] BookmarkNodeAdded, ABU: 0
2026-06-26 00:29:41.722: [INFO] BookmarkNodeAdded, ABU: 0
2026-06-26 00:29:41.723: [INFO] BookmarkNodeAdded, ABU: 0
2026-06-26 00:29:41.723: [INFO] BookmarkNodeAdded, ABU: 0
2026-06-26 00:29:41.724: [INFO] BookmarkNodeAdded, ABU: 0
2026-06-26 00:29:41.725: [INFO] BookmarkNodeAdded, ABU: 0
2026-06-26 00:29:41.725: [INFO] BookmarkNodeAdded, ABU: 0
2026-06-26 00:29:41.726: [INFO] BookmarkNodeAdded, ABU: 0
2026-06-26 00:29:41.727: [INFO] BookmarkNodeAdded, ABU: 0
2026-06-26 00:29:41.728: [INFO] BookmarkNodeAdded, ABU: 0
2026-06-26 00:29:41.728: [INFO] BookmarkNodeAdded, ABU: 0
2026-06-26 00:29:41.729: [INFO] BookmarkNodeAdded, ABU: 0
2026-06-26 00:29:41.730: [INFO] BookmarkNodeAdded, ABU: 0
2026-06-26 00:29:41.731: [INFO] BookmarkNodeAdded, ABU: 0
2026-06-26 00:29:41.732: [INFO] BookmarkNodeAdded, ABU: 0
2026-06-26 00:29:41.732: [INFO] BookmarkNodeAdded, ABU: 0
2026-06-26 00:29:41.733: [INFO] BookmarkNodeAdded, ABU: 0
2026-06-26 00:29:41.735: [INFO] BookmarkNodeAdded, ABU: 0
2026-06-26 00:29:41.736: [INFO] BookmarkNodeAdded, ABU: 0
2026-06-26 00:29:41.736: [INFO] BookmarkNodeAdded, ABU: 0
2026-06-26 00:29:41.737: [INFO] BookmarkNodeAdded, ABU: 0
2026-06-26 00:29:41.737: [INFO] BookmarkNodeAdded, ABU: 0
2026-06-26 00:29:41.737: [INFO] BookmarkNodeAdded, ABU: 0
2026-06-26 00:29:41.738: [INFO] BookmarkNodeAdded, ABU: 0
2026-06-26 00:29:41.738: [INFO] BookmarkNodeAdded, ABU: 0
2026-06-26 00:29:41.738: [INFO] BookmarkNodeAdded, ABU: 0
2026-06-26 00:29:41.739: [INFO] BookmarkNodeAdded, ABU: 0
2026-06-26 00:29:41.739: [INFO] BookmarkNodeAdded, ABU: 0
2026-06-26 00:29:41.739: [INFO] BookmarkNodeAdded, ABU: 0
2026-06-26 00:29:41.740: [INFO] BookmarkNodeAdded, ABU: 0
2026-06-26 00:29:41.740: [INFO] BookmarkNodeAdded, ABU: 0
2026-06-26 00:29:41.741: [INFO] BookmarkNodeAdded, ABU: 0
2026-06-26 00:29:41.742: [INFO] BookmarkNodeAdded, ABU: 0
2026-06-26 00:29:41.742: [INFO] BookmarkNodeAdded, ABU: 0
2026-06-26 00:29:41.742: [INFO] BookmarkNodeAdded, ABU: 0
2026-06-26 00:29:41.743: [INFO] BookmarkNodeAdded, ABU: 0
2026-06-26 00:29:41.743: [INFO] BookmarkNodeAdded, ABU: 0
2026-06-26 00:29:41.744: [INFO] BookmarkNodeAdded, ABU: 0
2026-06-26 00:29:41.744: [INFO] BookmarkNodeAdded, ABU: 0
2026-06-26 00:29:41.744: [INFO] BookmarkNodeAdded, ABU: 0
2026-06-26 00:29:41.745: [INFO] BookmarkNodeAdded, ABU: 0
2026-06-26 00:29:41.745: [INFO] BookmarkNodeAdded, ABU: 0
2026-06-26 00:29:41.746: [INFO] BookmarkNodeAdded, ABU: 0
2026-06-26 00:29:41.746: [INFO] BookmarkNodeAdded, ABU: 0
2026-06-26 00:29:41.746: [INFO] BookmarkNodeAdded, ABU: 0
2026-06-26 00:29:41.747: [INFO] BookmarkNodeAdded, ABU: 0
2026-06-26 00:29:41.747: [INFO] BookmarkNodeAdded, ABU: 0
2026-06-26 00:29:41.747: [INFO] BookmarkNodeAdded, ABU: 0
2026-06-26 00:29:41.748: [INFO] BookmarkNodeAdded, ABU: 0
2026-06-26 00:29:41.748: [INFO] BookmarkNodeAdded, ABU: 0
2026-06-26 00:29:41.748: [INFO] BookmarkNodeAdded, ABU: 0
2026-06-26 00:29:41.749: [INFO] BookmarkNodeAdded, ABU: 0
2026-06-26 00:29:41.749: [INFO] BookmarkNodeAdded, ABU: 0
2026-06-26 00:29:41.750: [INFO] BookmarkNodeAdded, ABU: 0
2026-06-26 00:29:41.750: [INFO] BookmarkNodeAdded, ABU: 0
2026-06-26 00:29:41.750: [INFO] BookmarkNodeAdded, ABU: 0
2026-06-26 00:29:41.751: [INFO] BookmarkNodeAdded, ABU: 0
2026-06-26 00:29:41.751: [INFO] BookmarkNodeAdded, ABU: 0
2026-06-26 00:29:41.751: [INFO] BookmarkNodeAdded, ABU: 0
2026-06-26 00:29:41.752: [INFO] BookmarkNodeAdded, ABU: 0
2026-06-26 00:29:41.752: [INFO] BookmarkNodeAdded, ABU: 0
2026-06-26 00:29:41.752: [INFO] BookmarkNodeAdded, ABU: 0
2026-06-26 00:29:41.753: [INFO] BookmarkNodeAdded, ABU: 0
2026-06-26 00:29:41.753: [INFO] BookmarkNodeAdded, ABU: 0
2026-06-26 00:29:41.753: [INFO] BookmarkNodeAdded, ABU: 0
2026-06-26 00:29:41.754: [INFO] BookmarkNodeAdded, ABU: 0
2026-06-26 00:29:41.754: [INFO] BookmarkNodeAdded, ABU: 0
2026-06-26 00:29:41.754: [INFO] BookmarkNodeAdded, ABU: 0
2026-06-26 00:29:41.755: [INFO] BookmarkNodeAdded, ABU: 0
2026-06-26 00:29:41.755: [INFO] BookmarkNodeAdded, ABU: 0
2026-06-26 00:29:41.755: [INFO] BookmarkNodeAdded, ABU: 0
2026-06-26 00:29:41.755: [INFO] BookmarkNodeAdded, ABU: 0
2026-06-26 00:29:41.756: [INFO] BookmarkNodeAdded, ABU: 0
2026-06-26 00:29:41.756: [INFO] BookmarkNodeAdded, ABU: 0
2026-06-26 00:29:41.757: [INFO] BookmarkNodeAdded, ABU: 0
2026-06-26 00:29:41.758: [INFO] BookmarkNodeAdded, ABU: 0
2026-06-26 00:29:41.758: [INFO] BookmarkNodeAdded, ABU: 0
2026-06-26 00:29:41.759: [INFO] BookmarkNodeAdded, ABU: 0
2026-06-26 00:29:41.759: [INFO] BookmarkNodeAdded, ABU: 0
2026-06-26 00:29:41.759: [INFO] BookmarkNodeAdded, ABU: 0
2026-06-26 00:29:41.760: [INFO] BookmarkNodeAdded, ABU: 0
2026-06-26 00:29:41.760: [INFO] BookmarkNodeAdded, ABU: 0
2026-06-26 00:29:41.761: [INFO] BookmarkNodeAdded, ABU: 0
2026-06-26 00:29:41.762: [INFO] BookmarkNodeAdded, ABU: 0
2026-06-26 00:29:41.762: [INFO] BookmarkNodeAdded, ABU: 0
2026-06-26 00:29:41.762: [INFO] BookmarkNodeAdded, ABU: 0
2026-06-26 00:29:41.762: [INFO] BookmarkNodeAdded, ABU: 0
2026-06-26 00:29:41.763: [INFO] BookmarkNodeAdded, ABU: 0
2026-06-26 00:29:41.763: [INFO] BookmarkNodeAdded, ABU: 0
2026-06-26 00:29:41.764: [INFO] BookmarkNodeAdded, ABU: 0
2026-06-26 00:29:41.764: [INFO] BookmarkNodeAdded, ABU: 0
2026-06-26 00:29:41.765: [INFO] BookmarkNodeAdded, ABU: 0
2026-06-26 00:29:41.765: [INFO] BookmarkNodeAdded, ABU: 0
2026-06-26 00:29:41.766: [INFO] BookmarkNodeAdded, ABU: 0
2026-06-26 00:29:41.766: [INFO] BookmarkNodeAdded, ABU: 0
2026-06-26 00:29:41.766: [INFO] BookmarkNodeAdded, ABU: 0
2026-06-26 00:29:41.766: [INFO] BookmarkNodeAdded, ABU: 0
2026-06-26 00:29:41.767: [INFO] BookmarkNodeAdded, ABU: 0
2026-06-26 00:29:41.767: [INFO] BookmarkNodeAdded, ABU: 0
2026-06-26 00:29:41.767: [INFO] BookmarkNodeAdded, ABU: 0
2026-06-26 00:29:41.768: [INFO] BookmarkNodeAdded, ABU: 0
2026-06-26 00:29:41.768: [INFO] BookmarkNodeAdded, ABU: 0
2026-06-26 00:29:41.769: [INFO] BookmarkNodeAdded, ABU: 0
2026-06-26 00:29:41.769: [INFO] BookmarkNodeAdded, ABU: 0
2026-06-26 00:29:41.770: [INFO] BookmarkNodeAdded, ABU: 0
2026-06-26 00:29:41.770: [INFO] BookmarkNodeAdded, ABU: 0
2026-06-26 00:29:41.770: [INFO] BookmarkNodeAdded, ABU: 0
2026-06-26 00:29:41.771: [INFO] BookmarkNodeAdded, ABU: 0
2026-06-26 00:29:41.771: [INFO] BookmarkNodeAdded, ABU: 0
2026-06-26 00:29:41.771: [INFO] BookmarkNodeAdded, ABU: 0
2026-06-26 00:29:41.772: [INFO] BookmarkNodeAdded, ABU: 0
2026-06-26 00:29:41.772: [INFO] BookmarkNodeAdded, ABU: 0
2026-06-26 00:29:41.773: [INFO] BookmarkNodeAdded, ABU: 0
2026-06-26 00:29:41.773: [INFO] BookmarkNodeAdded, ABU: 0
2026-06-26 00:29:41.773: [INFO] BookmarkNodeAdded, ABU: 0
2026-06-26 00:29:41.774: [INFO] BookmarkNodeAdded, ABU: 0
2026-06-26 00:29:41.774: [INFO] BookmarkNodeAdded, ABU: 0
2026-06-26 00:29:41.775: [INFO] BookmarkNodeAdded, ABU: 0
2026-06-26 00:29:41.775: [INFO] BookmarkNodeAdded, ABU: 0
2026-06-26 00:29:41.775: [INFO] BookmarkNodeAdded, ABU: 0
2026-06-26 00:29:41.776: [INFO] BookmarkNodeAdded, ABU: 0
2026-06-26 00:29:41.776: [INFO] BookmarkNodeAdded, ABU: 0
2026-06-26 00:29:41.777: [INFO] BookmarkNodeAdded, ABU: 0
2026-06-26 00:29:41.777: [INFO] BookmarkNodeAdded, ABU: 0
2026-06-26 00:29:41.777: [INFO] BookmarkNodeAdded, ABU: 0
2026-06-26 00:29:41.778: [INFO] BookmarkNodeAdded, ABU: 0
2026-06-26 00:29:41.778: [INFO] BookmarkNodeAdded, ABU: 0
2026-06-26 00:29:41.779: [INFO] BookmarkNodeAdded, ABU: 0
2026-06-26 00:29:41.779: [INFO] BookmarkNodeAdded, ABU: 0
2026-06-26 00:29:41.780: [INFO] BookmarkNodeAdded, ABU: 0
2026-06-26 00:29:41.780: [INFO] BookmarkNodeAdded, ABU: 0
2026-06-26 00:29:41.781: [INFO] BookmarkNodeAdded, ABU: 0
2026-06-26 00:29:41.781: [INFO] BookmarkNodeAdded, ABU: 0
2026-06-26 00:29:41.782: [INFO] BookmarkNodeAdded, ABU: 0
2026-06-26 00:29:41.782: [INFO] BookmarkNodeAdded, ABU: 0
2026-06-26 00:29:41.783: [INFO] BookmarkNodeAdded, ABU: 0
2026-06-26 00:29:41.783: [INFO] BookmarkNodeAdded, ABU: 0
2026-06-26 00:29:41.784: [INFO] BookmarkNodeAdded, ABU: 0
2026-06-26 00:29:41.784: [INFO] BookmarkNodeAdded, ABU: 0
2026-06-26 00:29:41.784: [INFO] BookmarkNodeAdded, ABU: 0
2026-06-26 00:29:41.785: [INFO] BookmarkNodeAdded, ABU: 0
2026-06-26 00:29:41.785: [INFO] BookmarkNodeAdded, ABU: 0
2026-06-26 00:29:41.786: [INFO] BookmarkNodeAdded, ABU: 0
2026-06-26 00:29:41.786: [INFO] BookmarkNodeAdded, ABU: 0
2026-06-26 00:29:41.787: [INFO] BookmarkNodeAdded, ABU: 0
2026-06-26 00:29:41.787: [INFO] BookmarkNodeAdded, ABU: 0
2026-06-26 00:29:41.788: [INFO] BookmarkNodeAdded, ABU: 0
2026-06-26 00:29:41.788: [INFO] BookmarkNodeAdded, ABU: 0
2026-06-26 00:29:41.789: [INFO] BookmarkNodeAdded, ABU: 0
2026-06-26 00:29:41.789: [INFO] BookmarkNodeAdded, ABU: 0
2026-06-26 00:29:41.789: [INFO] BookmarkNodeAdded, ABU: 0
2026-06-26 00:29:41.790: [INFO] BookmarkNodeAdded, ABU: 0
2026-06-26 00:29:41.790: [INFO] BookmarkNodeAdded, ABU: 0
2026-06-26 00:29:41.791: [INFO] BookmarkNodeAdded, ABU: 0
2026-06-26 00:29:41.792: [INFO] BookmarkNodeAdded, ABU: 0
2026-06-26 00:29:41.792: [INFO] BookmarkNodeAdded, ABU: 0
2026-06-26 00:29:41.793: [INFO] BookmarkNodeAdded, ABU: 0
2026-06-26 00:29:41.793: [INFO] BookmarkNodeAdded, ABU: 0
2026-06-26 00:29:41.794: [INFO] BookmarkNodeAdded, ABU: 0
2026-06-26 00:29:41.794: [INFO] BookmarkNodeAdded, ABU: 0
2026-06-26 00:29:41.795: [INFO] BookmarkNodeAdded, ABU: 0
2026-06-26 00:29:41.795: [INFO] BookmarkNodeAdded, ABU: 0
2026-06-26 00:29:41.796: [INFO] BookmarkNodeAdded, ABU: 0
2026-06-26 00:29:41.796: [INFO] BookmarkNodeAdded, ABU: 0
2026-06-26 00:29:41.796: [INFO] BookmarkNodeAdded, ABU: 0
2026-06-26 00:29:41.797: [INFO] BookmarkNodeAdded, ABU: 0
2026-06-26 00:29:41.797: [INFO] BookmarkNodeAdded, ABU: 0
2026-06-26 00:29:41.797: [INFO] BookmarkNodeAdded, ABU: 0
2026-06-26 00:29:41.798: [INFO] BookmarkNodeAdded, ABU: 0
2026-06-26 00:29:41.798: [INFO] BookmarkNodeAdded, ABU: 0
2026-06-26 00:29:41.798: [INFO] BookmarkNodeAdded, ABU: 0
2026-06-26 00:29:41.799: [INFO] BookmarkNodeAdded, ABU: 0
2026-06-26 00:29:41.799: [INFO] BookmarkNodeAdded, ABU: 0
2026-06-26 00:29:41.800: [INFO] BookmarkNodeAdded, ABU: 0
2026-06-26 00:29:41.800: [INFO] BookmarkNodeAdded, ABU: 0
2026-06-26 00:29:41.800: [INFO] BookmarkNodeAdded, ABU: 0
2026-06-26 00:29:41.800: [INFO] BookmarkNodeAdded, ABU: 0
2026-06-26 00:29:41.801: [INFO] BookmarkNodeAdded, ABU: 0
2026-06-26 00:29:41.801: [INFO] BookmarkNodeAdded, ABU: 0
2026-06-26 00:29:41.801: [INFO] BookmarkNodeAdded, ABU: 0
2026-06-26 00:29:41.802: [INFO] BookmarkNodeAdded, ABU: 0
2026-06-26 00:29:41.802: [INFO] BookmarkNodeAdded, ABU: 0
2026-06-26 00:29:41.802: [INFO] BookmarkNodeAdded, ABU: 0
2026-06-26 00:29:41.803: [INFO] BookmarkNodeAdded, ABU: 0
2026-06-26 00:29:41.803: [INFO] BookmarkNodeAdded, ABU: 0
2026-06-26 00:29:41.804: [INFO] BookmarkNodeAdded, ABU: 0
2026-06-26 00:29:41.804: [INFO] BookmarkNodeAdded, ABU: 0
2026-06-26 00:29:41.805: [INFO] BookmarkNodeAdded, ABU: 0
2026-06-26 00:29:41.805: [INFO] BookmarkNodeAdded, ABU: 0
2026-06-26 00:29:41.805: [INFO] BookmarkNodeAdded, ABU: 0
2026-06-26 00:29:41.806: [INFO] BookmarkNodeAdded, ABU: 0
2026-06-26 00:29:41.806: [INFO] BookmarkNodeAdded, ABU: 0
2026-06-26 00:29:41.807: [INFO] BookmarkNodeAdded, ABU: 0
2026-06-26 00:29:41.807: [INFO] BookmarkNodeAdded, ABU: 0
2026-06-26 00:29:41.807: [INFO] BookmarkNodeAdded, ABU: 0
2026-06-26 00:29:41.808: [INFO] BookmarkNodeAdded, ABU: 0
2026-06-26 00:29:41.808: [INFO] BookmarkNodeAdded, ABU: 0
2026-06-26 00:29:41.809: [INFO] BookmarkNodeAdded, ABU: 0
2026-06-26 00:29:41.809: [INFO] BookmarkNodeAdded, ABU: 0
2026-06-26 00:29:41.810: [INFO] BookmarkNodeAdded, ABU: 0
2026-06-26 00:29:41.810: [INFO] BookmarkNodeAdded, ABU: 0
2026-06-26 00:29:41.811: [INFO] BookmarkNodeAdded, ABU: 0
2026-06-26 00:29:41.811: [INFO] BookmarkNodeAdded, ABU: 0
2026-06-26 00:29:41.812: [INFO] BookmarkNodeAdded, ABU: 0
2026-06-26 00:29:41.812: [INFO] BookmarkNodeAdded, ABU: 0
2026-06-26 00:29:41.812: [INFO] BookmarkNodeAdded, ABU: 0
2026-06-26 00:29:41.813: [INFO] BookmarkNodeAdded, ABU: 0
2026-06-26 00:29:41.813: [INFO] BookmarkNodeAdded, ABU: 0
2026-06-26 00:29:41.814: [INFO] BookmarkNodeAdded, ABU: 0
2026-06-26 00:29:41.814: [INFO] BookmarkNodeAdded, ABU: 0
2026-06-26 00:29:41.814: [INFO] BookmarkNodeAdded, ABU: 0
2026-06-26 00:29:41.815: [INFO] BookmarkNodeAdded, ABU: 0
2026-06-26 00:29:41.815: [INFO] BookmarkNodeAdded, ABU: 0
2026-06-26 00:29:41.815: [INFO] BookmarkNodeAdded, ABU: 0
2026-06-26 00:29:41.815: [INFO] BookmarkNodeAdded, ABU: 0
2026-06-26 00:29:41.816: [INFO] BookmarkNodeAdded, ABU: 0
2026-06-26 00:29:41.816: [INFO] BookmarkNodeAdded, ABU: 0
2026-06-26 00:29:41.816: [INFO] BookmarkNodeAdded, ABU: 0
2026-06-26 00:29:41.816: [INFO] BookmarkNodeAdded, ABU: 0
2026-06-26 00:29:41.817: [INFO] BookmarkNodeAdded, ABU: 0
2026-06-26 00:29:41.817: [INFO] BookmarkNodeAdded, ABU: 0
2026-06-26 00:29:41.817: [INFO] BookmarkNodeAdded, ABU: 0
2026-06-26 00:29:41.817: [INFO] BookmarkNodeAdded, ABU: 0
2026-06-26 00:29:41.817: [INFO] BookmarkNodeAdded, ABU: 0
2026-06-26 00:29:41.818: [INFO] BookmarkNodeAdded, ABU: 0
2026-06-26 00:29:41.818: [INFO] BookmarkNodeAdded, ABU: 0
2026-06-26 00:29:41.818: [INFO] BookmarkNodeAdded, ABU: 0
2026-06-26 00:29:41.818: [INFO] BookmarkNodeAdded, ABU: 0
2026-06-26 00:29:41.819: [INFO] BookmarkNodeAdded, ABU: 0
2026-06-26 00:29:41.820: [INFO] BookmarkNodeAdded, ABU: 0
2026-06-26 00:29:41.820: [INFO] BookmarkNodeAdded, ABU: 0
2026-06-26 00:29:41.820: [INFO] BookmarkNodeAdded, ABU: 0
2026-06-26 00:29:41.821: [INFO] BookmarkNodeAdded, ABU: 0
2026-06-26 00:29:41.821: [INFO] BookmarkNodeAdded, ABU: 0
2026-06-26 00:29:41.821: [INFO] BookmarkNodeAdded, ABU: 0
2026-06-26 00:29:41.822: [INFO] BookmarkNodeAdded, ABU: 0
2026-06-26 00:29:41.822: [INFO] BookmarkNodeAdded, ABU: 0
2026-06-26 00:29:41.823: [INFO] BookmarkNodeAdded, ABU: 0
2026-06-26 00:29:41.823: [INFO] BookmarkNodeAdded, ABU: 0
2026-06-26 00:29:41.824: [INFO] BookmarkNodeAdded, ABU: 0
2026-06-26 00:29:41.824: [INFO] BookmarkNodeAdded, ABU: 0
2026-06-26 00:29:41.825: [INFO] BookmarkNodeAdded, ABU: 0
2026-06-26 00:29:41.825: [INFO] BookmarkNodeAdded, ABU: 0
2026-06-26 00:29:41.826: [INFO] BookmarkNodeAdded, ABU: 0
2026-06-26 00:29:41.827: [INFO] BookmarkNodeAdded, ABU: 0
2026-06-26 00:29:41.827: [INFO] BookmarkNodeAdded, ABU: 0
2026-06-26 00:29:41.827: [INFO] BookmarkNodeAdded, ABU: 0
2026-06-26 00:29:41.828: [INFO] BookmarkNodeAdded, ABU: 0
2026-06-26 00:29:41.828: [INFO] BookmarkNodeAdded, ABU: 0
2026-06-26 00:29:41.829: [INFO] BookmarkNodeAdded, ABU: 0
2026-06-26 00:29:41.829: [INFO] BookmarkNodeAdded, ABU: 0
2026-06-26 00:29:41.829: [INFO] BookmarkNodeAdded, ABU: 0
2026-06-26 00:29:41.830: [INFO] BookmarkNodeAdded, ABU: 0
2026-06-26 00:29:41.830: [INFO] BookmarkNodeAdded, ABU: 0
2026-06-26 00:29:41.830: [INFO] BookmarkNodeAdded, ABU: 0
2026-06-26 00:29:41.831: [INFO] BookmarkNodeAdded, ABU: 0
2026-06-26 00:29:41.831: [INFO] BookmarkNodeAdded, ABU: 0
2026-06-26 00:29:41.832: [INFO] BookmarkNodeAdded, ABU: 0
2026-06-26 00:29:41.832: [INFO] BookmarkNodeAdded, ABU: 0
2026-06-26 00:29:41.832: [INFO] BookmarkNodeAdded, ABU: 0
2026-06-26 00:29:41.833: [INFO] BookmarkNodeAdded, ABU: 0
2026-06-26 00:29:41.833: [INFO] BookmarkNodeAdded, ABU: 0
2026-06-26 00:29:41.834: [INFO] BookmarkNodeAdded, ABU: 0
2026-06-26 00:29:41.834: [INFO] BookmarkNodeAdded, ABU: 0
2026-06-26 00:29:41.835: [INFO] BookmarkNodeAdded, ABU: 0
2026-06-26 00:29:41.835: [INFO] BookmarkNodeAdded, ABU: 0
2026-06-26 00:29:41.836: [INFO] BookmarkNodeAdded, ABU: 0
2026-06-26 00:29:41.837: [INFO] BookmarkNodeAdded, ABU: 0
2026-06-26 00:29:41.837: [INFO] BookmarkNodeAdded, ABU: 0
2026-06-26 00:29:41.838: [INFO] BookmarkNodeAdded, ABU: 0
2026-06-26 00:29:41.839: [INFO] BookmarkNodeAdded, ABU: 0
2026-06-26 00:29:41.839: [INFO] BookmarkNodeAdded, ABU: 0
2026-06-26 00:29:41.839: [INFO] BookmarkNodeAdded, ABU: 0
2026-06-26 00:29:41.840: [INFO] BookmarkNodeAdded, ABU: 0
2026-06-26 00:29:41.840: [INFO] BookmarkNodeAdded, ABU: 0
2026-06-26 00:29:41.840: [INFO] BookmarkNodeAdded, ABU: 0
2026-06-26 00:29:41.841: [INFO] BookmarkNodeAdded, ABU: 0
2026-06-26 00:29:41.841: [INFO] BookmarkNodeAdded, ABU: 0
2026-06-26 00:29:41.841: [INFO] BookmarkNodeAdded, ABU: 0
2026-06-26 00:29:41.842: [INFO] BookmarkNodeAdded, ABU: 0
2026-06-26 00:29:41.842: [INFO] BookmarkNodeAdded, ABU: 0
2026-06-26 00:29:41.843: [INFO] BookmarkNodeAdded, ABU: 0
2026-06-26 00:29:41.843: [INFO] BookmarkNodeAdded, ABU: 0
2026-06-26 00:29:41.843: [INFO] BookmarkNodeAdded, ABU: 0
2026-06-26 00:29:41.844: [INFO] BookmarkNodeAdded, ABU: 0
2026-06-26 00:29:41.844: [INFO] BookmarkNodeAdded, ABU: 0
2026-06-26 00:29:41.844: [INFO] BookmarkNodeAdded, ABU: 0
2026-06-26 00:29:41.845: [INFO] BookmarkNodeAdded, ABU: 0
2026-06-26 00:29:41.845: [INFO] BookmarkNodeAdded, ABU: 0
2026-06-26 00:29:41.845: [INFO] BookmarkNodeAdded, ABU: 0
2026-06-26 00:29:41.846: [INFO] BookmarkNodeAdded, ABU: 0
2026-06-26 00:29:41.846: [INFO] BookmarkNodeAdded, ABU: 0
2026-06-26 00:29:41.846: [INFO] BookmarkNodeAdded, ABU: 0
2026-06-26 00:29:41.847: [INFO] BookmarkNodeAdded, ABU: 0
2026-06-26 00:29:41.847: [INFO] BookmarkNodeAdded, ABU: 0
2026-06-26 00:29:41.847: [INFO] BookmarkNodeAdded, ABU: 0
2026-06-26 00:29:41.847: [INFO] BookmarkNodeAdded, ABU: 0
2026-06-26 00:29:41.848: [INFO] BookmarkNodeAdded, ABU: 0
2026-06-26 00:29:41.848: [INFO] BookmarkNodeAdded, ABU: 0
2026-06-26 00:29:41.848: [INFO] BookmarkNodeAdded, ABU: 0
2026-06-26 00:29:41.848: [INFO] BookmarkNodeAdded, ABU: 0
2026-06-26 00:29:41.849: [INFO] BookmarkNodeAdded, ABU: 0
2026-06-26 00:29:41.849: [INFO] BookmarkNodeAdded, ABU: 0
2026-06-26 00:29:41.850: [INFO] BookmarkNodeAdded, ABU: 0
2026-06-26 00:29:41.850: [INFO] BookmarkNodeAdded, ABU: 0
2026-06-26 00:29:41.851: [INFO] BookmarkNodeAdded, ABU: 0
2026-06-26 00:29:41.851: [INFO] BookmarkNodeAdded, ABU: 0
2026-06-26 00:29:41.851: [INFO] BookmarkNodeAdded, ABU: 0
2026-06-26 00:29:41.852: [INFO] BookmarkNodeAdded, ABU: 0
2026-06-26 00:29:41.852: [INFO] BookmarkNodeAdded, ABU: 0
2026-06-26 00:29:41.852: [INFO] BookmarkNodeAdded, ABU: 0
2026-06-26 00:29:41.852: [INFO] BookmarkNodeAdded, ABU: 0
2026-06-26 00:29:41.853: [INFO] BookmarkNodeAdded, ABU: 0
2026-06-26 00:29:41.853: [INFO] BookmarkNodeAdded, ABU: 0
2026-06-26 00:29:41.853: [INFO] BookmarkNodeAdded, ABU: 0
2026-06-26 00:29:41.854: [INFO] BookmarkNodeAdded, ABU: 0
2026-06-26 00:29:41.854: [INFO] BookmarkNodeAdded, ABU: 0
2026-06-26 00:29:41.855: [INFO] BookmarkNodeAdded, ABU: 0
2026-06-26 00:29:41.855: [INFO] BookmarkNodeAdded, ABU: 0
2026-06-26 00:29:41.856: [INFO] BookmarkNodeAdded, ABU: 0
2026-06-26 00:29:41.856: [INFO] BookmarkNodeAdded, ABU: 0
2026-06-26 00:29:41.856: [INFO] BookmarkNodeAdded, ABU: 0
2026-06-26 00:29:41.857: [INFO] BookmarkNodeAdded, ABU: 0
2026-06-26 00:29:41.857: [INFO] BookmarkNodeAdded, ABU: 0
2026-06-26 00:29:41.857: [INFO] BookmarkNodeAdded, ABU: 0
2026-06-26 00:29:41.858: [INFO] BookmarkNodeAdded, ABU: 0
2026-06-26 00:29:41.858: [INFO] BookmarkNodeAdded, ABU: 0
2026-06-26 00:29:41.858: [INFO] BookmarkNodeAdded, ABU: 0
2026-06-26 00:29:41.858: [INFO] BookmarkNodeAdded, ABU: 0
2026-06-26 00:29:41.859: [INFO] BookmarkNodeAdded, ABU: 0
2026-06-26 00:29:41.859: [INFO] BookmarkNodeAdded, ABU: 0
2026-06-26 00:29:41.859: [INFO] BookmarkNodeAdded, ABU: 0
2026-06-26 00:29:41.860: [INFO] BookmarkNodeAdded, ABU: 0
2026-06-26 00:29:41.860: [INFO] BookmarkNodeAdded, ABU: 0
2026-06-26 00:29:41.861: [INFO] BookmarkNodeAdded, ABU: 0
2026-06-26 00:29:41.861: [INFO] BookmarkNodeAdded, ABU: 0
2026-06-26 00:29:41.861: [INFO] BookmarkNodeAdded, ABU: 0
2026-06-26 00:29:41.862: [INFO] BookmarkNodeAdded, ABU: 0
2026-06-26 00:29:41.862: [INFO] BookmarkNodeAdded, ABU: 0
2026-06-26 00:29:41.863: [INFO] BookmarkNodeAdded, ABU: 0
2026-06-26 00:29:41.863: [INFO] BookmarkNodeAdded, ABU: 0
2026-06-26 00:29:41.863: [INFO] BookmarkNodeAdded, ABU: 0
2026-06-26 00:29:41.864: [INFO] BookmarkNodeAdded, ABU: 0
2026-06-26 00:29:41.864: [INFO] BookmarkNodeAdded, ABU: 0
2026-06-26 00:29:41.865: [INFO] BookmarkNodeAdded, ABU: 0
2026-06-26 00:29:41.865: [INFO] BookmarkNodeAdded, ABU: 0
2026-06-26 00:29:41.865: [INFO] BookmarkNodeAdded, ABU: 0
2026-06-26 00:29:41.866: [INFO] BookmarkNodeAdded, ABU: 0
2026-06-26 00:29:41.866: [INFO] BookmarkNodeAdded, ABU: 0
2026-06-26 00:29:41.867: [INFO] BookmarkNodeAdded, ABU: 0
2026-06-26 00:29:41.867: [INFO] BookmarkNodeAdded, ABU: 0
2026-06-26 00:29:41.868: [INFO] BookmarkNodeAdded, ABU: 0
2026-06-26 00:29:41.868: [INFO] BookmarkNodeAdded, ABU: 0
2026-06-26 00:29:41.868: [INFO] BookmarkNodeAdded, ABU: 0
2026-06-26 00:29:41.869: [INFO] BookmarkNodeAdded, ABU: 0
2026-06-26 00:29:41.869: [INFO] BookmarkNodeAdded, ABU: 0
2026-06-26 00:29:41.870: [INFO] BookmarkNodeAdded, ABU: 0
2026-06-26 00:29:41.870: [INFO] BookmarkNodeAdded, ABU: 0
2026-06-26 00:29:41.870: [INFO] BookmarkNodeAdded, ABU: 0
2026-06-26 00:29:41.871: [INFO] BookmarkNodeAdded, ABU: 0
2026-06-26 00:29:41.871: [INFO] BookmarkNodeAdded, ABU: 0
2026-06-26 00:29:41.872: [INFO] BookmarkNodeAdded, ABU: 0
2026-06-26 00:29:41.872: [INFO] BookmarkNodeAdded, ABU: 0
2026-06-26 00:29:41.872: [INFO] BookmarkNodeAdded, ABU: 0
2026-06-26 00:29:41.873: [INFO] BookmarkNodeAdded, ABU: 0
2026-06-26 00:29:41.873: [INFO] BookmarkNodeAdded, ABU: 0
2026-06-26 00:29:41.874: [INFO] BookmarkNodeAdded, ABU: 0
2026-06-26 00:29:41.874: [INFO] BookmarkNodeAdded, ABU: 0
2026-06-26 00:29:41.874: [INFO] BookmarkNodeAdded, ABU: 0
2026-06-26 00:29:41.874: [INFO] BookmarkNodeAdded, ABU: 0
2026-06-26 00:29:41.875: [INFO] BookmarkNodeAdded, ABU: 0
2026-06-26 00:29:41.875: [INFO] BookmarkNodeAdded, ABU: 0
2026-06-26 00:29:41.875: [INFO] BookmarkNodeAdded, ABU: 0
2026-06-26 00:29:41.876: [INFO] BookmarkNodeAdded, ABU: 0
2026-06-26 00:29:41.876: [INFO] BookmarkNodeAdded, ABU: 0
2026-06-26 00:29:46.442: [INFO] Sync initialization duration: 10841ms
